Component: ARM Compiler 5.06 update 7 (build 960) Tool: armlink [4d3601]

==============================================================================

Section Cross References

    main.o(i.UART4_IRQHandler) refers to ch32f20x_usart.o(i.USART_GetITStatus) for USART_GetITStatus
    main.o(i.UART4_IRQHandler) refers to ch32f20x_usart.o(i.USART_ReceiveData) for USART_ReceiveData
    main.o(i.UART4_IRQHandler) refers to main.o(.bss) for uart4_storage
    main.o(i.UART4_IRQHandler) refers to main.o(.data) for indexes
    main.o(i.decode_frame) refers to _printf_percent.o(.ARM.Collect$$_printf_percent$$00000000) for _printf_percent
    main.o(i.decode_frame) refers to _printf_s.o(.ARM.Collect$$_printf_percent$$00000014) for _printf_s
    main.o(i.decode_frame) refers to _printf_str.o(.text) for _printf_str
    main.o(i.decode_frame) refers to _printf_pad.o(.text) for _printf_pre_padding
    main.o(i.decode_frame) refers to _printf_x.o(.ARM.Collect$$_printf_percent$$0000000C) for _printf_x
    main.o(i.decode_frame) refers to _printf_hex_int.o(.text) for _printf_longlong_hex
    main.o(i.decode_frame) refers to rt_memcpy_v6.o(.text) for __aeabi_memcpy
    main.o(i.decode_frame) refers to noretval__2printf.o(.text) for __2printf
    main.o(i.decode_frame) refers to main.o(i.parse_hex_report) for parse_hex_report
    main.o(i.main) refers to _printf_percent.o(.ARM.Collect$$_printf_percent$$00000000) for _printf_percent
    main.o(i.main) refers to _printf_d.o(.ARM.Collect$$_printf_percent$$00000009) for _printf_d
    main.o(i.main) refers to _printf_dec.o(.text) for _printf_int_dec
    main.o(i.main) refers to _printf_s.o(.ARM.Collect$$_printf_percent$$00000014) for _printf_s
    main.o(i.main) refers to _printf_str.o(.text) for _printf_str
    main.o(i.main) refers to _printf_pad.o(.text) for _printf_pre_padding
    main.o(i.main) refers to _printf_x.o(.ARM.Collect$$_printf_percent$$0000000C) for _printf_x
    main.o(i.main) refers to _printf_hex_int.o(.text) for _printf_longlong_hex
    main.o(i.main) refers to ch32f20x_rcc.o(i.RCC_APB2PeriphClockCmd) for RCC_APB2PeriphClockCmd
    main.o(i.main) refers to ch32f20x_gpio.o(i.GPIO_Init) for GPIO_Init
    main.o(i.main) refers to debug.o(i.Delay_Init) for Delay_Init
    main.o(i.main) refers to debug.o(i.USART_Printf_Init) for USART_Printf_Init
    main.o(i.main) refers to noretval__2printf.o(.text) for __2printf
    main.o(i.main) refers to ch32f20x_usbhs_host.o(i.USBHS_HostInit) for USBHS_HostInit
    main.o(i.main) refers to rt_memclr.o(.text) for __aeabi_memclr
    main.o(i.main) refers to ch32f20x_usbfs_host.o(i.USBFS_RCC_Init) for USBFS_RCC_Init
    main.o(i.main) refers to debug.o(i.Delay_Ms) for Delay_Ms
    main.o(i.main) refers to ch32f20x_usbfs_device.o(i.USBFS_Device_Init) for USBFS_Device_Init
    main.o(i.main) refers to usbd_compostie_km.o(i.USB_Sleep_Wakeup_CFG) for USB_Sleep_Wakeup_CFG
    main.o(i.main) refers to usb_hub.o(i.Hublink_InitHubLink) for Hublink_InitHubLink
    main.o(i.main) refers to ch32f20x_usart.o(i.USART_ITConfig) for USART_ITConfig
    main.o(i.main) refers to main.o(i.parse_hex_report) for parse_hex_report
    main.o(i.main) refers to ch32f20x_usbfs_device.o(i.USBFS_Endp_DataUp) for USBFS_Endp_DataUp
    main.o(i.main) refers to rt_memcpy_v6.o(.text) for __aeabi_memcpy
    main.o(i.main) refers to ch32f20x_usbhs_host.o(i.USBHS_HostEnum) for USBHS_HostEnum
    main.o(i.main) refers to ch32f20x_usbhs_host.o(i.USB_DelUSBHS_AddressNumber) for USB_DelUSBHS_AddressNumber
    main.o(i.main) refers to h1_free.o(.text) for free
    main.o(i.main) refers to ch32f20x_usbhs_host.o(i.USBHS_HUB_Process) for USBHS_HUB_Process
    main.o(i.main) refers to system_ch32f20x.o(.data) for SystemCoreClock
    main.o(i.main) refers to ch32f20x_usbfs_host.o(.bss) for RootHubDev
    main.o(i.main) refers to usb_hub.o(.data) for USBHS_Hub_LinkHead
    main.o(i.main) refers to main.o(.data) for communication_mode
    main.o(i.main) refers to main.o(.bss) for uart4_storage
    main.o(i.main) refers to usb_hub.o(.bss) for USBHS_HubInfo
    main.o(i.main) refers to ch32f20x_usbhs_host.o(.bss) for USBHS_thisUsbDev
    main.o(i.main) refers to ch32f20x_usbhs_host.o(.data) for USBHS_glable_index
    main.o(i.parse_hex_report) refers to rt_ctype_table.o(.text) for __rt_ctype_table
    main.o(i.parse_hex_report) refers to main.o(i.hex_to_byte) for hex_to_byte
    system_ch32f20x.o(i.SetSysClock) refers to system_ch32f20x.o(i.SetSysClockTo48_HSE) for SetSysClockTo48_HSE
    system_ch32f20x.o(i.SystemCoreClockUpdate) refers to system_ch32f20x.o(.data) for SystemCoreClock
    system_ch32f20x.o(i.SystemInit) refers to system_ch32f20x.o(i.SetSysClock) for SetSysClock
    startup_ch32f20x_d8c.o(STACK) refers (Special) to heapauxi.o(.text) for __use_two_region_memory
    startup_ch32f20x_d8c.o(HEAP) refers (Special) to heapauxi.o(.text) for __use_two_region_memory
    startup_ch32f20x_d8c.o(RESET) refers (Special) to heapauxi.o(.text) for __use_two_region_memory
[...]
    i.Hublink_finesubstructures              0x08001112   Section        0  usb_hub.o(i.Hublink_finesubstructures)
    i.Hublink_judgingstructures              0x0800113c   Section        0  usb_hub.o(i.Hublink_judgingstructures)
    i.KB_Scan                                0x0800120c   Section        0  usbd_compostie_km.o(i.KB_Scan)
    i.MCU_Sleep_Wakeup_Operate               0x08001284   Section        0  usbd_compostie_km.o(i.MCU_Sleep_Wakeup_Operate)
    i.MS_Scan                                0x080012f8   Section        0  usbd_compostie_km.o(i.MS_Scan)
    i.MemManage_Handler                      0x08001360   Section        0  ch32f20x_it.o(i.MemManage_Handler)
    i.NMI_Handler                            0x08001364   Section        0  ch32f20x_it.o(i.NMI_Handler)
    i.NVIC_Init                              0x08001368   Section        0  ch32f20x_misc.o(i.NVIC_Init)
    i.PWR_EnterSTOPMode                      0x080013d8   Section        0  ch32f20x_pwr.o(i.PWR_EnterSTOPMode)
    i.PendSV_Handler                         0x08001418   Section        0  ch32f20x_it.o(i.PendSV_Handler)
    i.RCC_AHBPeriphClockCmd                  0x0800141c   Section        0  ch32f20x_rcc.o(i.RCC_AHBPeriphClockCmd)
    i.RCC_APB1PeriphClockCmd                 0x0800143c   Section        0  ch32f20x_rcc.o(i.RCC_APB1PeriphClockCmd)
    i.RCC_APB2PeriphClockCmd                 0x0800145c   Section        0  ch32f20x_rcc.o(i.RCC_APB2PeriphClockCmd)
    i.RCC_GetClocksFreq                      0x0800147c   Section        0  ch32f20x_rcc.o(i.RCC_GetClocksFreq)
    i.RCC_USBFSCLKConfig                     0x08001610   Section        0  ch32f20x_rcc.o(i.RCC_USBFSCLKConfig)
    i.SVC_Handler                            0x0800162c   Section        0  ch32f20x_it.o(i.SVC_Handler)
    i.SetSysClock                            0x08001630   Section        0  system_ch32f20x.o(i.SetSysClock)
    SetSysClock                              0x08001631   Thumb Code     8  system_ch32f20x.o(i.SetSysClock)
    i.SetSysClockTo48_HSE                    0x08001638   Section        0  system_ch32f20x.o(i.SetSysClockTo48_HSE)
    SetSysClockTo48_HSE                      0x08001639   Thumb Code   182  system_ch32f20x.o(i.SetSysClockTo48_HSE)
    i.SysTick_CLKSourceConfig                0x080016f4   Section        0  ch32f20x_misc.o(i.SysTick_CLKSourceConfig)
    i.SysTick_Handler                        0x0800171c   Section        0  ch32f20x_it.o(i.SysTick_Handler)
    i.SystemCoreClockUpdate                  0x08001720   Section        0  system_ch32f20x.o(i.SystemCoreClockUpdate)
    i.SystemInit                             0x08001894   Section        0  system_ch32f20x.o(i.SystemInit)
    i.TIM3_IRQHandler                        0x08001900   Section        0  usbd_compostie_km.o(i.TIM3_IRQHandler)
    i.TIM_ClearITPendingBit                  0x0800193c   Section        0  ch32f20x_tim.o(i.TIM_ClearITPendingBit)
    i.TIM_GetITStatus                        0x08001942   Section        0  ch32f20x_tim.o(i.TIM_GetITStatus)
    i.UART4_IRQHandler                       0x08001964   Section        0  main.o(i.UART4_IRQHandler)
    i.USART2_IRQHandler                      0x080019b8   Section        0  usbd_compostie_km.o(i.USART2_IRQHandler)
    i.USART_Cmd                              0x080019dc   Section        0  ch32f20x_usart.o(i.USART_Cmd)
    i.USART_GetFlagStatus                    0x080019f4   Section        0  ch32f20x_usart.o(i.USART_GetFlagStatus)
    i.USART_GetITStatus                      0x08001a06   Section        0  ch32f20x_usart.o(i.USART_GetITStatus)
    i.USART_ITConfig                         0x08001a52   Section        0  ch32f20x_usart.o(i.USART_ITConfig)
    i.USART_Init                             0x08001a94   Section        0  ch32f20x_usart.o(i.USART_Init)
    i.USART_Printf_Init                      0x08001b30   Section        0  debug.o(i.USART_Printf_Init)
    i.USART_ReceiveData                      0x08001be4   Section        0  ch32f20x_usart.o(i.USART_ReceiveData)
    i.USART_SendData                         0x08001bee   Section        0  ch32f20x_usart.o(i.USART_SendData)
    i.USB20_RCC_Init                         0x08001bf8   Section        0  ch32f20x_usbhs_host.o(i.USB20_RCC_Init)
    i.USBFS_Device_Endp_Init                 0x08001c38   Section        0  ch32f20x_usbfs_device.o(i.USBFS_Device_Endp_Init)
    i.USBFS_Device_Init                      0x08001c98   Section        0  ch32f20x_usbfs_device.o(i.USBFS_Device_Init)
    i.USBFS_Endp_DataUp                      0x08001d14   Section        0  ch32f20x_usbfs_device.o(i.USBFS_Endp_DataUp)
    i.USBFS_IRQHandler                       0x08001e4c   Section        0  ch32f20x_usbfs_device.o(i.USBFS_IRQHandler)
    i.USBFS_RCC_Init                         0x08002574   Section        0  ch32f20x_usbfs_host.o(i.USBFS_RCC_Init)
    i.USBFS_Send_Resume                      0x080025c4   Section        0  ch32f20x_usbfs_device.o(i.USBFS_Send_Resume)
    i.USBHS_Analysis_Descr                   0x080025f4   Section        0  ch32f20x_usbhs_host.o(i.USBHS_Analysis_Descr)
    i.USBHS_CSPLITPacket                     0x08002820   Section        0  ch32f20x_usbhs_host.o(i.USBHS_CSPLITPacket)
    i.USBHS_CopySetupReqPkg                  0x080029a0   Section        0  ch32f20x_usbhs_host.o(i.USBHS_CopySetupReqPkg)
    i.USBHS_CtrlGetConfigDescr               0x080029bc   Section        0  ch32f20x_usbhs_host.o(i.USBHS_CtrlGetConfigDescr)
    i.USBHS_CtrlGetDevDescr                  0x08002a88   Section        0  ch32f20x_usbhs_host.o(i.USBHS_CtrlGetDevDescr)
    i.USBHS_CtrlGetReportDescr               0x08002b1c   Section        0  ch32f20x_usbhs_host.o(i.USBHS_CtrlGetReportDescr)
    i.USBHS_CtrlGet_HUBDevDescr              0x08002b58   Section        0  ch32f20x_usbhs_host.o(i.USBHS_CtrlGet_HUBDevDescr)
    i.USBHS_CtrlSetIdle                      0x08002bb4   Section        0  ch32f20x_usbhs_host.o(i.USBHS_CtrlSetIdle)
    i.USBHS_CtrlSetUsbConfig                 0x08002bd8   Section        0  ch32f20x_usbhs_host.o(i.USBHS_CtrlSetUsbConfig)
    i.USBHS_CtrlUSBHS_SetAddress             0x08002bf8   Section        0  ch32f20x_usbhs_host.o(i.USBHS_CtrlUSBHS_SetAddress)
    i.USBHS_CurrentAddr                      0x08002c30   Section        0  ch32f20x_usbhs_host.o(i.USBHS_CurrentAddr)
    i.USBHS_HOST_ClearPortFeature_Process    0x08002c3c   Section        0  ch32f20x_usbhs_host.o(i.USBHS_HOST_ClearPortFeature_Process)
    i.USBHS_HUBCheckPortConnect              0x08002c64   Section        0  ch32f20x_usbhs_host.o(i.USBHS_HUBCheckPortConnect)
    i.USBHS_HUBHostEnum                      0x08002d74   Section        0  ch32f20x_usbhs_host.o(i.USBHS_HUBHostEnum)
    i.USBHS_HUB_Process                      0x0800340c   Section        0  ch32f20x_usbhs_host.o(i.USBHS_HUB_Process)
    i.USBHS_HostCtrlTransfer                 0x08003dac   Section        0  ch32f20x_usbhs_host.o(i.USBHS_HostCtrlTransfer)
    i.USBHS_HostEnum                         0x08003f3c   Section        0  ch32f20x_usbhs_host.o(i.USBHS_HostEnum)
    i.USBHS_HostInit                         0x08004194   Section        0  ch32f20x_usbhs_host.o(i.USBHS_HostInit)
    i.USBHS_HubClearPortFeature              0x080041f8   Section        0  ch32f20x_usbhs_host.o(i.USBHS_HubClearPortFeature)
    i.USBHS_HubCtrlGetHidDescr               0x080042f0   Section        0  ch32f20x_usbhs_host.o(i.USBHS_HubCtrlGetHidDescr)
    i.USBHS_HubCtrlTransfer                  0x08004344   Section        0  ch32f20x_usbhs_host.o(i.USBHS_HubCtrlTransfer)
    i.USBHS_HubGetPortStatus                 0x08004538   Section        0  ch32f20x_usbhs_host.o(i.USBHS_HubGetPortStatus)
    i.USBHS_HubSetPortFeature                0x080045a0   Section        0  ch32f20x_usbhs_host.o(i.USBHS_HubSetPortFeature)
    i.USBHS_HubUSBGetDevDescr                0x080045c8   Section        0  ch32f20x_usbhs_host.o(i.USBHS_HubUSBGetDevDescr)
    i.USBHS_HubUSBHS_Analysis_Descr          0x08004634   Section        0  ch32f20x_usbhs_host.o(i.USBHS_HubUSBHS_Analysis_Descr)
    i.USBHS_HubUSBSetAddr                    0x080048bc   Section        0  ch32f20x_usbhs_host.o(i.USBHS_HubUSBSetAddr)
    i.USBHS_HubUSBSetIdle                    0x08004900   Section        0  ch32f20x_usbhs_host.o(i.USBHS_HubUSBSetIdle)
    i.USBHS_HubUSBUSBHS_SetConfig            0x0800493c   Section        0  ch32f20x_usbhs_host.o(i.USBHS_HubUSBUSBHS_SetConfig)
    i.USBHS_INT_In_Data                      0x08004980   Section        0  ch32f20x_usbhs_host.o(i.USBHS_INT_In_Data)
    i.USBHS_SSPLITPacket                     0x08004a2c   Section        0  ch32f20x_usbhs_host.o(i.USBHS_SSPLITPacket)
    i.USBHS_SetBusReset                      0x08004ba4   Section        0  ch32f20x_usbhs_host.o(i.USBHS_SetBusReset)
    i.USBHS_USBHostTransact                  0x08004bf8   Section        0  ch32f20x_usbhs_host.o(i.USBHS_USBHostTransact)
    i.USB_DelUSBHS_AddressNumber             0x08004d54   Section        0  ch32f20x_usbhs_host.o(i.USB_DelUSBHS_AddressNumber)
    i.USB_SetUSBHS_AddressNumber             0x08004d70   Section        0  ch32f20x_usbhs_host.o(i.USB_SetUSBHS_AddressNumber)
    i.USB_Sleep_Wakeup_CFG                   0x08004d98   Section        0  usbd_compostie_km.o(i.USB_Sleep_Wakeup_CFG)
    i.UsageFault_Handler                     0x08004dc0   Section        0  ch32f20x_it.o(i.UsageFault_Handler)
    i._is_digit                              0x08004dc4   Section        0  __printf_wp.o(i._is_digit)
    i.fputc                                  0x08004dd4   Section        0  debug.o(i.fputc)
    i.hex_to_byte                            0x08004df8   Section        0  main.o(i.hex_to_byte)
    i.main                                   0x08004e28   Section        0  main.o(i.main)
    i.parse_hex_report                       0x08005274   Section        0  main.o(i.parse_hex_report)
    locale$$code                             0x080052e4   Section       44  lc_ctype_c.o(locale$$code)
    .constdata                               0x08005310   Section      112  ch32f20x_usbhs_host.o(.constdata)
    SetupGetDevDesc                          0x08005310   Data           8  ch32f20x_usbhs_host.o(.constdata)
    SetupGetCfgDesc                          0x08005318   Data           8  ch32f20x_usbhs_host.o(.constdata)
    SetupGetStrDesc                          0x08005320   Data           8  ch32f20x_usbhs_host.o(.constdata)
    SetupSetAddr                             0x08005328   Data           8  ch32f20x_usbhs_host.o(.constdata)
    SetupSetConfig                           0x08005330   Data           8  ch32f20x_usbhs_host.o(.constdata)
    SetupClearEndpStall                      0x08005338   Data           8  ch32f20x_usbhs_host.o(.constdata)
    SetupSetInterface                        0x08005340   Data           8  ch32f20x_usbhs_host.o(.constdata)
    .constdata                               0x08005380   Section      259  usbd_desc.o(.constdata)
    .constdata                               0x08005483   Section       40  _printf_hex_int.o(.constdata)
    uc_hextab                                0x08005483   Data          20  _printf_hex_int.o(.constdata)
    lc_hextab                                0x08005497   Data          20  _printf_hex_int.o(.constdata)
    .constdata                               0x080054ab   Section       17  __printf_flags_wp.o(.constdata)
    maptable                                 0x080054ab   Data          17  __printf_flags_wp.o(.constdata)
    .conststring                             0x080054bc   Section       91  ch32f20x_usbhs_host.o(.conststring)
    locale$$data                             0x08005538   Section      272  lc_ctype_c.o(locale$$data)
    __lcctype_c_name                         0x0800553c   Data           2  lc_ctype_c.o(locale$$data)
    __lcctype_c_start                        0x08005544   Data           0  lc_ctype_c.o(locale$$data)
    __lcctype_c_end                          0x08005648   Data           0  lc_ctype_c.o(locale$$data)
    .data                                    0x20000000   Section       15  main.o(.data)
    communication_mode                       0x20000000   Data           1  main.o(.data)
    .data                                    0x20000010   Section       20  system_ch32f20x.o(.data)
    .data                                    0x20000024   Section        8  debug.o(.data)
    p_us                                     0x20000028   Data           1  debug.o(.data)
    p_ms                                     0x2000002a   Data           2  debug.o(.data)
    .data                                    0x2000002c   Section       20  ch32f20x_rcc.o(.data)
    APBAHBPrescTable                         0x2000002c   Data          16  ch32f20x_rcc.o(.data)
    ADCPrescTable                            0x2000003c   Data           4  ch32f20x_rcc.o(.data)
    .data                                    0x20000040   Section        8  usb_hub.o(.data)
    .data                                    0x20000048   Section       19  ch32f20x_usbhs_host.o(.data)
    communication_mode                       0x20000048   Data           1  ch32f20x_usbhs_host.o(.data)
    .data                                    0x2000005c   Section       28  ch32f20x_usbfs_device.o(.data)
    .data                                    0x20000078   Section       39  usbd_compostie_km.o(.data)
    flag                                     0x20000093   Data           1  usbd_compostie_km.o(.data)
    scan_cnt                                 0x20000094   Data           2  usbd_compostie_km.o(.data)
    scan_result                              0x20000096   Data           2  usbd_compostie_km.o(.data)
    key_cnt                                  0x20000098   Data           1  usbd_compostie_km.o(.data)
    flag                                     0x20000099   Data           1  usbd_compostie_km.o(.data)
    scan_cnt                                 0x2000009a   Data           2  usbd_compostie_km.o(.data)
    scan_result                              0x2000009c   Data           2  usbd_compostie_km.o(.data)
    flag                                     0x2000009e   Data           1  usbd_compostie_km.o(.data)
    .bss                                     0x200000a0   Section     4352  main.o(.bss)
    .bss                                     0x200011a0   Section     3680  usb_hub.o(.bss)
    .bss                                     0x20002000   Section     3224  ch32f20x_usbhs_host.o(.bss)
    .bss                                     0x20002c98   Section     4330  ch32f20x_usbfs_host.o(.bss)
    .bss                                     0x20003d84   Section      192  ch32f20x_usbfs_device.o(.bss)
    .bss                                     0x20003e44   Section       96  libspace.o(.bss)
    HEAP                                     0x20003ea8   Section     1024  startup_ch32f20x_d8c.o(HEAP)
    Heap_Mem                                 0x20003ea8   Data        1024  startup_ch32f20x_d8c.o(HEAP)
    STACK                                    0x200042a8   Section     1024  startup_ch32f20x_d8c.o(STACK)
    Stack_Mem                                0x200042a8   Data        1024  startup_ch32f20x_d8c.o(STACK)
    __initial_sp                             0x200046a8   Data           0  startup_ch32f20x_d8c.o(STACK)

    Global Symbols

    Symbol Name                              Value     Ov Type        Size  Object(Section)

    BuildAttributes$$THM_ISAv4$P$D$K$B$S$PE$A:L22UL41UL21$X:L11$S22US41US21$IEEE1$IW$USESV6$~STKCKD$USESV7$~SHL$OTIME$ROPI$EBA8$UX$STANDARDLIB$REQ8$PRES8$EABIv2 0x00000000   Number         0  anon$$obj.o ABSOLUTE
    __ARM_use_no_argv                        0x00000000   Number         0  main.o ABSOLUTE
    _printf_flags                            0x00000000   Number         0  printf_stubs.o ABSOLUTE
    _printf_return_value                     0x00000000   Number         0  printf_stubs.o ABSOLUTE
    _printf_sizespec                         0x00000000   Number         0  printf_stubs.o ABSOLUTE
    _printf_widthprec                        0x00000000   Number         0  printf_stubs.o ABSOLUTE
    __ARM_exceptions_init                     - Undefined Weak Reference
    __alloca_initialize                       - Undefined Weak Reference
    __arm_fini_                               - Undefined Weak Reference
    __arm_preinit_                            - Undefined Weak Reference
    __cpp_initialize__aeabi_                  - Undefined Weak Reference
    __cxa_finalize                            - Undefined Weak Reference
    __sigvec_lookup                           - Undefined Weak Reference
    __user_heap_extent                        - Undefined Weak Reference
    _atexit_init                              - Undefined Weak Reference
    _call_atexit_fns                          - Undefined Weak Reference
    _clock_init                               - Undefined Weak Reference
    _fp_trap_init                             - Undefined Weak Reference
    _fp_trap_shutdown                         - Undefined Weak Reference
    _get_lc_collate                           - Undefined Weak Reference
    _get_lc_monetary                          - Undefined Weak Reference
    _get_lc_numeric                           - Undefined Weak Reference
    _get_lc_time                              - Undefined Weak Reference
    _getenv_init                              - Undefined Weak Reference
    _handle_redirection                       - Undefined Weak Reference
    _initio                                   - Undefined Weak Reference
    _mutex_acquire                            - Undefined Weak Reference
    _mutex_free                               - Undefined Weak Reference
    _mutex_release                            - Undefined Weak Reference
    _printf_mbtowc                            - Undefined Weak Reference
    _printf_truncate_signed                   - Undefined Weak Reference
    _printf_truncate_unsigned                 - Undefined Weak Reference
    _rand_init                                - Undefined Weak Reference
    _signal_finish                            - Undefined Weak Reference
    _signal_init                              - Undefined Weak Reference
    _terminateio                              - Undefined Weak Reference
    __Vectors_Size                           0x000001a0   Number         0  startup_ch32f20x_d8c.o ABSOLUTE
    __Vectors                                0x08000000   Data           4  startup_ch32f20x_d8c.o(RESET)
    __Vectors_End                            0x080001a0   Data           0  startup_ch32f20x_d8c.o(RESET)
    __main                                   0x080001a1   Thumb Code     8  __main.o(!!!main)
    __scatterload                            0x080001a9   Thumb Code     0  __scatter.o(!!!scatter)
    __scatterload_rt2                        0x080001a9   Thumb Code    44  __scatter.o(!!!scatter)
    __scatterload_rt2_thumb_only             0x080001a9   Thumb Code     0  __scatter.o(!!!scatter)
    __scatterload_null                       0x080001b7   Thumb Code     0  __scatter.o(!!!scatter)
    __scatterload_copy                       0x080001dd   Thumb Code    26  __scatter_copy.o(!!handler_copy)
    __scatterload_zeroinit                   0x080001f9   Thumb Code    28  __scatter_zi.o(!!handler_zi)
    _printf_d                                0x08000215   Thumb Code     0  _printf_d.o(.ARM.Collect$$_printf_percent$$00000009)
    _printf_percent                          0x08000215   Thumb Code     0  _printf_percent.o(.ARM.Collect$$_printf_percent$$00000000)
    _printf_x                                0x0800021b   Thumb Code     0  _printf_x.o(.ARM.Collect$$_printf_percent$$0000000C)
    _printf_s                                0x08000221   Thumb Code     0  _printf_s.o(.ARM.Collect$$_printf_percent$$00000014)
    _printf_percent_end                      0x08000227   Thumb Code     0  _printf_percent_end.o(.ARM.Collect$$_printf_percent$$00000017)
    __rt_lib_init                            0x0800022b   Thumb Code     0  libinit.o(.ARM.Collect$$libinit$$00000000)
    __rt_lib_init_fp_1                       0x0800022d   Thumb Code     0  libinit2.o(.ARM.Collect$$libinit$$00000002)
    __rt_lib_init_heap_2                     0x0800022d   Thumb Code     0  libinit2.o(.ARM.Collect$$libinit$$00000005)
    __rt_lib_init_preinit_1                  0x0800022d   Thumb Code     0  libinit2.o(.ARM.Collect$$libinit$$00000004)
    __rt_lib_init_heap_1                     0x08000235   Thumb Code     0  libinit2.o(.ARM.Collect$$libinit$$0000000A)
    __rt_lib_init_lc_common                  0x08000235   Thumb Code     0  libinit2.o(.ARM.Collect$$libinit$$0000000F)
    __rt_lib_init_rand_1                     0x08000235   Thumb Code     0  libinit2.o(.ARM.Collect$$libinit$$0000000E)
    __rt_lib_init_user_alloc_1               0x08000235   Thumb Code     0  libinit2.o(.ARM.Collect$$libinit$$0000000C)
    __rt_lib_init_lc_collate_1               0x0800023b   Thumb Code     0  libinit2.o(.ARM.Collect$$libinit$$00000011)
    __rt_lib_init_lc_ctype_2                 0x0800023b   Thumb Code     0  libinit2.o(.ARM.Collect$$libinit$$00000012)
    __rt_lib_init_alloca_1                   0x08000247   Thumb Code     0  libinit2.o(.ARM.Collect$$libinit$$0000002E)
    __rt_lib_init_argv_1                     0x08000247   Thumb Code     0  libinit2.o(.ARM.Collect$$libinit$$0000002C)
    __rt_lib_init_atexit_1                   0x08000247   Thumb Code     0  libinit2.o(.ARM.Collect$$libinit$$0000001B)
    __rt_lib_init_clock_1                    0x08000247   Thumb Code     0  libinit2.o(.ARM.Collect$$libinit$$00000021)
    __rt_lib_init_cpp_1                      0x08000247   Thumb Code     0  libinit2.o(.ARM.Collect$$libinit$$00000032)
    __rt_lib_init_exceptions_1               0x08000247   Thumb Code     0  libinit2.o(.ARM.Collect$$libinit$$00000030)
    __rt_lib_init_fp_trap_1                  0x08000247   Thumb Code     0  libinit2.o(.ARM.Collect$$libinit$$0000001F)
    __rt_lib_init_getenv_1                   0x08000247   Thumb Code     0  libinit2.o(.ARM.Collect$$libinit$$00000023)
    __rt_lib_init_lc_ctype_1                 0x08000247   Thumb Code     0  libinit2.o(.ARM.Collect$$libinit$$00000013)
    __rt_lib_init_lc_monetary_1              0x08000247   Thumb Code     0  libinit2.o(.ARM.Collect$$libinit$$00000015)
    __rt_lib_init_lc_numeric_1               0x08000247   Thumb Code     0  libinit2.o(.ARM.Collect$$libinit$$00000017)
    __rt_lib_init_lc_time_1                  0x08000247   Thumb Code     0  libinit2.o(.ARM.Collect$$libinit$$00000019)
    __rt_lib_init_return                     0x08000247   Thumb Code     0  libinit2.o(.ARM.Collect$$libinit$$00000033)
    __rt_lib_init_signal_1                   0x08000247   Thumb Code     0  libinit2.o(.ARM.Collect$$libinit$$0000001D)
    __rt_lib_init_stdio_1                    0x08000247   Thumb Code     0  libinit2.o(.ARM.Collect$$libinit$$00000025)
    __rt_lib_shutdown                        0x08000249   Thumb Code     0  libshutdown.o(.ARM.Collect$$libshutdown$$00000000)
    __rt_lib_shutdown_cpp_1                  0x0800024b   Thumb Code     0  libshutdown2.o(.ARM.Collect$$libshutdown$$00000004)
    __rt_lib_shutdown_fini_1                 0x0800024b   Thumb Code     0  libshutdown2.o(.ARM.Collect$$libshutdown$$00000002)
    __rt_lib_shutdown_fp_trap_1              0x0800024b   Thumb Code     0  libshutdown2.o(.ARM.Collect$$libshutdown$$00000009)
    __rt_lib_shutdown_heap_1                 0x0800024b   Thumb Code     0  libshutdown2.o(.ARM.Collect$$libshutdown$$00000011)
    __rt_lib_shutdown_return                 0x0800024b   Thumb Code     0  libshutdown2.o(.ARM.Collect$$libshutdown$$00000012)
    __rt_lib_shutdown_signal_1               0x0800024b   Thumb Code     0  libshutdown2.o(.ARM.Collect$$libshutdown$$0000000C)
    __rt_lib_shutdown_stdio_1                0x0800024b   Thumb Code     0  libshutdown2.o(.ARM.Collect$$libshutdown$$00000006)
    __rt_lib_shutdown_user_alloc_1           0x0800024b   Thumb Code     0  libshutdown2.o(.ARM.Collect$$libshutdown$$0000000E)
    __rt_entry                               0x0800024d   Thumb Code     0  __rtentry.o(.ARM.Collect$$rtentry$$00000000)
    __rt_entry_presh_1                       0x0800024d   Thumb Code     0  __rtentry2.o(.ARM.Collect$$rtentry$$00000002)
    __rt_entry_sh                            0x0800024d   Thumb Code     0  __rtentry4.o(.ARM.Collect$$rtentry$$00000004)
    __rt_entry_li                            0x08000253   Thumb Code     0  __rtentry2.o(.ARM.Collect$$rtentry$$0000000A)
    __rt_entry_postsh_1                      0x08000253   Thumb Code     0  __rtentry2.o(.ARM.Collect$$rtentry$$00000009)
    __rt_entry_main                          0x08000257   Thumb Code     0  __rtentry2.o(.ARM.Collect$$rtentry$$0000000D)
    __rt_entry_postli_1                      0x08000257   Thumb Code     0  __rtentry2.o(.ARM.Collect$$rtentry$$0000000C)
    __rt_exit                                0x0800025f   Thumb Code     0  rtexit.o(.ARM.Collect$$rtexit$$00000000)
    __rt_exit_ls                             0x08000261   Thumb Code     0  rtexit2.o(.ARM.Collect$$rtexit$$00000003)
    __rt_exit_prels_1                        0x08000261   Thumb Code     0  rtexit2.o(.ARM.Collect$$rtexit$$00000002)
    __rt_exit_exit                           0x08000265   Thumb Code     0  rtexit2.o(.ARM.Collect$$rtexit$$00000004)
    Reset_Handler                            0x0800026d   Thumb Code     8  startup_ch32f20x_d8c.o(.text)
    _maybe_terminate_alloc                   0x0800026d   Thumb Code     0  maybetermalloc1.o(.emb_text)
    ADC1_2_IRQHandler                        0x08000287   Thumb Code     0  startup_ch32f20x_d8c.o(.text)
    CAN1_RX1_IRQHandler                      0x08000287   Thumb Code     0  startup_ch32f20x_d8c.o(.text)
    CAN1_SCE_IRQHandler                      0x08000287   Thumb Code     0  startup_ch32f20x_d8c.o(.text)
    CAN2_RX0_IRQHandler                      0x08000287   Thumb Code     0  startup_ch32f20x_d8c.o(.text)
    CAN2_RX1_IRQHandler                      0x08000287   Thumb Code     0  startup_ch32f20x_d8c.o(.text)
    CAN2_SCE_IRQHandler                      0x08000287   Thumb Code     0  startup_ch32f20x_d8c.o(.text)
    CAN2_TX_IRQHandler                       0x08000287   Thumb Code     0  startup_ch32f20x_d8c.o(.text)
    DMA1_Channel1_IRQHandler                 0x08000287   Thumb Code     0  startup_ch32f20x_d8c.o(.text)
    DMA1_Channel2_IRQHandler                 0x08000287   Thumb Code     0  startup_ch32f20x_d8c.o(.text)
    DMA1_Channel3_IRQHandler                 0x08000287   Thumb Code     0  startup_ch32f20x_d8c.o(.text)
    DMA1_Channel4_IRQHandler                 0x08000287   Thumb Code     0  startup_ch32f20x_d8c.o(.text)
    DMA1_Channel5_IRQHandler                 0x08000287   Thumb Code     0  startup_ch32f20x_d8c.o(.text)
    DMA1_Channel6_IRQHandler                 0x08000287   Thumb Code     0  startup_ch32f20x_d8c.o(.text)
    DMA1_Channel7_IRQHandler                 0x08000287   Thumb Code     0  startup_ch32f20x_d8c.o(.text)
    DMA2_Channel10_IRQHandler                0x08000287   Thumb Code     0  startup_ch32f20x_d8c.o(.text)
    DMA2_Channel11_IRQHandler                0x08000287   Thumb Code     0  startup_ch32f20x_d8c.o(.text)
    DMA2_Channel1_IRQHandler                 0x08000287   Thumb Code     0  startup_ch32f20x_d8c.o(.text)
    DMA2_Channel2_IRQHandler                 0x08000287   Thumb Code     0  startup_ch32f20x_d8c.o(.text)
    DMA2_Channel3_IRQHandler                 0x08000287   Thumb Code     0  startup_ch32f20x_d8c.o(.text)
    DMA2_Channel4_IRQHandler                 0x08000287   Thumb Code     0  startup_ch32f20x_d8c.o(.text)
    DMA2_Channel5_IRQHandler                 0x08000287   Thumb Code     0  startup_ch32f20x_d8c.o(.text)
    DMA2_Channel6_IRQHandler                 0x08000287   Thumb Code     0  startup_ch32f20x_d8c.o(.text)
    DMA2_Channel7_IRQHandler                 0x08000287   Thumb Code     0  startup_ch32f20x_d8c.o(.text)
    DMA2_Channel8_IRQHandler                 0x08000287   Thumb Code     0  startup_ch32f20x_d8c.o(.text)
    DMA2_Channel9_IRQHandler                 0x08000287   Thumb Code     0  startup_ch32f20x_d8c.o(.text)
    DVP_IRQHandler                           0x08000287   Thumb Code     0  startup_ch32f20x_d8c.o(.text)
    ETH_IRQHandler                           0x08000287   Thumb Code     0  startup_ch32f20x_d8c.o(.text)
    ETH_WKUP_IRQHandler                      0x08000287   Thumb Code     0  startup_ch32f20x_d8c.o(.text)
    EXTI0_IRQHandler                         0x08000287   Thumb Code     0  startup_ch32f20x_d8c.o(.text)
    EXTI15_10_IRQHandler                     0x08000287   Thumb Code     0  startup_ch32f20x_d8c.o(.text)
    EXTI1_IRQHandler                         0x08000287   Thumb Code     0  startup_ch32f20x_d8c.o(.text)
    EXTI2_IRQHandler                         0x08000287   Thumb Code     0  startup_ch32f20x_d8c.o(.text)
    EXTI3_IRQHandler                         0x08000287   Thumb Code     0  startup_ch32f20x_d8c.o(.text)
    EXTI4_IRQHandler                         0x08000287   Thumb Code     0  startup_ch32f20x_d8c.o(.text)
    EXTI9_5_IRQHandler                       0x08000287   Thumb Code     0  startup_ch32f20x_d8c.o(.text)
    FLASH_IRQHandler                         0x08000287   Thumb Code     0  startup_ch32f20x_d8c.o(.text)
    I2C1_ER_IRQHandler                       0x08000287   Thumb Code     0  startup_ch32f20x_d8c.o(.text)
    I2C1_EV_IRQHandler                       0x08000287   Thumb Code     0  startup_ch32f20x_d8c.o(.text)
    I2C2_ER_IRQHandler                       0x08000287   Thumb Code     0  startup_ch32f20x_d8c.o(.text)
    I2C2_EV_IRQHandler                       0x08000287   Thumb Code     0  startup_ch32f20x_d8c.o(.text)
    PVD_IRQHandler                           0x08000287   Thumb Code     0  startup_ch32f20x_d8c.o(.text)
    RCC_IRQHandler                           0x08000287   Thumb Code     0  startup_ch32f20x_d8c.o(.text)
    RNG_IRQHandler                           0x08000287   Thumb Code     0  startup_ch32f20x_d8c.o(.text)
    RTCAlarm_IRQHandler                      0x08000287   Thumb Code     0  startup_ch32f20x_d8c.o(.text)
    RTC_IRQHandler                           0x08000287   Thumb Code     0  startup_ch32f20x_d8c.o(.text)
    SDIO_IRQHandler                          0x08000287   Thumb Code     0  startup_ch32f20x_d8c.o(.text)
    SPI1_IRQHandler                          0x08000287   Thumb Code     0  startup_ch32f20x_d8c.o(.text)
    SPI2_IRQHandler                          0x08000287   Thumb Code     0  startup_ch32f20x_d8c.o(.text)
    SPI3_IRQHandler                          0x08000287   Thumb Code     0  startup_ch32f20x_d8c.o(.text)
    TAMPER_IRQHandler                        0x08000287   Thumb Code     0  startup_ch32f20x_d8c.o(.text)
    TIM10_BRK_IRQHandler                     0x08000287   Thumb Code     0  startup_ch32f20x_d8c.o(.text)
    TIM10_CC_IRQHandler                      0x08000287   Thumb Code     0  startup_ch32f20x_d8c.o(.text)
    TIM10_TRG_COM_IRQHandler                 0x08000287   Thumb Code     0  startup_ch32f20x_d8c.o(.text)
    TIM10_UP_IRQHandler                      0x08000287   Thumb Code     0  startup_ch32f20x_d8c.o(.text)
    TIM1_BRK_IRQHandler                      0x08000287   Thumb Code     0  startup_ch32f20x_d8c.o(.text)
    TIM1_CC_IRQHandler                       0x08000287   Thumb Code     0  startup_ch32f20x_d8c.o(.text)
    TIM1_TRG_COM_IRQHandler                  0x08000287   Thumb Code     0  startup_ch32f20x_d8c.o(.text)
    TIM1_UP_IRQHandler                       0x08000287   Thumb Code     0  startup_ch32f20x_d8c.o(.text)
    TIM2_IRQHandler                          0x08000287   Thumb Code     0  startup_ch32f20x_d8c.o(.text)
    TIM4_IRQHandler                          0x08000287   Thumb Code     0  startup_ch32f20x_d8c.o(.text)
    TIM5_IRQHandler                          0x08000287   Thumb Code     0  startup_ch32f20x_d8c.o(.text)
    TIM6_IRQHandler                          0x08000287   Thumb Code     0  startup_ch32f20x_d8c.o(.text)
    TIM7_IRQHandler                          0x08000287   Thumb Code     0  startup_ch32f20x_d8c.o(.text)
    TIM8_BRK_IRQHandler                      0x08000287   Thumb Code     0  startup_ch32f20x_d8c.o(.text)
    TIM8_CC_IRQHandler                       0x08000287   Thumb Code     0  startup_ch32f20x_d8c.o(.text)
    TIM8_TRG_COM_IRQHandler                  0x08000287   Thumb Code     0  startup_ch32f20x_d8c.o(.text)
    TIM8_UP_IRQHandler                       0x08000287   Thumb Code     0  startup_ch32f20x_d8c.o(.text)
    TIM9_BRK_IRQHandler                      0x08000287   Thumb Code     0  startup_ch32f20x_d8c.o(.text)
    TIM9_CC_IRQHandler                       0x08000287   Thumb Code     0  startup_ch32f20x_d8c.o(.text)
    TIM9_TRG_COM_IRQHandler                  0x08000287   Thumb Code     0  startup_ch32f20x_d8c.o(.text)
    TIM9_UP_IRQHandler                       0x08000287   Thumb Code     0  startup_ch32f20x_d8c.o(.text)
    UART5_IRQHandler                         0x08000287   Thumb Code     0  startup_ch32f20x_d8c.o(.text)
    UART6_IRQHandler                         0x08000287   Thumb Code     0  startup_ch32f20x_d8c.o(.text)
    UART7_IRQHandler                         0x08000287   Thumb Code     0  startup_ch32f20x_d8c.o(.text)
    UART8_IRQHandler                         0x08000287   Thumb Code     0  startup_ch32f20x_d8c.o(.text)
    USART1_IRQHandler                        0x08000287   Thumb Code     0  startup_ch32f20x_d8c.o(.text)
    USART3_IRQHandler                        0x08000287   Thumb Code     0  startup_ch32f20x_d8c.o(.text)
    USBHSWakeup_IRQHandler                   0x08000287   Thumb Code     0  startup_ch32f20x_d8c.o(.text)
    USBHS_IRQHandler                         0x08000287   Thumb Code     0  startup_ch32f20x_d8c.o(.text)
    USB_HP_CAN1_TX_IRQHandler                0x08000287   Thumb Code     0  startup_ch32f20x_d8c.o(.text)
    USB_LP_CAN1_RX0_IRQHandler               0x08000287   Thumb Code     0  startup_ch32f20x_d8c.o(.text)
    WWDG_IRQHandler                          0x08000287   Thumb Code     0  startup_ch32f20x_d8c.o(.text)
    __user_initial_stackheap                 0x08000289   Thumb Code     0  startup_ch32f20x_d8c.o(.text)
    __rt_ctype_table                         0x080002ad   Thumb Code    16  rt_ctype_table.o(.text)
    malloc                                   0x080002bd   Thumb Code    94  h1_alloc.o(.text)
    free                                     0x0800031b   Thumb Code    78  h1_free.o(.text)
    __2printf                                0x08000369   Thumb Code    20  noretval__2printf.o(.text)
    _printf_pre_padding                      0x08000381   Thumb Code    44  _printf_pad.o(.text)
    _printf_post_padding                     0x080003ad   Thumb Code    34  _printf_pad.o(.text)
    _printf_str                              0x080003cf   Thumb Code    82  _printf_str.o(.text)
    _printf_int_dec                          0x08000421   Thumb Code   104  _printf_dec.o(.text)
    _printf_int_hex                          0x08000499   Thumb Code    84  _printf_hex_int.o(.text)
    _printf_longlong_hex                     0x08000499   Thumb Code     0  _printf_hex_int.o(.text)
    __printf                                 0x080004f1   Thumb Code   308  __printf_flags_wp.o(.text)
    __aeabi_memcpy                           0x08000629   Thumb Code     0  rt_memcpy_v6.o(.text)
    __rt_memcpy                              0x08000629   Thumb Code   138  rt_memcpy_v6.o(.text)
    _memcpy_lastbytes                        0x0800068f   Thumb Code     0  rt_memcpy_v6.o(.text)
    __aeabi_memcpy4                          0x080006b3   Thumb Code     0  rt_memcpy_w.o(.text)
    __aeabi_memcpy8                          0x080006b3   Thumb Code     0  rt_memcpy_w.o(.text)
    __rt_memcpy_w                            0x080006b3   Thumb Code   100  rt_memcpy_w.o(.text)
    _memcpy_lastbytes_aligned                0x080006fb   Thumb Code     0  rt_memcpy_w.o(.text)
    __aeabi_memclr                           0x08000717   Thumb Code     0  rt_memclr.o(.text)
    __rt_memclr                              0x08000717   Thumb Code    68  rt_memclr.o(.text)
    _memset                                  0x0800071b   Thumb Code     0  rt_memclr.o(.text)
    __use_two_region_memory                  0x0800075b   Thumb Code     2  heapauxi.o(.text)
    __rt_heap_escrow                         0x0800075d   Thumb Code     2  heapauxi.o(.text)
    __rt_heap_expand                         0x0800075f   Thumb Code     2  heapauxi.o(.text)
    __rt_heap_descriptor                     0x08000761   Thumb Code     8  rt_heap_descriptor_intlibspace.o(.text)
    __rt_locale                              0x08000769   Thumb Code     8  rt_locale_intlibspace.o(.text)
    __use_no_heap                            0x08000771   Thumb Code     2  hguard.o(.text)
    __heap$guard                             0x08000773   Thumb Code     2  hguard.o(.text)
    _terminate_user_alloc                    0x08000775   Thumb Code     2  init_alloc.o(.text)
    _init_user_alloc                         0x08000777   Thumb Code     2  init_alloc.o(.text)
    __Heap_Full                              0x08000779   Thumb Code    34  init_alloc.o(.text)
    __Heap_Broken                            0x0800079b   Thumb Code     6  init_alloc.o(.text)
    _init_alloc                              0x080007a1   Thumb Code    94  init_alloc.o(.text)
    __Heap_Initialize                        0x080007ff   Thumb Code    10  h1_init.o(.text)
    __Heap_DescSize                          0x08000809   Thumb Code     4  h1_init.o(.text)
    _printf_int_common                       0x0800080d   Thumb Code   178  _printf_intcommon.o(.text)
    _printf_cs_common                        0x080008bf   Thumb Code    20  _printf_char.o(.text)
    _printf_char                             0x080008d3   Thumb Code    16  _printf_char.o(.text)
    _printf_string                           0x080008e3   Thumb Code     8  _printf_char.o(.text)
    _printf_char_file                        0x080008ed   Thumb Code    32  _printf_char_file.o(.text)
    __aeabi_memclr4                          0x08000911   Thumb Code     0  rt_memclr_w.o(.text)
    __aeabi_memclr8                          0x08000911   Thumb Code     0  rt_memclr_w.o(.text)
    __rt_memclr_w                            0x08000911   Thumb Code    78  rt_memclr_w.o(.text)
    _memset_w                                0x08000915   Thumb Code     0  rt_memclr_w.o(.text)
    __user_libspace                          0x08000961   Thumb Code     8  libspace.o(.text)
    __user_perproc_libspace                  0x08000961   Thumb Code     0  libspace.o(.text)
    __user_perthread_libspace                0x08000961   Thumb Code     0  libspace.o(.text)
    __Heap_ProvideMemory                     0x08000969   Thumb Code    52  h1_extend.o(.text)
    _printf_char_common                      0x080009a7   Thumb Code    32  _printf_char_common.o(.text)
    ferror                                   0x080009cd   Thumb Code     8  ferror.o(.text)
    __rt_SIGRTMEM                            0x080009d5   Thumb Code    14  defsig_rtmem_outer.o(.text)
    strcmp                                   0x080009e5   Thumb Code   128  strcmpv7m.o(.text)
    __I$use$semihosting                      0x08000a65   Thumb Code     0  use_no_semi.o(.text)
    __use_no_semihosting_swi                 0x08000a65   Thumb Code     2  use_no_semi.o(.text)
    __semihosting_library_function           0x08000a67   Thumb Code     0  indicate_semi.o(.text)
    __user_setup_stackheap                   0x08000a67   Thumb Code    74  sys_stackheap_outer.o(.text)
    exit                                     0x08000ab1   Thumb Code    18  exit.o(.text)
    __sig_exit                               0x08000ac3   Thumb Code    10  defsig_exit.o(.text)
    __rt_SIGRTMEM_inner                      0x08000acd   Thumb Code    22  defsig_rtmem_inner.o(.text)
    _sys_exit                                0x08000b1d   Thumb Code     8  sys_exit.o(.text)
    __default_signal_display                 0x08000b29   Thumb Code    50  defsig_general.o(.text)
    _ttywrch                                 0x08000b5b   Thumb Code    14  sys_wrch.o(.text)
    BusFault_Handler                         0x08000b69   Thumb Code     4  ch32f20x_it.o(i.BusFault_Handler)
    DebugMon_Handler                         0x08000b6d   Thumb Code     4  ch32f20x_it.o(i.DebugMon_Handler)
    Delay_Init                               0x08000b71   Thumb Code    50  debug.o(i.Delay_Init)
    Delay_Ms                                 0x08000bb5   Thumb Code    72  debug.o(i.Delay_Ms)
    Delay_Us                                 0x08000c01   Thumb Code    72  debug.o(i.Delay_Us)
    EXTI_ClearFlag                           0x08000c4d   Thumb Code     6  ch32f20x_exti.o(i.EXTI_ClearFlag)
    EXTI_GetFlagStatus                       0x08000c59   Thumb Code    20  ch32f20x_exti.o(i.EXTI_GetFlagStatus)
    EXTI_Init                                0x08000c71   Thumb Code   142  ch32f20x_exti.o(i.EXTI_Init)
    GPIO_Init                                0x08000d05   Thumb Code   278  ch32f20x_gpio.o(i.GPIO_Init)
    GPIO_PinRemapConfig                      0x08000e1d   Thumb Code   204  ch32f20x_gpio.o(i.GPIO_PinRemapConfig)
    GPIO_ReadInputData                       0x08000eed   Thumb Code     8  ch32f20x_gpio.o(i.GPIO_ReadInputData)
    HardFault_Handler                        0x08000ef5   Thumb Code     4  ch32f20x_it.o(i.HardFault_Handler)
    HubUSBHS_CtrlGetConfigDescr              0x08000ef9   Thumb Code   122  ch32f20x_usbhs_host.o(i.HubUSBHS_CtrlGetConfigDescr)
    Hublink_DeleteHubData                    0x08000f89   Thumb Code   126  usb_hub.o(i.Hublink_DeleteHubData)
    Hublink_InitHubLink                      0x08001007   Thumb Code    40  usb_hub.o(i.Hublink_InitHubLink)
    Hublink_InsertHubData                    0x0800102f   Thumb Code    76  usb_hub.o(i.Hublink_InsertHubData)
    Hublink_ModifyHubData                    0x0800107b   Thumb Code    82  usb_hub.o(i.Hublink_ModifyHubData)
    Hublink_SearchHubData                    0x080010cd   Thumb Code    70  usb_hub.o(i.Hublink_SearchHubData)
    Hublink_finesubstructures                0x08001113   Thumb Code    42  usb_hub.o(i.Hublink_finesubstructures)
    Hublink_judgingstructures                0x0800113d   Thumb Code   202  usb_hub.o(i.Hublink_judgingstructures)
    KB_Scan                                  0x0800120d   Thumb Code   100  usbd_compostie_km.o(i.KB_Scan)
    MCU_Sleep_Wakeup_Operate                 0x08001285   Thumb Code   100  usbd_compostie_km.o(i.MCU_Sleep_Wakeup_Operate)
    MS_Scan                                  0x080012f9   Thumb Code    82  usbd_compostie_km.o(i.MS_Scan)
    MemManage_Handler                        0x08001361   Thumb Code     4  ch32f20x_it.o(i.MemManage_Handler)
    NMI_Handler                              0x08001365   Thumb Code     4  ch32f20x_it.o(i.NMI_Handler)
    NVIC_Init                                0x08001369   Thumb Code   100  ch32f20x_misc.o(i.NVIC_Init)
    PWR_EnterSTOPMode                        0x080013d9   Thumb Code    54  ch32f20x_pwr.o(i.PWR_EnterSTOPMode)
    PendSV_Handler                           0x08001419   Thumb Code     4  ch32f20x_it.o(i.PendSV_Handler)
    RCC_AHBPeriphClockCmd                    0x0800141d   Thumb Code    26  ch32f20x_rcc.o(i.RCC_AHBPeriphClockCmd)
    RCC_APB1PeriphClockCmd                   0x0800143d   Thumb Code    26  ch32f20x_rcc.o(i.RCC_APB1PeriphClockCmd)
    RCC_APB2PeriphClockCmd                   0x0800145d   Thumb Code    26  ch32f20x_rcc.o(i.RCC_APB2PeriphClockCmd)
    RCC_GetClocksFreq                        0x0800147d   Thumb Code   378  ch32f20x_rcc.o(i.RCC_GetClocksFreq)
    RCC_USBFSCLKConfig                       0x08001611   Thumb Code    24  ch32f20x_rcc.o(i.RCC_USBFSCLKConfig)
    SVC_Handler                              0x0800162d   Thumb Code     4  ch32f20x_it.o(i.SVC_Handler)
    SysTick_CLKSourceConfig                  0x080016f5   Thumb Code    40  ch32f20x_misc.o(i.SysTick_CLKSourceConfig)
    SysTick_Handler                          0x0800171d   Thumb Code     4  ch32f20x_it.o(i.SysTick_Handler)
    SystemCoreClockUpdate                    0x08001721   Thumb Code   346  system_ch32f20x.o(i.SystemCoreClockUpdate)
    SystemInit                               0x08001895   Thumb Code    92  system_ch32f20x.o(i.SystemInit)
    TIM3_IRQHandler                          0x08001901   Thumb Code    46  usbd_compostie_km.o(i.TIM3_IRQHandler)
    TIM_ClearITPendingBit                    0x0800193d   Thumb Code     6  ch32f20x_tim.o(i.TIM_ClearITPendingBit)
    TIM_GetITStatus                          0x08001943   Thumb Code    34  ch32f20x_tim.o(i.TIM_GetITStatus)
    UART4_IRQHandler                         0x08001965   Thumb Code    66  main.o(i.UART4_IRQHandler)
    USART2_IRQHandler                        0x080019b9   Thumb Code    26  usbd_compostie_km.o(i.USART2_IRQHandler)
    USART_Cmd                                0x080019dd   Thumb Code    24  ch32f20x_usart.o(i.USART_Cmd)
    USART_GetFlagStatus                      0x080019f5   Thumb Code    18  ch32f20x_usart.o(i.USART_GetFlagStatus)
    USART_GetITStatus                        0x08001a07   Thumb Code    76  ch32f20x_usart.o(i.USART_GetITStatus)
    USART_ITConfig                           0x08001a53   Thumb Code    64  ch32f20x_usart.o(i.USART_ITConfig)
    USART_Init                               0x08001a95   Thumb Code   150  ch32f20x_usart.o(i.USART_Init)
    USART_Printf_Init                        0x08001b31   Thumb Code   168  debug.o(i.USART_Printf_Init)
    USART_ReceiveData                        0x08001be5   Thumb Code    10  ch32f20x_usart.o(i.USART_ReceiveData)
    USART_SendData                           0x08001bef   Thumb Code     8  ch32f20x_usart.o(i.USART_SendData)
    USB20_RCC_Init                           0x08001bf9   Thumb Code    56  ch32f20x_usbhs_host.o(i.USB20_RCC_Init)
    USBFS_Device_Endp_Init                   0x08001c39   Thumb Code    74  ch32f20x_usbfs_device.o(i.USBFS_Device_Endp_Init)
    USBFS_Device_Init                        0x08001c99   Thumb Code   120  ch32f20x_usbfs_device.o(i.USBFS_Device_Init)
    USBFS_Endp_DataUp                        0x08001d15   Thumb Code   306  ch32f20x_usbfs_device.o(i.USBFS_Endp_DataUp)
    USBFS_IRQHandler                         0x08001e4d   Thumb Code  1786  ch32f20x_usbfs_device.o(i.USBFS_IRQHandler)
    USBFS_RCC_Init                           0x08002575   Thumb Code    64  ch32f20x_usbfs_host.o(i.USBFS_RCC_Init)
    USBFS_Send_Resume                        0x080025c5   Thumb Code    48  ch32f20x_usbfs_device.o(i.USBFS_Send_Resume)
    USBHS_Analysis_Descr                     0x080025f5   Thumb Code   294  ch32f20x_usbhs_host.o(i.USBHS_Analysis_Descr)
    USBHS_CSPLITPacket                       0x08002821   Thumb Code   376  ch32f20x_usbhs_host.o(i.USBHS_CSPLITPacket)
    USBHS_CopySetupReqPkg                    0x080029a1   Thumb Code    24  ch32f20x_usbhs_host.o(i.USBHS_CopySetupReqPkg)
    USBHS_CtrlGetConfigDescr                 0x080029bd   Thumb Code   126  ch32f20x_usbhs_host.o(i.USBHS_CtrlGetConfigDescr)
    USBHS_CtrlGetDevDescr                    0x08002a89   Thumb Code    78  ch32f20x_usbhs_host.o(i.USBHS_CtrlGetDevDescr)
    USBHS_CtrlGetReportDescr                 0x08002b1d   Thumb Code    50  ch32f20x_usbhs_host.o(i.USBHS_CtrlGetReportDescr)
    USBHS_CtrlGet_HUBDevDescr                0x08002b59   Thumb Code    74  ch32f20x_usbhs_host.o(i.USBHS_CtrlGet_HUBDevDescr)
    USBHS_CtrlSetIdle                        0x08002bb5   Thumb Code    30  ch32f20x_usbhs_host.o(i.USBHS_CtrlSetIdle)
    USBHS_CtrlSetUsbConfig                   0x08002bd9   Thumb Code    24  ch32f20x_usbhs_host.o(i.USBHS_CtrlSetUsbConfig)
    USBHS_CtrlUSBHS_SetAddress               0x08002bf9   Thumb Code    46  ch32f20x_usbhs_host.o(i.USBHS_CtrlUSBHS_SetAddress)
    USBHS_CurrentAddr                        0x08002c31   Thumb Code     6  ch32f20x_usbhs_host.o(i.USBHS_CurrentAddr)
    USBHS_HOST_ClearPortFeature_Process      0x08002c3d   Thumb Code    36  ch32f20x_usbhs_host.o(i.USBHS_HOST_ClearPortFeature_Process)
    USBHS_HUBCheckPortConnect                0x08002c65   Thumb Code   264  ch32f20x_usbhs_host.o(i.USBHS_HUBCheckPortConnect)
    USBHS_HUBHostEnum                        0x08002d75   Thumb Code  1688  ch32f20x_usbhs_host.o(i.USBHS_HUBHostEnum)
    USBHS_HUB_Process                        0x0800340d   Thumb Code  2218  ch32f20x_usbhs_host.o(i.USBHS_HUB_Process)
    USBHS_HostCtrlTransfer                   0x08003dad   Thumb Code   378  ch32f20x_usbhs_host.o(i.USBHS_HostCtrlTransfer)
    USBHS_HostEnum                           0x08003f3d   Thumb Code   242  ch32f20x_usbhs_host.o(i.USBHS_HostEnum)
    USBHS_HostInit                           0x08004195   Thumb Code    82  ch32f20x_usbhs_host.o(i.USBHS_HostInit)
    USBHS_HubClearPortFeature                0x080041f9   Thumb Code   242  ch32f20x_usbhs_host.o(i.USBHS_HubClearPortFeature)
    USBHS_HubCtrlGetHidDescr                 0x080042f1   Thumb Code    74  ch32f20x_usbhs_host.o(i.USBHS_HubCtrlGetHidDescr)
    USBHS_HubCtrlTransfer                    0x08004345   Thumb Code   490  ch32f20x_usbhs_host.o(i.USBHS_HubCtrlTransfer)
    USBHS_HubGetPortStatus                   0x08004539   Thumb Code    92  ch32f20x_usbhs_host.o(i.USBHS_HubGetPortStatus)
    USBHS_HubSetPortFeature                  0x080045a1   Thumb Code    36  ch32f20x_usbhs_host.o(i.USBHS_HubSetPortFeature)
    USBHS_HubUSBGetDevDescr                  0x080045c9   Thumb Code    66  ch32f20x_usbhs_host.o(i.USBHS_HubUSBGetDevDescr)
    USBHS_HubUSBHS_Analysis_Descr            0x08004635   Thumb Code   506  ch32f20x_usbhs_host.o(i.USBHS_HubUSBHS_Analysis_Descr)
    USBHS_HubUSBSetAddr                      0x080048bd   Thumb Code    62  ch32f20x_usbhs_host.o(i.USBHS_HubUSBSetAddr)
    USBHS_HubUSBSetIdle                      0x08004901   Thumb Code    54  ch32f20x_usbhs_host.o(i.USBHS_HubUSBSetIdle)
    USBHS_HubUSBUSBHS_SetConfig              0x0800493d   Thumb Code    62  ch32f20x_usbhs_host.o(i.USBHS_HubUSBUSBHS_SetConfig)
    USBHS_INT_In_Data                        0x08004981   Thumb Code   164  ch32f20x_usbhs_host.o(i.USBHS_INT_In_Data)
    USBHS_SSPLITPacket                       0x08004a2d   Thumb Code   366  ch32f20x_usbhs_host.o(i.USBHS_SSPLITPacket)
    USBHS_SetBusReset                        0x08004ba5   Thumb Code    76  ch32f20x_usbhs_host.o(i.USBHS_SetBusReset)
    USBHS_USBHostTransact                    0x08004bf9   Thumb Code   342  ch32f20x_usbhs_host.o(i.USBHS_USBHostTransact)
    USB_DelUSBHS_AddressNumber               0x08004d55   Thumb Code    22  ch32f20x_usbhs_host.o(i.USB_DelUSBHS_AddressNumber)
    USB_SetUSBHS_AddressNumber               0x08004d71   Thumb Code    34  ch32f20x_usbhs_host.o(i.USB_SetUSBHS_AddressNumber)
    USB_Sleep_Wakeup_CFG                     0x08004d99   Thumb Code    40  usbd_compostie_km.o(i.USB_Sleep_Wakeup_CFG)
    UsageFault_Handler                       0x08004dc1   Thumb Code     4  ch32f20x_it.o(i.UsageFault_Handler)
    _is_digit                                0x08004dc5   Thumb Code    14  __printf_wp.o(i._is_digit)
    fputc                                    0x08004dd5   Thumb Code    32  debug.o(i.fputc)
    hex_to_byte                              0x08004df9   Thumb Code    48  main.o(i.hex_to_byte)
    main                                     0x08004e29   Thumb Code   662  main.o(i.main)
    parse_hex_report                         0x08005275   Thumb Code   110  main.o(i.parse_hex_report)
    _get_lc_ctype                            0x080052e5   Thumb Code    44  lc_ctype_c.o(locale$$code)
    USBHS_GetDevDescrptor                    0x08005348   Data           8  ch32f20x_usbhs_host.o(.constdata)
    USBHS_GetConfigDescrptor                 0x08005350   Data           8  ch32f20x_usbhs_host.o(.constdata)
    USBHS_SetAddress                         0x08005358   Data           8  ch32f20x_usbhs_host.o(.constdata)
    USBHS_SetConfig                          0x08005360   Data           8  ch32f20x_usbhs_host.o(.constdata)
    USBHS_Clear_EndpStall                    0x08005368   Data           8  ch32f20x_usbhs_host.o(.constdata)
    USBHS_SetupSetUsbInterface               0x08005370   Data           8  ch32f20x_usbhs_host.o(.constdata)
    USBHS_SetupClrEndpStall                  0x08005378   Data           8  ch32f20x_usbhs_host.o(.constdata)
    MyDevDescr                               0x08005380   Data          18  usbd_desc.o(.constdata)
    MyCfgDescr                               0x08005392   Data          59  usbd_desc.o(.constdata)
    KeyRepDesc                               0x080053cd   Data          62  usbd_desc.o(.constdata)
    MouseRepDesc                             0x0800540b   Data          52  usbd_desc.o(.constdata)
    MyQuaDesc                                0x0800543f   Data          10  usbd_desc.o(.constdata)
    MyLangDescr                              0x08005449   Data           4  usbd_desc.o(.constdata)
    MyManuInfo                               0x0800544d   Data          14  usbd_desc.o(.constdata)
    MyProdInfo                               0x0800545b   Data          18  usbd_desc.o(.constdata)
    MySerNumInfo                             0x0800546d   Data          22  usbd_desc.o(.constdata)
    Region$$Table$$Base                      0x08005518   Number         0  anon$$obj.o(Region$$Table)
    Region$$Table$$Limit                     0x08005538   Number         0  anon$$obj.o(Region$$Table)
    __ctype                                  0x08005545   Data           0  lc_ctype_c.o(locale$$data)
    MS_DataPack                              0x20000001   Data           4  main.o(.data)
    KB_DataPack                              0x20000005   Data           8  main.o(.data)
    indexes                                  0x2000000d   Data           1  main.o(.data)
    clear_buffer_flag                        0x2000000e   Data           1  main.o(.data)
    SystemCoreClock                          0x20000010   Data           4  system_ch32f20x.o(.data)
    AHBPrescTable                            0x20000014   Data          16  system_ch32f20x.o(.data)
    __stdout                                 0x20000024   Data           4  debug.o(.data)
    USBHS_Hub_LinkHead                       0x20000040   Data           4  usb_hub.o(.data)
    USBFS_Hub_LinkHead                       0x20000044   Data           4  usb_hub.o(.data)
    USBHS_UsbDevEndp0Size                    0x20000049   Data           1  ch32f20x_usbhs_host.o(.data)
    USBHS_gEndp_Num                          0x2000004a   Data           1  ch32f20x_usbhs_host.o(.data)
    USBHS_Hid_Report_Len                     0x2000004b   Data           1  ch32f20x_usbhs_host.o(.data)
    USBHS_EndpnMaxSize                       0x2000004c   Data           2  ch32f20x_usbhs_host.o(.data)
    MS_Data_Packs                            0x2000004e   Data           4  ch32f20x_usbhs_host.o(.data)
    KB_Data_Packs                            0x20000052   Data           8  ch32f20x_usbhs_host.o(.data)
    USBHS_glable_index                       0x2000005a   Data           1  ch32f20x_usbhs_host.o(.data)
    pUSBFS_Descr                             0x2000005c   Data           4  ch32f20x_usbfs_device.o(.data)
    USBFS_SetupReqCode                       0x20000060   Data           1  ch32f20x_usbfs_device.o(.data)
    USBFS_SetupReqType                       0x20000061   Data           1  ch32f20x_usbfs_device.o(.data)
    USBFS_SetupReqValue                      0x20000062   Data           2  ch32f20x_usbfs_device.o(.data)
    USBFS_SetupReqIndex                      0x20000064   Data           2  ch32f20x_usbfs_device.o(.data)
    USBFS_SetupReqLen                        0x20000066   Data           2  ch32f20x_usbfs_device.o(.data)
    USBFS_DevConfig                          0x20000068   Data           1  ch32f20x_usbfs_device.o(.data)
    USBFS_DevAddr                            0x20000069   Data           1  ch32f20x_usbfs_device.o(.data)
    USBFS_DevSleepStatus                     0x2000006a   Data           1  ch32f20x_usbfs_device.o(.data)
    USBFS_DevEnumStatus                      0x2000006b   Data           1  ch32f20x_usbfs_device.o(.data)
    USBFS_HidIdle                            0x2000006c   Data           2  ch32f20x_usbfs_device.o(.data)
    USBFS_HidProtocol                        0x2000006e   Data           2  ch32f20x_usbfs_device.o(.data)
    USBFS_Endp_Busy                          0x20000070   Data           8  ch32f20x_usbfs_device.o(.data)
    MS_Scan_Done                             0x20000078   Data           1  usbd_compostie_km.o(.data)
    MS_Scan_Result                           0x2000007a   Data           2  usbd_compostie_km.o(.data)
    MS_Data_Pack                             0x2000007c   Data           4  usbd_compostie_km.o(.data)
    KB_Scan_Done                             0x20000080   Data           1  usbd_compostie_km.o(.data)
    KB_Scan_Result                           0x20000082   Data           2  usbd_compostie_km.o(.data)
    KB_Scan_Last_Result                      0x20000084   Data           2  usbd_compostie_km.o(.data)
    KB_Data_Pack                             0x20000086   Data           8  usbd_compostie_km.o(.data)
    KB_LED_Last_Status                       0x2000008e   Data           1  usbd_compostie_km.o(.data)
    KB_LED_Cur_Status                        0x2000008f   Data           1  usbd_compostie_km.o(.data)
    USART_Recv_Dat                           0x20000090   Data           1  usbd_compostie_km.o(.data)
    USART_Send_Flag                          0x20000091   Data           1  usbd_compostie_km.o(.data)
    USART_Send_Cnt                           0x20000092   Data           1  usbd_compostie_km.o(.data)
    USBHS_endpTXbuf                          0x200000a0   Data        1024  main.o(.bss)
    USBHS_endpRXbuf                          0x200004a0   Data        1024  main.o(.bss)
    USBFS_endpTXbuf                          0x200008a0   Data        1024  main.o(.bss)
    USBFS_endpRXbuf                          0x20000ca0   Data        1024  main.o(.bss)
    uart4_storage                            0x200010a0   Data         256  main.o(.bss)
    USBHS_HubInfo                            0x200011a0   Data        1840  usb_hub.o(.bss)
    USBFS_HubInfo                            0x200018d0   Data        1840  usb_hub.o(.bss)
    USBHS_thisUsbDev                         0x20002000   Data          24  ch32f20x_usbhs_host.o(.bss)
    USBHS_AddressNum                         0x20002018   Data         127  ch32f20x_usbhs_host.o(.bss)
    USBHS_Test_Buf                           0x20002098   Data        3072  ch32f20x_usbhs_host.o(.bss)
    USBFS_thisUsbDev                         0x20002c98   Data          24  ch32f20x_usbfs_host.o(.bss)
    USBFS_AddressNum                         0x20002cb0   Data         127  ch32f20x_usbfs_host.o(.bss)
    RootHubDev                               0x20002d2f   Data          62  ch32f20x_usbfs_host.o(.bss)
    USBFS_test_buf                           0x20002d70   Data        3072  ch32f20x_usbfs_host.o(.bss)
    Com_Buf                                  0x20003970   Data        1024  ch32f20x_usbfs_host.o(.bss)
    DevDesc_Buf                              0x20003d70   Data          18  ch32f20x_usbfs_host.o(.bss)
    USBFS_EP0_Buf                            0x20003d84   Data          64  ch32f20x_usbfs_device.o(.bss)
    USBFS_EP1_Buf                            0x20003dc4   Data          64  ch32f20x_usbfs_device.o(.bss)
    USBFS_EP2_Buf                            0x20003e04   Data          64  ch32f20x_usbfs_device.o(.bss)
    __libspace_start                         0x20003e44   Data          96  libspace.o(.bss)
    __temporary_stack_top$libspace           0x20003ea4   Data           0  libspace.o(.bss)



==============================================================================

Memory Map of the image

  Image Entry point : 0x080001a1

  Load Region LR_IROM1 (Base: 0x08000000, Size: 0x000056e8, Max: 0x00040000, ABSOLUTE)

    Execution Region ER_IROM1 (Exec base: 0x08000000, Load base: 0x08000000, Size: 0x00005648, Max: 0x00040000, ABSOLUTE)

    Exec Addr    Load Addr    Size         Type   Attr      Idx    E Section Name        Object

    0x08000000   0x08000000   0x000001a0   Data   RO          286    RESET               startup_ch32f20x_d8c.o
    0x080001a0   0x080001a0   0x00000008   Code   RO         4590  * !!!main             c_w.l(__main.o)
    0x080001a8   0x080001a8   0x00000034   Code   RO         4820    !!!scatter          c_w.l(__scatter.o)
    0x080001dc   0x080001dc   0x0000001a   Code   RO         4822    !!handler_copy      c_w.l(__scatter_copy.o)
    0x080001f6   0x080001f6   0x00000002   PAD
    0x080001f8   0x080001f8   0x0000001c   Code   RO         4824    !!handler_zi        c_w.l(__scatter_zi.o)
    0x08000214   0x08000214   0x00000000   Code   RO         4581    .ARM.Collect$$_printf_percent$$00000000  c_w.l(_printf_percent.o)
    0x08000214   0x08000214   0x00000006   Code   RO         4580    .ARM.Collect$$_printf_percent$$00000009  c_w.l(_printf_d.o)
    0x0800021a   0x0800021a   0x00000006   Code   RO         4579    .ARM.Collect$$_printf_percent$$0000000C  c_w.l(_printf_x.o)
    0x08000220   0x08000220   0x00000006   Code   RO         4578    .ARM.Collect$$_printf_percent$$00000014  c_w.l(_printf_s.o)
    0x08000226   0x08000226   0x00000004   Code   RO         4631    .ARM.Collect$$_printf_percent$$00000017  c_w.l(_printf_percent_end.o)
    0x0800022a   0x0800022a   0x00000002   Code   RO         4757    .ARM.Collect$$libinit$$00000000  c_w.l(libinit.o)
    0x0800022c   0x0800022c   0x00000000   Code   RO         4640    .ARM.Collect$$libinit$$00000002  c_w.l(libinit2.o)
    0x0800022c   0x0800022c   0x00000000   Code   RO         4642    .ARM.Collect$$libinit$$00000004  c_w.l(libinit2.o)
    0x0800022c   0x0800022c   0x00000008   Code   RO         4643    .ARM.Collect$$libinit$$00000005  c_w.l(libinit2.o)
    0x08000234   0x08000234   0x00000000   Code   RO         4645    .ARM.Collect$$libinit$$0000000A  c_w.l(libinit2.o)
    0x08000234   0x08000234   0x00000000   Code   RO         4647    .ARM.Collect$$libinit$$0000000C  c_w.l(libinit2.o)
    0x08000234   0x08000234   0x00000000   Code   RO         4649    .ARM.Collect$$libinit$$0000000E  c_w.l(libinit2.o)
    0x08000234   0x08000234   0x00000006   Code   RO         4650    .ARM.Collect$$libinit$$0000000F  c_w.l(libinit2.o)
    0x0800023a   0x0800023a   0x00000000   Code   RO         4652    .ARM.Collect$$libinit$$00000011  c_w.l(libinit2.o)
    0x0800023a   0x0800023a   0x0000000c   Code   RO         4653    .ARM.Collect$$libinit$$00000012  c_w.l(libinit2.o)
    0x08000246   0x08000246   0x00000000   Code   RO         4654    .ARM.Collect$$libinit$$00000013  c_w.l(libinit2.o)
    0x08000246   0x08000246   0x00000000   Code   RO         4656    .ARM.Collect$$libinit$$00000015  c_w.l(libinit2.o)
    0x08000246   0x08000246   0x00000000   Code   RO         4658    .ARM.Collect$$libinit$$00000017  c_w.l(libinit2.o)
    0x08000246   0x08000246   0x00000000   Code   RO         4660    .ARM.Collect$$libinit$$00000019  c_w.l(libinit2.o)
    0x08000246   0x08000246   0x00000000   Code   RO         4662    .ARM.Collect$$libinit$$0000001B  c_w.l(libinit2.o)
    0x08000246   0x08000246   0x00000000   Code   RO         4664    .ARM.Collect$$libinit$$0000001D  c_w.l(libinit2.o)
    0x08000246   0x08000246   0x00000000   Code   RO         4666    .ARM.Collect$$libinit$$0000001F  c_w.l(libinit2.o)
    0x08000246   0x08000246   0x00000000   Code   RO         4668    .ARM.Collect$$libinit$$00000021  c_w.l(libinit2.o)
    0x08000246   0x08000246   0x00000000   Code   RO         4670    .ARM.Collect$$libinit$$00000023  c_w.l(libinit2.o)
    0x08000246   0x08000246   0x00000000   Code   RO         4672    .ARM.Collect$$libinit$$00000025  c_w.l(libinit2.o)
    0x08000246   0x08000246   0x00000000   Code   RO         4676    .ARM.Collect$$libinit$$0000002C  c_w.l(libinit2.o)
    0x08000246   0x08000246   0x00000000   Code   RO         4678    .ARM.Collect$$libinit$$0000002E  c_w.l(libinit2.o)
    0x08000246   0x08000246   0x00000000   Code   RO         4680    .ARM.Collect$$libinit$$00000030  c_w.l(libinit2.o)
    0x08000246   0x08000246   0x00000000   Code   RO         4682    .ARM.Collect$$libinit$$00000032  c_w.l(libinit2.o)
    0x08000246   0x08000246   0x00000002   Code   RO         4683    .ARM.Collect$$libinit$$00000033  c_w.l(libinit2.o)
    0x08000248   0x08000248   0x00000002   Code   RO         4817    .ARM.Collect$$libshutdown$$00000000  c_w.l(libshutdown.o)
    0x0800024a   0x0800024a   0x00000000   Code   RO         4771    .ARM.Collect$$libshutdown$$00000002  c_w.l(libshutdown2.o)
    0x0800024a   0x0800024a   0x00000000   Code   RO         4773    .ARM.Collect$$libshutdown$$00000004  c_w.l(libshutdown2.o)
    0x0800024a   0x0800024a   0x00000000   Code   RO         4775    .ARM.Collect$$libshutdown$$00000006  c_w.l(libshutdown2.o)
    0x0800024a   0x0800024a   0x00000000   Code   RO         4778    .ARM.Collect$$libshutdown$$00000009  c_w.l(libshutdown2.o)
    0x0800024a   0x0800024a   0x00000000   Code   RO         4781    .ARM.Collect$$libshutdown$$0000000C  c_w.l(libshutdown2.o)
    0x0800024a   0x0800024a   0x00000000   Code   RO         4783    .ARM.Collect$$libshutdown$$0000000E  c_w.l(libshutdown2.o)
    0x0800024a   0x0800024a   0x00000000   Code   RO         4786    .ARM.Collect$$libshutdown$$00000011  c_w.l(libshutdown2.o)
    0x0800024a   0x0800024a   0x00000002   Code   RO         4787    .ARM.Collect$$libshutdown$$00000012  c_w.l(libshutdown2.o)
    0x0800024c   0x0800024c   0x00000000   Code   RO         4594    .ARM.Collect$$rtentry$$00000000  c_w.l(__rtentry.o)
    0x0800024c   0x0800024c   0x00000000   Code   RO         4690    .ARM.Collect$$rtentry$$00000002  c_w.l(__rtentry2.o)
    0x0800024c   0x0800024c   0x00000006   Code   RO         4702    .ARM.Collect$$rtentry$$00000004  c_w.l(__rtentry4.o)
    0x08000252   0x08000252   0x00000000   Code   RO         4692    .ARM.Collect$$rtentry$$00000009  c_w.l(__rtentry2.o)
    0x08000252   0x08000252   0x00000004   Code   RO         4693    .ARM.Collect$$rtentry$$0000000A  c_w.l(__rtentry2.o)
    0x08000256   0x08000256   0x00000000   Code   RO         4695    .ARM.Collect$$rtentry$$0000000C  c_w.l(__rtentry2.o)
    0x08000256   0x08000256   0x00000008   Code   RO         4696    .ARM.Collect$$rtentry$$0000000D  c_w.l(__rtentry2.o)
    0x0800025e   0x0800025e   0x00000002   Code   RO         4760    .ARM.Collect$$rtexit$$00000000  c_w.l(rtexit.o)
    0x08000260   0x08000260   0x00000000   Code   RO         4791    .ARM.Collect$$rtexit$$00000002  c_w.l(rtexit2.o)
    0x08000260   0x08000260   0x00000004   Code   RO         4792    .ARM.Collect$$rtexit$$00000003  c_w.l(rtexit2.o)
    0x08000264   0x08000264   0x00000006   Code   RO         4793    .ARM.Collect$$rtexit$$00000004  c_w.l(rtexit2.o)
    0x0800026a   0x0800026a   0x00000002   PAD
    0x0800026c   0x0800026c   0x00000000   Code   RO         4706    .emb_text           c_w.l(maybetermalloc1.o)
    0x0800026c   0x0800026c   0x00000040   Code   RO          287    .text               startup_ch32f20x_d8c.o
    0x080002ac   0x080002ac   0x00000010   Code   RO         4461    .text               c_w.l(rt_ctype_table.o)
    0x080002bc   0x080002bc   0x0000005e   Code   RO         4467    .text               c_w.l(h1_alloc.o)
    0x0800031a   0x0800031a   0x0000004e   Code   RO         4469    .text               c_w.l(h1_free.o)
    0x08000368   0x08000368   0x00000018   Code   RO         4527    .text               c_w.l(noretval__2printf.o)
    0x08000380   0x08000380   0x0000004e   Code   RO         4531    .text               c_w.l(_printf_pad.o)
    0x080003ce   0x080003ce   0x00000052   Code   RO         4533    .text               c_w.l(_printf_str.o)
    0x08000420   0x08000420   0x00000078   Code   RO         4535    .text               c_w.l(_printf_dec.o)
    0x08000498   0x08000498   0x00000058   Code   RO         4540    .text               c_w.l(_printf_hex_int.o)
    0x080004f0   0x080004f0   0x00000138   Code   RO         4570    .text               c_w.l(__printf_flags_wp.o)
    0x08000628   0x08000628   0x0000008a   Code   RO         4582    .text               c_w.l(rt_memcpy_v6.o)
    0x080006b2   0x080006b2   0x00000064   Code   RO         4584    .text               c_w.l(rt_memcpy_w.o)
    0x08000716   0x08000716   0x00000044   Code   RO         4586    .text               c_w.l(rt_memclr.o)
    0x0800075a   0x0800075a   0x00000006   Code   RO         4588    .text               c_w.l(heapauxi.o)
    0x08000760   0x08000760   0x00000008   Code   RO         4598    .text               c_w.l(rt_heap_descriptor_intlibspace.o)
    0x08000768   0x08000768   0x00000008   Code   RO         4603    .text               c_w.l(rt_locale_intlibspace.o)
    0x08000770   0x08000770   0x00000004   Code   RO         4605    .text               c_w.l(hguard.o)
    0x08000774   0x08000774   0x0000008a   Code   RO         4607    .text               c_w.l(init_alloc.o)
    0x080007fe   0x080007fe   0x0000000e   Code   RO         4611    .text               c_w.l(h1_init.o)
    0x0800080c   0x0800080c   0x000000b2   Code   RO         4625    .text               c_w.l(_printf_intcommon.o)
    0x080008be   0x080008be   0x0000002c   Code   RO         4627    .text               c_w.l(_printf_char.o)
    0x080008ea   0x080008ea   0x00000002   PAD
    0x080008ec   0x080008ec   0x00000024   Code   RO         4629    .text               c_w.l(_printf_char_file.o)
    0x08000910   0x08000910   0x0000004e   Code   RO         4635    .text               c_w.l(rt_memclr_w.o)
    0x0800095e   0x0800095e   0x00000002   PAD
    0x08000960   0x08000960   0x00000008   Code   RO         4686    .text               c_w.l(libspace.o)
    0x08000968   0x08000968   0x00000034   Code   RO         4708    .text               c_w.l(h1_extend.o)
    0x0800099c   0x0800099c   0x00000030   Code   RO         4712    .text               c_w.l(_printf_char_common.o)
    0x080009cc   0x080009cc   0x00000008   Code   RO         4714    .text               c_w.l(ferror.o)
    0x080009d4   0x080009d4   0x0000000e   Code   RO         4718    .text               c_w.l(defsig_rtmem_outer.o)
    0x080009e2   0x080009e2   0x00000002   PAD
    0x080009e4   0x080009e4   0x00000080   Code   RO         4722    .text               c_w.l(strcmpv7m.o)
    0x08000a64   0x08000a64   0x00000002   Code   RO         4731    .text               c_w.l(use_no_semi.o)
    0x08000a66   0x08000a66   0x00000000   Code   RO         4733    .text               c_w.l(indicate_semi.o)
    0x08000a66   0x08000a66   0x0000004a   Code   RO         4734    .text               c_w.l(sys_stackheap_outer.o)
    0x08000ab0   0x08000ab0   0x00000012   Code   RO         4742    .text               c_w.l(exit.o)
    0x08000ac2   0x08000ac2   0x0000000a   Code   RO         4744    .text               c_w.l(defsig_exit.o)
    0x08000acc   0x08000acc   0x00000050   Code   RO         4746    .text               c_w.l(defsig_rtmem_inner.o)
    0x08000b1c   0x08000b1c   0x0000000c   Code   RO         4758    .text               c_w.l(sys_exit.o)
    0x08000b28   0x08000b28   0x00000032   Code   RO         4768    .text               c_w.l(defsig_general.o)
    0x08000b5a   0x08000b5a   0x0000000e   Code   RO         4788    .text               c_w.l(sys_wrch.o)
    0x08000b68   0x08000b68   0x00000004   Code   RO            1    i.BusFault_Handler  ch32f20x_it.o
    0x08000b6c   0x08000b6c   0x00000004   Code   RO            2    i.DebugMon_Handler  ch32f20x_it.o
    0x08000b70   0x08000b70   0x00000044   Code   RO          302    i.Delay_Init        debug.o
    0x08000bb4   0x08000bb4   0x0000004c   Code   RO          303    i.Delay_Ms          debug.o
    0x08000c00   0x08000c00   0x0000004c   Code   RO          304    i.Delay_Us          debug.o
    0x08000c4c   0x08000c4c   0x0000000c   Code   RO         1067    i.EXTI_ClearFlag    ch32f20x_exti.o
    0x08000c58   0x08000c58   0x00000018   Code   RO         1071    i.EXTI_GetFlagStatus  ch32f20x_exti.o
    0x08000c70   0x08000c70   0x00000094   Code   RO         1073    i.EXTI_Init         ch32f20x_exti.o
    0x08000d04   0x08000d04   0x00000116   Code   RO         1421    i.GPIO_Init         ch32f20x_gpio.o
    0x08000e1a   0x08000e1a   0x00000002   PAD
    0x08000e1c   0x08000e1c   0x000000d0   Code   RO         1423    i.GPIO_PinRemapConfig  ch32f20x_gpio.o
    0x08000eec   0x08000eec   0x00000008   Code   RO         1424    i.GPIO_ReadInputData  ch32f20x_gpio.o
    0x08000ef4   0x08000ef4   0x00000004   Code   RO            3    i.HardFault_Handler  ch32f20x_it.o
    0x08000ef8   0x08000ef8   0x00000090   Code   RO         3588    i.HubUSBHS_CtrlGetConfigDescr  ch32f20x_usbhs_host.o
    0x08000f88   0x08000f88   0x0000007e   Code   RO         3519    i.Hublink_DeleteHubData  usb_hub.o
    0x08001006   0x08001006   0x00000028   Code   RO         3520    i.Hublink_InitHubLink  usb_hub.o
    0x0800102e   0x0800102e   0x0000004c   Code   RO         3521    i.Hublink_InsertHubData  usb_hub.o
    0x0800107a   0x0800107a   0x00000052   Code   RO         3522    i.Hublink_ModifyHubData  usb_hub.o
    0x080010cc   0x080010cc   0x00000046   Code   RO         3523    i.Hublink_SearchHubData  usb_hub.o
    0x08001112   0x08001112   0x0000002a   Code   RO         3524    i.Hublink_finesubstructures  usb_hub.o
    0x0800113c   0x0800113c   0x000000d0   Code   RO         3525    i.Hublink_judgingstructures  usb_hub.o
    0x0800120c   0x0800120c   0x00000078   Code   RO         4343    i.KB_Scan           usbd_compostie_km.o
    0x08001284   0x08001284   0x00000074   Code   RO         4347    i.MCU_Sleep_Wakeup_Operate  usbd_compostie_km.o
    0x080012f8   0x080012f8   0x00000068   Code   RO         4348    i.MS_Scan           usbd_compostie_km.o
    0x08001360   0x08001360   0x00000004   Code   RO            4    i.MemManage_Handler  ch32f20x_it.o
    0x08001364   0x08001364   0x00000004   Code   RO            5    i.NMI_Handler       ch32f20x_it.o
    0x08001368   0x08001368   0x00000070   Code   RO         1780    i.NVIC_Init         ch32f20x_misc.o
    0x080013d8   0x080013d8   0x00000040   Code   RO         1876    i.PWR_EnterSTOPMode  ch32f20x_pwr.o
    0x08001418   0x08001418   0x00000004   Code   RO            6    i.PendSV_Handler    ch32f20x_it.o
    0x0800141c   0x0800141c   0x00000020   Code   RO         1960    i.RCC_AHBPeriphClockCmd  ch32f20x_rcc.o
    0x0800143c   0x0800143c   0x00000020   Code   RO         1962    i.RCC_APB1PeriphClockCmd  ch32f20x_rcc.o
    0x0800145c   0x0800145c   0x00000020   Code   RO         1964    i.RCC_APB2PeriphClockCmd  ch32f20x_rcc.o
    0x0800147c   0x0800147c   0x00000194   Code   RO         1975    i.RCC_GetClocksFreq  ch32f20x_rcc.o
    0x08001610   0x08001610   0x0000001c   Code   RO         2004    i.RCC_USBFSCLKConfig  ch32f20x_rcc.o
    0x0800162c   0x0800162c   0x00000004   Code   RO            7    i.SVC_Handler       ch32f20x_it.o
    0x08001630   0x08001630   0x00000008   Code   RO          250    i.SetSysClock       system_ch32f20x.o
    0x08001638   0x08001638   0x000000bc   Code   RO          251    i.SetSysClockTo48_HSE  system_ch32f20x.o
    0x080016f4   0x080016f4   0x00000028   Code   RO         1784    i.SysTick_CLKSourceConfig  ch32f20x_misc.o
    0x0800171c   0x0800171c   0x00000004   Code   RO            8    i.SysTick_Handler   ch32f20x_it.o
    0x08001720   0x08001720   0x00000174   Code   RO          252    i.SystemCoreClockUpdate  system_ch32f20x.o
    0x08001894   0x08001894   0x0000006c   Code   RO          253    i.SystemInit        system_ch32f20x.o
    0x08001900   0x08001900   0x0000003c   Code   RO         4352    i.TIM3_IRQHandler   usbd_compostie_km.o
    0x0800193c   0x0800193c   0x00000006   Code   RO         2760    i.TIM_ClearITPendingBit  ch32f20x_tim.o
    0x08001942   0x08001942   0x00000022   Code   RO         2786    i.TIM_GetITStatus   ch32f20x_tim.o
    0x08001964   0x08001964   0x00000054   Code   RO          152    i.UART4_IRQHandler  main.o
    0x080019b8   0x080019b8   0x00000024   Code   RO         4354    i.USART2_IRQHandler  usbd_compostie_km.o
    0x080019dc   0x080019dc   0x00000018   Code   RO         3301    i.USART_Cmd         ch32f20x_usart.o
    0x080019f4   0x080019f4   0x00000012   Code   RO         3304    i.USART_GetFlagStatus  ch32f20x_usart.o
    0x08001a06   0x08001a06   0x0000004c   Code   RO         3305    i.USART_GetITStatus  ch32f20x_usart.o
    0x08001a52   0x08001a52   0x00000040   Code   RO         3307    i.USART_ITConfig    ch32f20x_usart.o
    0x08001a92   0x08001a92   0x00000002   PAD
    0x08001a94   0x08001a94   0x0000009c   Code   RO         3308    i.USART_Init        ch32f20x_usart.o
    0x08001b30   0x08001b30   0x000000b4   Code   RO          305    i.USART_Printf_Init  debug.o
    0x08001be4   0x08001be4   0x0000000a   Code   RO         3313    i.USART_ReceiveData  ch32f20x_usart.o
    0x08001bee   0x08001bee   0x00000008   Code   RO         3316    i.USART_SendData    ch32f20x_usart.o
    0x08001bf6   0x08001bf6   0x00000002   PAD
    0x08001bf8   0x08001bf8   0x00000040   Code   RO         3591    i.USB20_RCC_Init    ch32f20x_usbhs_host.o
    0x08001c38   0x08001c38   0x00000060   Code   RO         4275    i.USBFS_Device_Endp_Init  ch32f20x_usbfs_device.o
    0x08001c98   0x08001c98   0x0000007c   Code   RO         4276    i.USBFS_Device_Init  ch32f20x_usbfs_device.o
    0x08001d14   0x08001d14   0x00000138   Code   RO         4277    i.USBFS_Endp_DataUp  ch32f20x_usbfs_device.o
    0x08001e4c   0x08001e4c   0x00000728   Code   RO         4278    i.USBFS_IRQHandler  ch32f20x_usbfs_device.o
    0x08002574   0x08002574   0x00000050   Code   RO         3959    i.USBFS_RCC_Init    ch32f20x_usbfs_host.o
    0x080025c4   0x080025c4   0x00000030   Code   RO         4279    i.USBFS_Send_Resume  ch32f20x_usbfs_device.o
    0x080025f4   0x080025f4   0x0000022c   Code   RO         3592    i.USBHS_Analysis_Descr  ch32f20x_usbhs_host.o
    0x08002820   0x08002820   0x00000180   Code   RO         3595    i.USBHS_CSPLITPacket  ch32f20x_usbhs_host.o
    0x080029a0   0x080029a0   0x0000001c   Code   RO         3596    i.USBHS_CopySetupReqPkg  ch32f20x_usbhs_host.o
    0x080029bc   0x080029bc   0x000000cc   Code   RO         3598    i.USBHS_CtrlGetConfigDescr  ch32f20x_usbhs_host.o
    0x08002a88   0x08002a88   0x00000094   Code   RO         3599    i.USBHS_CtrlGetDevDescr  ch32f20x_usbhs_host.o
    0x08002b1c   0x08002b1c   0x0000003c   Code   RO         3600    i.USBHS_CtrlGetReportDescr  ch32f20x_usbhs_host.o
    0x08002b58   0x08002b58   0x0000005c   Code   RO         3601    i.USBHS_CtrlGet_HUBDevDescr  ch32f20x_usbhs_host.o
    0x08002bb4   0x08002bb4   0x00000024   Code   RO         3602    i.USBHS_CtrlSetIdle  ch32f20x_usbhs_host.o
    0x08002bd8   0x08002bd8   0x00000020   Code   RO         3603    i.USBHS_CtrlSetUsbConfig  ch32f20x_usbhs_host.o
    0x08002bf8   0x08002bf8   0x00000038   Code   RO         3605    i.USBHS_CtrlUSBHS_SetAddress  ch32f20x_usbhs_host.o
    0x08002c30   0x08002c30   0x0000000c   Code   RO         3606    i.USBHS_CurrentAddr  ch32f20x_usbhs_host.o
    0x08002c3c   0x08002c3c   0x00000028   Code   RO         3607    i.USBHS_HOST_ClearPortFeature_Process  ch32f20x_usbhs_host.o
    0x08002c64   0x08002c64   0x00000110   Code   RO         3608    i.USBHS_HUBCheckPortConnect  ch32f20x_usbhs_host.o
    0x08002d74   0x08002d74   0x00000698   Code   RO         3609    i.USBHS_HUBHostEnum  ch32f20x_usbhs_host.o
    0x0800340c   0x0800340c   0x000009a0   Code   RO         3610    i.USBHS_HUB_Process  ch32f20x_usbhs_host.o
    0x08003dac   0x08003dac   0x00000190   Code   RO         3612    i.USBHS_HostCtrlTransfer  ch32f20x_usbhs_host.o
    0x08003f3c   0x08003f3c   0x00000258   Code   RO         3613    i.USBHS_HostEnum    ch32f20x_usbhs_host.o
    0x08004194   0x08004194   0x00000064   Code   RO         3614    i.USBHS_HostInit    ch32f20x_usbhs_host.o
    0x080041f8   0x080041f8   0x000000f8   Code   RO         3615    i.USBHS_HubClearPortFeature  ch32f20x_usbhs_host.o
    0x080042f0   0x080042f0   0x00000054   Code   RO         3616    i.USBHS_HubCtrlGetHidDescr  ch32f20x_usbhs_host.o
    0x08004344   0x08004344   0x000001f4   Code   RO         3617    i.USBHS_HubCtrlTransfer  ch32f20x_usbhs_host.o
    0x08004538   0x08004538   0x00000068   Code   RO         3618    i.USBHS_HubGetPortStatus  ch32f20x_usbhs_host.o
    0x080045a0   0x080045a0   0x00000028   Code   RO         3619    i.USBHS_HubSetPortFeature  ch32f20x_usbhs_host.o
    0x080045c8   0x080045c8   0x0000006c   Code   RO         3620    i.USBHS_HubUSBGetDevDescr  ch32f20x_usbhs_host.o
    0x08004634   0x08004634   0x00000288   Code   RO         3621    i.USBHS_HubUSBHS_Analysis_Descr  ch32f20x_usbhs_host.o
    0x080048bc   0x080048bc   0x00000044   Code   RO         3622    i.USBHS_HubUSBSetAddr  ch32f20x_usbhs_host.o
    0x08004900   0x08004900   0x0000003c   Code   RO         3623    i.USBHS_HubUSBSetIdle  ch32f20x_usbhs_host.o
    0x0800493c   0x0800493c   0x00000044   Code   RO         3625    i.USBHS_HubUSBUSBHS_SetConfig  ch32f20x_usbhs_host.o
    0x08004980   0x08004980   0x000000ac   Code   RO         3626    i.USBHS_INT_In_Data  ch32f20x_usbhs_host.o
    0x08004a2c   0x08004a2c   0x00000178   Code   RO         3629    i.USBHS_SSPLITPacket  ch32f20x_usbhs_host.o
    0x08004ba4   0x08004ba4   0x00000054   Code   RO         3630    i.USBHS_SetBusReset  ch32f20x_usbhs_host.o
    0x08004bf8   0x08004bf8   0x0000015c   Code   RO         3631    i.USBHS_USBHostTransact  ch32f20x_usbhs_host.o
    0x08004d54   0x08004d54   0x0000001c   Code   RO         3633    i.USB_DelUSBHS_AddressNumber  ch32f20x_usbhs_host.o
    0x08004d70   0x08004d70   0x00000028   Code   RO         3634    i.USB_SetUSBHS_AddressNumber  ch32f20x_usbhs_host.o
    0x08004d98   0x08004d98   0x00000028   Code   RO         4357    i.USB_Sleep_Wakeup_CFG  usbd_compostie_km.o
    0x08004dc0   0x08004dc0   0x00000004   Code   RO            9    i.UsageFault_Handler  ch32f20x_it.o
    0x08004dc4   0x08004dc4   0x0000000e   Code   RO         4568    i._is_digit         c_w.l(__printf_wp.o)
    0x08004dd2   0x08004dd2   0x00000002   PAD
    0x08004dd4   0x08004dd4   0x00000024   Code   RO          306    i.fputc             debug.o
    0x08004df8   0x08004df8   0x00000030   Code   RO          154    i.hex_to_byte       main.o
    0x08004e28   0x08004e28   0x0000044c   Code   RO          155    i.main              main.o
    0x08005274   0x08005274   0x0000006e   Code   RO          156    i.parse_hex_report  main.o
    0x080052e2   0x080052e2   0x00000002   PAD
    0x080052e4   0x080052e4   0x0000002c   Code   RO         4633    locale$$code        c_w.l(lc_ctype_c.o)
    0x08005310   0x08005310   0x00000070   Data   RO         3636    .constdata          ch32f20x_usbhs_host.o
    0x08005380   0x08005380   0x00000103   Data   RO         4330    .constdata          usbd_desc.o
    0x08005483   0x08005483   0x00000028   Data   RO         4541    .constdata          c_w.l(_printf_hex_int.o)
    0x080054ab   0x080054ab   0x00000011   Data   RO         4571    .constdata          c_w.l(__printf_flags_wp.o)
    0x080054bc   0x080054bc   0x0000005b   Data   RO         3637    .conststring        ch32f20x_usbhs_host.o
    0x08005517   0x08005517   0x00000001   PAD
    0x08005518   0x08005518   0x00000020   Data   RO         4818    Region$$Table       anon$$obj.o
    0x08005538   0x08005538   0x00000110   Data   RO         4632    locale$$data        c_w.l(lc_ctype_c.o)


    Execution Region RW_IRAM1 (Exec base: 0x20000000, Load base: 0x08005648, Size: 0x000046a8, Max: 0x00010000, ABSOLUTE)

    Exec Addr    Load Addr    Size         Type   Attr      Idx    E Section Name        Object

    0x20000000   0x08005648   0x0000000f   Data   RW          159    .data               main.o
    0x2000000f   0x08005657   0x00000001   PAD
    0x20000010   0x08005658   0x00000014   Data   RW          254    .data               system_ch32f20x.o
    0x20000024   0x0800566c   0x00000008   Data   RW          307    .data               debug.o
    0x2000002c   0x08005674   0x00000014   Data   RW         2010    .data               ch32f20x_rcc.o
    0x20000040   0x08005688   0x00000008   Data   RW         3528    .data               usb_hub.o
    0x20000048   0x08005690   0x00000013   Data   RW         3638    .data               ch32f20x_usbhs_host.o
    0x2000005b   0x080056a3   0x00000001   PAD
    0x2000005c   0x080056a4   0x0000001c   Data   RW         4281    .data               ch32f20x_usbfs_device.o
    0x20000078   0x080056c0   0x00000027   Data   RW         4358    .data               usbd_compostie_km.o
    0x2000009f   0x080056e7   0x00000001   PAD
    0x200000a0        -       0x00001100   Zero   RW          157    .bss                main.o
    0x200011a0        -       0x00000e60   Zero   RW         3526    .bss                usb_hub.o
    0x20002000        -       0x00000c98   Zero   RW         3635    .bss                ch32f20x_usbhs_host.o
    0x20002c98        -       0x000010ea   Zero   RW         3968    .bss                ch32f20x_usbfs_host.o
    0x20003d82   0x080056e7   0x00000002   PAD
    0x20003d84        -       0x000000c0   Zero   RW         4280    .bss                ch32f20x_usbfs_device.o
    0x20003e44        -       0x00000060   Zero   RW         4687    .bss                c_w.l(libspace.o)
    0x20003ea4   0x080056e7   0x00000004   PAD
    0x20003ea8        -       0x00000400   Zero   RW          285    HEAP                startup_ch32f20x_d8c.o
    0x200042a8        -       0x00000400   Zero   RW          284    STACK               startup_ch32f20x_d8c.o


==============================================================================

Image component sizes


      Code (inc. data)   RO Data    RW Data    ZI Data      Debug   Object Name

       184         16          0          0          0       2422   ch32f20x_exti.o
       494          4          0          0          0       3415   ch32f20x_gpio.o
        36          0          0          0          0     192358   ch32f20x_it.o
       152         12          0          0          0       1914   ch32f20x_misc.o
        64         10          0          0          0        700   ch32f20x_pwr.o
       528         48          0         20          0       5807   ch32f20x_rcc.o
        40          0          0          0          0       2062   ch32f20x_tim.o
       356          6          0          0          0       6677   ch32f20x_usart.o
      2412        196          0         28        192      21631   ch32f20x_usbfs_device.o
        80         16          0          0       4330      17247   ch32f20x_usbfs_host.o
     10356       2568        203         19       3224      47680   ch32f20x_usbhs_host.o
       436         42          0          8          0       5089   debug.o
      1342        456          0         15       4352      36247   main.o
        64         26        416          0       2048        900   startup_ch32f20x_d8c.o
       676         48          0         20          0       3265   system_ch32f20x.o
       644          6          0          8       3680      19839   usb_hub.o
       476         82          0         39          0       6933   usbd_compostie_km.o
         0          0        259          0          0       1001   usbd_desc.o

    ----------------------------------------------------------------------
     18348       3536        911        160      17828     375187   Object Totals
         0          0         32          0          0          0   (incl. Generated)
         8          0          1          3          2          0   (incl. Padding)

    ----------------------------------------------------------------------

      Code (inc. data)   RO Data    RW Data    ZI Data      Debug   Library Member Name

         8          0          0          0          0         68   __main.o
       312          4         17          0          0         92   __printf_flags_wp.o
        14          0          0          0          0         68   __printf_wp.o
         0          0          0          0          0          0   __rtentry.o
        12          0          0          0          0          0   __rtentry2.o
         6          0          0          0          0          0   __rtentry4.o
        52          8          0          0          0          0   __scatter.o
        26          0          0          0          0          0   __scatter_copy.o
        28          0          0          0          0          0   __scatter_zi.o
        44          0          0          0          0        108   _printf_char.o
        48          6          0          0          0         96   _printf_char_common.o
        36          4          0          0          0         80   _printf_char_file.o
         6          0          0          0          0          0   _printf_d.o
       120         16          0          0          0         92   _printf_dec.o
        88          4         40          0          0         88   _printf_hex_int.o
       178          0          0          0          0         88   _printf_intcommon.o
        78          0          0          0          0        108   _printf_pad.o
         0          0          0          0          0          0   _printf_percent.o
         4          0          0          0          0          0   _printf_percent_end.o
         6          0          0          0          0          0   _printf_s.o
        82          0          0          0          0         80   _printf_str.o
         6          0          0          0          0          0   _printf_x.o
        10          0          0          0          0         68   defsig_exit.o
        50          0          0          0          0         88   defsig_general.o
        80         58          0          0          0         76   defsig_rtmem_inner.o
        14          0          0          0          0         80   defsig_rtmem_outer.o
        18          0          0          0          0         80   exit.o
         8          0          0          0          0         68   ferror.o
        94          0          0          0          0         80   h1_alloc.o
        52          0          0          0          0         68   h1_extend.o
        78          0          0          0          0         80   h1_free.o
        14          0          0          0          0         84   h1_init.o
         6          0          0          0          0        152   heapauxi.o
         4          0          0          0          0        136   hguard.o
         0          0          0          0          0          0   indicate_semi.o
       138          0          0          0          0        168   init_alloc.o
        44         10        272          0          0         76   lc_ctype_c.o
         2          0          0          0          0          0   libinit.o
        28          0          0          0          0          0   libinit2.o
         2          0          0          0          0          0   libshutdown.o
         2          0          0          0          0          0   libshutdown2.o
         8          4          0          0         96         68   libspace.o
         0          0          0          0          0          0   maybetermalloc1.o
        24          4          0          0          0         84   noretval__2printf.o
        16          4          0          0          0         76   rt_ctype_table.o
         8          4          0          0          0         68   rt_heap_descriptor_intlibspace.o
         8          4          0          0          0         68   rt_locale_intlibspace.o
        68          0          0          0          0         68   rt_memclr.o
        78          0          0          0          0         80   rt_memclr_w.o
       138          0          0          0          0         68   rt_memcpy_v6.o
       100          0          0          0          0         80   rt_memcpy_w.o
         2          0          0          0          0          0   rtexit.o
        10          0          0          0          0          0   rtexit2.o
       128          0          0          0          0         68   strcmpv7m.o
        12          4          0          0          0         68   sys_exit.o
        74          0          0          0          0         80   sys_stackheap_outer.o
        14          0          0          0          0         76   sys_wrch.o
         2          0          0          0          0         68   use_no_semi.o

    ----------------------------------------------------------------------
      2500        134        329          0        100       3292   Library Totals
        12          0          0          0          4          0   (incl. Padding)

    ----------------------------------------------------------------------

      Code (inc. data)   RO Data    RW Data    ZI Data      Debug   Library Name

      2488        134        329          0         96       3292   c_w.l

    ----------------------------------------------------------------------
      2500        134        329          0        100       3292   Library Totals

    ----------------------------------------------------------------------

==============================================================================


      Code (inc. data)   RO Data    RW Data    ZI Data      Debug   

     20848       3670       1240        160      17928     371611   Grand Totals
     20848       3670       1240        160      17928     371611   ELF Image Totals
     20848       3670       1240        160          0          0   ROM Totals

==============================================================================

    Total RO  Size (Code + RO Data)                22088 (  21.57kB)
    Total RW  Size (RW Data + ZI Data)             18088 (  17.66kB)
    Total ROM Size (Code + RO Data + RW Data)      22248 (  21.73kB)

==============================================================================

