<!doctype html public "-//w3c//dtd html 4.0 transitional//en">
<html><head>
<title>Static Call Graph - [.\obj\CH32F20x.axf]</title></head>
<body><HR>
<H1>Static Call Graph for image .\obj\CH32F20x.axf</H1><HR>
<BR><P>#&#060CALLGRAPH&#062# ARM Linker, 5060960: Last Updated: Mon Feb 02 16:31:00 2026
<BR><P>
<H3>Maximum Stack Usage =       1848 bytes + Unknown(Functions without stacksize, Cycles, Untraceable Function Pointers)</H3><H3>
Call chain for Maximum Stack Depth:</H3>
__rt_entry_main &rArr; main &rArr; USBHS_HUB_Process &rArr;  USBHS_HUB_Process (Cycle)
<P>
<H3>
Functions with no stack information
</H3><UL>
 <LI><a href="#[a5]">__user_initial_stackheap</a>
</UL>
</UL>
<P>
<H3>
Mutually Recursive functions
</H3> <LI><a href="#[24]">ADC1_2_IRQHandler</a>&nbsp;&nbsp;&nbsp;&rArr;&nbsp;&nbsp;&nbsp;<a href="#[24]">ADC1_2_IRQHandler</a><BR>
 <LI><a href="#[f2]">USBHS_HUB_Process</a>&nbsp;&nbsp;&nbsp;&rArr;&nbsp;&nbsp;&nbsp;<a href="#[f2]">USBHS_HUB_Process</a><BR>
 <LI><a href="#[b6]">Hublink_judgingstructures</a>&nbsp;&nbsp;&nbsp;&rArr;&nbsp;&nbsp;&nbsp;<a href="#[b6]">Hublink_judgingstructures</a><BR>
</UL>
<P>
<H3>
Function Pointers
</H3><UL>
 <LI><a href="#[24]">ADC1_2_IRQHandler</a> from startup_ch32f20x_d8c.o(.text) referenced from startup_ch32f20x_d8c.o(RESET)
 <LI><a href="#[c]">BusFault_Handler</a> from ch32f20x_it.o(i.BusFault_Handler) referenced from startup_ch32f20x_d8c.o(RESET)
 <LI><a href="#[27]">CAN1_RX1_IRQHandler</a> from startup_ch32f20x_d8c.o(.text) referenced from startup_ch32f20x_d8c.o(RESET)
 <LI><a href="#[28]">CAN1_SCE_IRQHandler</a> from startup_ch32f20x_d8c.o(.text) referenced from startup_ch32f20x_d8c.o(RESET)
 <LI><a href="#[50]">CAN2_RX0_IRQHandler</a> from startup_ch32f20x_d8c.o(.text) referenced from startup_ch32f20x_d8c.o(RESET)
 <LI><a href="#[51]">CAN2_RX1_IRQHandler</a> from startup_ch32f20x_d8c.o(.text) referenced from startup_ch32f20x_d8c.o(RESET)
 <LI><a href="#[52]">CAN2_SCE_IRQHandler</a> from startup_ch32f20x_d8c.o(.text) referenced from startup_ch32f20x_d8c.o(RESET)
 <LI><a href="#[4f]">CAN2_TX_IRQHandler</a> from startup_ch32f20x_d8c.o(.text) referenced from startup_ch32f20x_d8c.o(RESET)
 <LI><a href="#[1d]">DMA1_Channel1_IRQHandler</a> from startup_ch32f20x_d8c.o(.text) referenced from startup_ch32f20x_d8c.o(RESET)
 <LI><a href="#[1e]">DMA1_Channel2_IRQHandler</a> from startup_ch32f20x_d8c.o(.text) referenced from startup_ch32f20x_d8c.o(RESET)
 <LI><a href="#[1f]">DMA1_Channel3_IRQHandler</a> from startup_ch32f20x_d8c.o(.text) referenced from startup_ch32f20x_d8c.o(RESET)
 <LI><a href="#[20]">DMA1_Channel4_IRQHandler</a> from startup_ch32f20x_d8c.o(.text) referenced from startup_ch32f20x_d8c.o(RESET)
 <LI><a href="#[21]">DMA1_Channel5_IRQHandler</a> from startup_ch32f20x_d8c.o(.text) referenced from startup_ch32f20x_d8c.o(RESET)
 <LI><a href="#[22]">DMA1_Channel6_IRQHandler</a> from startup_ch32f20x_d8c.o(.text) referenced from startup_ch32f20x_d8c.o(RESET)
 <LI><a href="#[23]">DMA1_Channel7_IRQHandler</a> from startup_ch32f20x_d8c.o(.text) referenced from startup_ch32f20x_d8c.o(RESET)
 <LI><a href="#[66]">DMA2_Channel10_IRQHandler</a> from startup_ch32f20x_d8c.o(.text) referenced from startup_ch32f20x_d8c.o(RESET)
 <LI><a href="#[67]">DMA2_Channel11_IRQHandler</a> from startup_ch32f20x_d8c.o(.text) referenced from startup_ch32f20x_d8c.o(RESET)
 <LI><a href="#[48]">DMA2_Channel1_IRQHandler</a> from startup_ch32f20x_d8c.o(.text) referenced from startup_ch32f20x_d8c.o(RESET)
 <LI><a href="#[49]">DMA2_Channel2_IRQHandler</a> from startup_ch32f20x_d8c.o(.text) referenced from startup_ch32f20x_d8c.o(RESET)
 <LI><a href="#[4a]">DMA2_Channel3_IRQHandler</a> from startup_ch32f20x_d8c.o(.text) referenced from startup_ch32f20x_d8c.o(RESET)
 <LI><a href="#[4b]">DMA2_Channel4_IRQHandler</a> from startup_ch32f20x_d8c.o(.text) referenced from startup_ch32f20x_d8c.o(RESET)
 <LI><a href="#[4c]">DMA2_Channel5_IRQHandler</a> from startup_ch32f20x_d8c.o(.text) referenced from startup_ch32f20x_d8c.o(RESET)
 <LI><a href="#[62]">DMA2_Channel6_IRQHandler</a> from startup_ch32f20x_d8c.o(.text) referenced from startup_ch32f20x_d8c.o(RESET)
 <LI><a href="#[63]">DMA2_Channel7_IRQHandler</a> from startup_ch32f20x_d8c.o(.text) referenced from startup_ch32f20x_d8c.o(RESET)
 <LI><a href="#[64]">DMA2_Channel8_IRQHandler</a> from startup_ch32f20x_d8c.o(.text) referenced from startup_ch32f20x_d8c.o(RESET)
 <LI><a href="#[65]">DMA2_Channel9_IRQHandler</a> from startup_ch32f20x_d8c.o(.text) referenced from startup_ch32f20x_d8c.o(RESET)
 <LI><a href="#[56]">DVP_IRQHandler</a> from startup_ch32f20x_d8c.o(.text) referenced from startup_ch32f20x_d8c.o(RESET)
 <LI><a href="#[f]">DebugMon_Handler</a> from ch32f20x_it.o(i.DebugMon_Handler) referenced from startup_ch32f20x_d8c.o(RESET)
 <LI><a href="#[4d]">ETH_IRQHandler</a> from startup_ch32f20x_d8c.o(.text) referenced from startup_ch32f20x_d8c.o(RESET)
 <LI><a href="#[4e]">ETH_WKUP_IRQHandler</a> from startup_ch32f20x_d8c.o(.text) referenced from startup_ch32f20x_d8c.o(RESET)
 <LI><a href="#[18]">EXTI0_IRQHandler</a> from startup_ch32f20x_d8c.o(.text) referenced from startup_ch32f20x_d8c.o(RESET)
 <LI><a href="#[3a]">EXTI15_10_IRQHandler</a> from startup_ch32f20x_d8c.o(.text) referenced from startup_ch32f20x_d8c.o(RESET)
 <LI><a href="#[19]">EXTI1_IRQHandler</a> from startup_ch32f20x_d8c.o(.text) referenced from startup_ch32f20x_d8c.o(RESET)
 <LI><a href="#[1a]">EXTI2_IRQHandler</a> from startup_ch32f20x_d8c.o(.text) referenced from startup_ch32f20x_d8c.o(RESET)
 <LI><a href="#[1b]">EXTI3_IRQHandler</a> from startup_ch32f20x_d8c.o(.text) referenced from startup_ch32f20x_d8c.o(RESET)
 <LI><a href="#[1c]">EXTI4_IRQHandler</a> from startup_ch32f20x_d8c.o(.text) referenced from startup_ch32f20x_d8c.o(RESET)
 <LI><a href="#[29]">EXTI9_5_IRQHandler</a> from startup_ch32f20x_d8c.o(.text) referenced from startup_ch32f20x_d8c.o(RESET)
 <LI><a href="#[16]">FLASH_IRQHandler</a> from startup_ch32f20x_d8c.o(.text) referenced from startup_ch32f20x_d8c.o(RESET)
 <LI><a href="#[a]">HardFault_Handler</a> from ch32f20x_it.o(i.HardFault_Handler) referenced from startup_ch32f20x_d8c.o(RESET)
 <LI><a href="#[32]">I2C1_ER_IRQHandler</a> from startup_ch32f20x_d8c.o(.text) referenced from startup_ch32f20x_d8c.o(RESET)
 <LI><a href="#[31]">I2C1_EV_IRQHandler</a> from startup_ch32f20x_d8c.o(.text) referenced from startup_ch32f20x_d8c.o(RESET)
 <LI><a href="#[34]">I2C2_ER_IRQHandler</a> from startup_ch32f20x_d8c.o(.text) referenced from startup_ch32f20x_d8c.o(RESET)
 <LI><a href="#[33]">I2C2_EV_IRQHandler</a> from startup_ch32f20x_d8c.o(.text) referenced from startup_ch32f20x_d8c.o(RESET)
 <LI><a href="#[b]">MemManage_Handler</a> from ch32f20x_it.o(i.MemManage_Handler) referenced from startup_ch32f20x_d8c.o(RESET)
 <LI><a href="#[9]">NMI_Handler</a> from ch32f20x_it.o(i.NMI_Handler) referenced from startup_ch32f20x_d8c.o(RESET)
 <LI><a href="#[13]">PVD_IRQHandler</a> from startup_ch32f20x_d8c.o(.text) referenced from startup_ch32f20x_d8c.o(RESET)
 <LI><a href="#[10]">PendSV_Handler</a> from ch32f20x_it.o(i.PendSV_Handler) referenced from startup_ch32f20x_d8c.o(RESET)
 <LI><a href="#[17]">RCC_IRQHandler</a> from startup_ch32f20x_d8c.o(.text) referenced from startup_ch32f20x_d8c.o(RESET)
 <LI><a href="#[40]">RNG_IRQHandler</a> from startup_ch32f20x_d8c.o(.text) referenced from startup_ch32f20x_d8c.o(RESET)
 <LI><a href="#[3b]">RTCAlarm_IRQHandler</a> from startup_ch32f20x_d8c.o(.text) referenced from startup_ch32f20x_d8c.o(RESET)
 <LI><a href="#[15]">RTC_IRQHandler</a> from startup_ch32f20x_d8c.o(.text) referenced from startup_ch32f20x_d8c.o(RESET)
 <LI><a href="#[8]">Reset_Handler</a> from startup_ch32f20x_d8c.o(.text) referenced from startup_ch32f20x_d8c.o(RESET)
 <LI><a href="#[41]">SDIO_IRQHandler</a> from startup_ch32f20x_d8c.o(.text) referenced from startup_ch32f20x_d8c.o(RESET)
 <LI><a href="#[35]">SPI1_IRQHandler</a> from startup_ch32f20x_d8c.o(.text) referenced from startup_ch32f20x_d8c.o(RESET)
 <LI><a href="#[36]">SPI2_IRQHandler</a> from startup_ch32f20x_d8c.o(.text) referenced from startup_ch32f20x_d8c.o(RESET)
 <LI><a href="#[43]">SPI3_IRQHandler</a> from startup_ch32f20x_d8c.o(.text) referenced from startup_ch32f20x_d8c.o(RESET)
 <LI><a href="#[e]">SVC_Handler</a> from ch32f20x_it.o(i.SVC_Handler) referenced from startup_ch32f20x_d8c.o(RESET)
 <LI><a href="#[11]">SysTick_Handler</a> from ch32f20x_it.o(i.SysTick_Handler) referenced from startup_ch32f20x_d8c.o(RESET)
 <LI><a href="#[68]">SystemInit</a> from system_ch32f20x.o(i.SystemInit) referenced from startup_ch32f20x_d8c.o(.text)
 <LI><a href="#[14]">TAMPER_IRQHandler</a> from startup_ch32f20x_d8c.o(.text) referenced from startup_ch32f20x_d8c.o(RESET)
 <LI><a href="#[5e]">TIM10_BRK_IRQHandler</a> from startup_ch32f20x_d8c.o(.text) referenced from startup_ch32f20x_d8c.o(RESET)
 <LI><a href="#[61]">TIM10_CC_IRQHandler</a> from startup_ch32f20x_d8c.o(.text) referenced from startup_ch32f20x_d8c.o(RESET)
 <LI><a href="#[60]">TIM10_TRG_COM_IRQHandler</a> from startup_ch32f20x_d8c.o(.text) referenced from startup_ch32f20x_d8c.o(RESET)
 <LI><a href="#[5f]">TIM10_UP_IRQHandler</a> from startup_ch32f20x_d8c.o(.text) referenced from startup_ch32f20x_d8c.o(RESET)
 <LI><a href="#[2a]">TIM1_BRK_IRQHandler</a> from startup_ch32f20x_d8c.o(.text) referenced from startup_ch32f20x_d8c.o(RESET)
 <LI><a href="#[2d]">TIM1_CC_IRQHandler</a> from startup_ch32f20x_d8c.o(.text) referenced from startup_ch32f20x_d8c.o(RESET)
 <LI><a href="#[2c]">TIM1_TRG_COM_IRQHandler</a> from startup_ch32f20x_d8c.o(.text) referenced from startup_ch32f20x_d8c.o(RESET)
 <LI><a href="#[2b]">TIM1_UP_IRQHandler</a> from startup_ch32f20x_d8c.o(.text) referenced from startup_ch32f20x_d8c.o(RESET)
 <LI><a href="#[2e]">TIM2_IRQHandler</a> from startup_ch32f20x_d8c.o(.text) referenced from startup_ch32f20x_d8c.o(RESET)
 <LI><a href="#[2f]">TIM3_IRQHandler</a> from usbd_compostie_km.o(i.TIM3_IRQHandler) referenced from startup_ch32f20x_d8c.o(RESET)
 <LI><a href="#[30]">TIM4_IRQHandler</a> from startup_ch32f20x_d8c.o(.text) referenced from startup_ch32f20x_d8c.o(RESET)
 <LI><a href="#[42]">TIM5_IRQHandler</a> from startup_ch32f20x_d8c.o(.text) referenced from startup_ch32f20x_d8c.o(RESET)
 <LI><a href="#[46]">TIM6_IRQHandler</a> from startup_ch32f20x_d8c.o(.text) referenced from startup_ch32f20x_d8c.o(RESET)
 <LI><a href="#[47]">TIM7_IRQHandler</a> from startup_ch32f20x_d8c.o(.text) referenced from startup_ch32f20x_d8c.o(RESET)
 <LI><a href="#[3c]">TIM8_BRK_IRQHandler</a> from startup_ch32f20x_d8c.o(.text) referenced from startup_ch32f20x_d8c.o(RESET)
 <LI><a href="#[3f]">TIM8_CC_IRQHandler</a> from startup_ch32f20x_d8c.o(.text) referenced from startup_ch32f20x_d8c.o(RESET)
 <LI><a href="#[3e]">TIM8_TRG_COM_IRQHandler</a> from startup_ch32f20x_d8c.o(.text) referenced from startup_ch32f20x_d8c.o(RESET)
 <LI><a href="#[3d]">TIM8_UP_IRQHandler</a> from startup_ch32f20x_d8c.o(.text) referenced from startup_ch32f20x_d8c.o(RESET)
 <LI><a href="#[5a]">TIM9_BRK_IRQHandler</a> from startup_ch32f20x_d8c.o(.text) referenced from startup_ch32f20x_d8c.o(RESET)
 <LI><a href="#[5d]">TIM9_CC_IRQHandler</a> from startup_ch32f20x_d8c.o(.text) referenced from startup_ch32f20x_d8c.o(RESET)
 <LI><a href="#[5c]">TIM9_TRG_COM_IRQHandler</a> from startup_ch32f20x_d8c.o(.text) referenced from startup_ch32f20x_d8c.o(RESET)
 <LI><a href="#[5b]">TIM9_UP_IRQHandler</a> from startup_ch32f20x_d8c.o(.text) referenced from startup_ch32f20x_d8c.o(RESET)
 <LI><a href="#[44]">UART4_IRQHandler</a> from main.o(i.UART4_IRQHandler) referenced from startup_ch32f20x_d8c.o(RESET)
 <LI><a href="#[45]">UART5_IRQHandler</a> from startup_ch32f20x_d8c.o(.text) referenced from startup_ch32f20x_d8c.o(RESET)
 <LI><a href="#[57]">UART6_IRQHandler</a> from startup_ch32f20x_d8c.o(.text) referenced from startup_ch32f20x_d8c.o(RESET)
 <LI><a href="#[58]">UART7_IRQHandler</a> from startup_ch32f20x_d8c.o(.text) referenced from startup_ch32f20x_d8c.o(RESET)
 <LI><a href="#[59]">UART8_IRQHandler</a> from startup_ch32f20x_d8c.o(.text) referenced from startup_ch32f20x_d8c.o(RESET)
 <LI><a href="#[37]">USART1_IRQHandler</a> from startup_ch32f20x_d8c.o(.text) referenced from startup_ch32f20x_d8c.o(RESET)
 <LI><a href="#[38]">USART2_IRQHandler</a> from usbd_compostie_km.o(i.USART2_IRQHandler) referenced from startup_ch32f20x_d8c.o(RESET)
 <LI><a href="#[39]">USART3_IRQHandler</a> from startup_ch32f20x_d8c.o(.text) referenced from startup_ch32f20x_d8c.o(RESET)
 <LI><a href="#[53]">USBFS_IRQHandler</a> from ch32f20x_usbfs_device.o(i.USBFS_IRQHandler) referenced from startup_ch32f20x_d8c.o(RESET)
 <LI><a href="#[54]">USBHSWakeup_IRQHandler</a> from startup_ch32f20x_d8c.o(.text) referenced from startup_ch32f20x_d8c.o(RESET)
 <LI><a href="#[55]">USBHS_IRQHandler</a> from startup_ch32f20x_d8c.o(.text) referenced from startup_ch32f20x_d8c.o(RESET)
 <LI><a href="#[25]">USB_HP_CAN1_TX_IRQHandler</a> from startup_ch32f20x_d8c.o(.text) referenced from startup_ch32f20x_d8c.o(RESET)
 <LI><a href="#[26]">USB_LP_CAN1_RX0_IRQHandler</a> from startup_ch32f20x_d8c.o(.text) referenced from startup_ch32f20x_d8c.o(RESET)
 <LI><a href="#[d]">UsageFault_Handler</a> from ch32f20x_it.o(i.UsageFault_Handler) referenced from startup_ch32f20x_d8c.o(RESET)
 <LI><a href="#[12]">WWDG_IRQHandler</a> from startup_ch32f20x_d8c.o(.text) referenced from startup_ch32f20x_d8c.o(RESET)
 <LI><a href="#[6d]">__main</a> from __main.o(!!!main) referenced from startup_ch32f20x_d8c.o(.text)
 <LI><a href="#[6a]">_get_lc_ctype</a> from lc_ctype_c.o(locale$$code) referenced from rt_ctype_table.o(.text)
 <LI><a href="#[6c]">_printf_input_char</a> from _printf_char_common.o(.text) referenced from _printf_char_common.o(.text)
 <LI><a href="#[6b]">fputc</a> from debug.o(i.fputc) referenced from _printf_char_file.o(.text)
</UL>
<P>
<H3>
Global Symbols
</H3>
<P><STRONG><a name="[6d]"></a>__main</STRONG> (Thumb, 8 bytes, Stack size 0 bytes, __main.o(!!!main))
<BR><BR>[Calls]<UL><LI><a href="#[6f]">&gt;&gt;</a>&nbsp;&nbsp;&nbsp;__rt_entry
<LI><a href="#[6e]">&gt;&gt;</a>&nbsp;&nbsp;&nbsp;__scatterload
</UL>

<P><STRONG><a name="[6e]"></a>__scatterload</STRONG> (Thumb, 0 bytes, Stack size unknown bytes, __scatter.o(!!!scatter))
<BR><BR>[Called By]<UL><LI><a href="#[6d]">&gt;&gt;</a>&nbsp;&nbsp;&nbsp;__main
</UL>

<P><STRONG><a name="[70]"></a>__scatterload_rt2</STRONG> (Thumb, 44 bytes, Stack size unknown bytes, __scatter.o(!!!scatter), UNUSED)
<BR><BR>[Calls]<UL><LI><a href="#[6f]">&gt;&gt;</a>&nbsp;&nbsp;&nbsp;__rt_entry
</UL>

<P><STRONG><a name="[100]"></a>__scatterload_rt2_thumb_only</STRONG> (Thumb, 0 bytes, Stack size unknown bytes, __scatter.o(!!!scatter), UNUSED)

<P><STRONG><a name="[101]"></a>__scatterload_null</STRONG> (Thumb, 0 bytes, Stack size unknown bytes, __scatter.o(!!!scatter), UNUSED)

<P><STRONG><a name="[71]"></a>__scatterload_copy</STRONG> (Thumb, 26 bytes, Stack size unknown bytes, __scatter_copy.o(!!handler_copy), UNUSED)
<BR><BR>[Calls]<UL><LI><a href="#[71]">&gt;&gt;</a>&nbsp;&nbsp;&nbsp;__scatterload_copy
</UL>
<BR>[Called By]<UL><LI><a href="#[71]">&gt;&gt;</a>&nbsp;&nbsp;&nbsp;__scatterload_copy
</UL>

<P><STRONG><a name="[102]"></a>__scatterload_zeroinit</STRONG> (Thumb, 28 bytes, Stack size unknown bytes, __scatter_zi.o(!!handler_zi), UNUSED)

<P><STRONG><a name="[72]"></a>_printf_d</STRONG> (Thumb, 0 bytes, Stack size unknown bytes, _printf_d.o(.ARM.Collect$$_printf_percent$$00000009))
<BR><BR>[Stack]<UL><LI>Max Depth = 72 + Unknown Stack Size
<LI>Call Chain = _printf_d &rArr; _printf_int_dec &rArr; _printf_int_common &rArr; _printf_post_padding
</UL>
<BR>[Calls]<UL><LI><a href="#[73]">&gt;&gt;</a>&nbsp;&nbsp;&nbsp;_printf_int_dec
</UL>

<P><STRONG><a name="[95]"></a>_printf_percent</STRONG> (Thumb, 0 bytes, Stack size unknown bytes, _printf_percent.o(.ARM.Collect$$_printf_percent$$00000000))
<BR><BR>[Called By]<UL><LI><a href="#[93]">&gt;&gt;</a>&nbsp;&nbsp;&nbsp;__printf
</UL>

<P><STRONG><a name="[74]"></a>_printf_x</STRONG> (Thumb, 0 bytes, Stack size unknown bytes, _printf_x.o(.ARM.Collect$$_printf_percent$$0000000C))
<BR><BR>[Stack]<UL><LI>Max Depth = 64 + Unknown Stack Size
<LI>Call Chain = _printf_x &rArr; _printf_int_hex &rArr; _printf_int_common &rArr; _printf_post_padding
</UL>
<BR>[Calls]<UL><LI><a href="#[75]">&gt;&gt;</a>&nbsp;&nbsp;&nbsp;_printf_int_hex
</UL>

<P><STRONG><a name="[76]"></a>_printf_s</STRONG> (Thumb, 0 bytes, Stack size unknown bytes, _printf_s.o(.ARM.Collect$$_printf_percent$$00000014))
<BR><BR>[Stack]<UL><LI>Max Depth = 40 + Unknown Stack Size
<LI>Call Chain = _printf_s &rArr; _printf_string &rArr; _printf_cs_common &rArr; _printf_str &rArr; _printf_post_padding
</UL>
<BR>[Calls]<UL><LI><a href="#[77]">&gt;&gt;</a>&nbsp;&nbsp;&nbsp;_printf_string
</UL>

<P><STRONG><a name="[103]"></a>_printf_percent_end</STRONG> (Thumb, 0 bytes, Stack size unknown bytes, _printf_percent_end.o(.ARM.Collect$$_printf_percent$$00000017))

<P><STRONG><a name="[80]"></a>__rt_lib_init</STRONG> (Thumb, 0 bytes, Stack size unknown bytes, libinit.o(.ARM.Collect$$libinit$$00000000))
<BR><BR>[Called By]<UL><LI><a href="#[7f]">&gt;&gt;</a>&nbsp;&nbsp;&nbsp;__rt_entry_li
</UL>

<P><STRONG><a name="[104]"></a>__rt_lib_init_fp_1</STRONG> (Thumb, 0 bytes, Stack size unknown bytes, libinit2.o(.ARM.Collect$$libinit$$00000002))

<P><STRONG><a name="[78]"></a>__rt_lib_init_heap_2</STRONG> (Thumb, 0 bytes, Stack size unknown bytes, libinit2.o(.ARM.Collect$$libinit$$00000005))
<BR><BR>[Stack]<UL><LI>Max Depth = 64 + Unknown Stack Size
<LI>Call Chain = __rt_lib_init_heap_2 &rArr; _init_alloc &rArr; __rt_SIGRTMEM &rArr; __rt_SIGRTMEM_inner &rArr; __default_signal_display &rArr; _ttywrch
</UL>
<BR>[Calls]<UL><LI><a href="#[79]">&gt;&gt;</a>&nbsp;&nbsp;&nbsp;_init_alloc
</UL>

<P><STRONG><a name="[105]"></a>__rt_lib_init_preinit_1</STRONG> (Thumb, 0 bytes, Stack size unknown bytes, libinit2.o(.ARM.Collect$$libinit$$00000004))

<P><STRONG><a name="[106]"></a>__rt_lib_init_heap_1</STRONG> (Thumb, 0 bytes, Stack size unknown bytes, libinit2.o(.ARM.Collect$$libinit$$0000000A))

<P><STRONG><a name="[7a]"></a>__rt_lib_init_lc_common</STRONG> (Thumb, 0 bytes, Stack size unknown bytes, libinit2.o(.ARM.Collect$$libinit$$0000000F))
<BR><BR>[Calls]<UL><LI><a href="#[7b]">&gt;&gt;</a>&nbsp;&nbsp;&nbsp;__rt_locale
</UL>

<P><STRONG><a name="[107]"></a>__rt_lib_init_rand_1</STRONG> (Thumb, 0 bytes, Stack size unknown bytes, libinit2.o(.ARM.Collect$$libinit$$0000000E))

<P><STRONG><a name="[108]"></a>__rt_lib_init_user_alloc_1</STRONG> (Thumb, 0 bytes, Stack size unknown bytes, libinit2.o(.ARM.Collect$$libinit$$0000000C))

<P><STRONG><a name="[109]"></a>__rt_lib_init_lc_collate_1</STRONG> (Thumb, 0 bytes, Stack size unknown bytes, libinit2.o(.ARM.Collect$$libinit$$00000011))

<P><STRONG><a name="[7c]"></a>__rt_lib_init_lc_ctype_2</STRONG> (Thumb, 0 bytes, Stack size unknown bytes, libinit2.o(.ARM.Collect$$libinit$$00000012))
<BR><BR>[Stack]<UL><LI>Max Depth = 8 + Unknown Stack Size
<LI>Call Chain = __rt_lib_init_lc_ctype_2 &rArr; _get_lc_ctype
</UL>
<BR>[Calls]<UL><LI><a href="#[6a]">&gt;&gt;</a>&nbsp;&nbsp;&nbsp;_get_lc_ctype
</UL>

<P><STRONG><a name="[10a]"></a>__rt_lib_init_alloca_1</STRONG> (Thumb, 0 bytes, Stack size unknown bytes, libinit2.o(.ARM.Collect$$libinit$$0000002E))

<P><STRONG><a name="[10b]"></a>__rt_lib_init_argv_1</STRONG> (Thumb, 0 bytes, Stack size unknown bytes, libinit2.o(.ARM.Collect$$libinit$$0000002C))

<P><STRONG><a name="[10c]"></a>__rt_lib_init_atexit_1</STRONG> (Thumb, 0 bytes, Stack size unknown bytes, libinit2.o(.ARM.Collect$$libinit$$0000001B))

<P><STRONG><a name="[10d]"></a>__rt_lib_init_clock_1</STRONG> (Thumb, 0 bytes, Stack size unknown bytes, libinit2.o(.ARM.Collect$$libinit$$00000021))

<P><STRONG><a name="[10e]"></a>__rt_lib_init_cpp_1</STRONG> (Thumb, 0 bytes, Stack size unknown bytes, libinit2.o(.ARM.Collect$$libinit$$00000032))

<P><STRONG><a name="[10f]"></a>__rt_lib_init_exceptions_1</STRONG> (Thumb, 0 bytes, Stack size unknown bytes, libinit2.o(.ARM.Collect$$libinit$$00000030))

<P><STRONG><a name="[110]"></a>__rt_lib_init_fp_trap_1</STRONG> (Thumb, 0 bytes, Stack size unknown bytes, libinit2.o(.ARM.Collect$$libinit$$0000001F))

<P><STRONG><a name="[111]"></a>__rt_lib_init_getenv_1</STRONG> (Thumb, 0 bytes, Stack size unknown bytes, libinit2.o(.ARM.Collect$$libinit$$00000023))

<P><STRONG><a name="[112]"></a>__rt_lib_init_lc_ctype_1</STRONG> (Thumb, 0 bytes, Stack size unknown bytes, libinit2.o(.ARM.Collect$$libinit$$00000013))

<P><STRONG><a name="[113]"></a>__rt_lib_init_lc_monetary_1</STRONG> (Thumb, 0 bytes, Stack size unknown bytes, libinit2.o(.ARM.Collect$$libinit$$00000015))

<P><STRONG><a name="[114]"></a>__rt_lib_init_lc_numeric_1</STRONG> (Thumb, 0 bytes, Stack size unknown bytes, libinit2.o(.ARM.Collect$$libinit$$00000017))

<P><STRONG><a name="[115]"></a>__rt_lib_init_lc_time_1</STRONG> (Thumb, 0 bytes, Stack size unknown bytes, libinit2.o(.ARM.Collect$$libinit$$00000019))

<P><STRONG><a name="[116]"></a>__rt_lib_init_return</STRONG> (Thumb, 0 bytes, Stack size unknown bytes, libinit2.o(.ARM.Collect$$libinit$$00000033))

<P><STRONG><a name="[117]"></a>__rt_lib_init_signal_1</STRONG> (Thumb, 0 bytes, Stack size unknown bytes, libinit2.o(.ARM.Collect$$libinit$$0000001D))

<P><STRONG><a name="[118]"></a>__rt_lib_init_stdio_1</STRONG> (Thumb, 0 bytes, Stack size unknown bytes, libinit2.o(.ARM.Collect$$libinit$$00000025))

<P><STRONG><a name="[85]"></a>__rt_lib_shutdown</STRONG> (Thumb, 0 bytes, Stack size unknown bytes, libshutdown.o(.ARM.Collect$$libshutdown$$00000000))
<BR><BR>[Called By]<UL><LI><a href="#[84]">&gt;&gt;</a>&nbsp;&nbsp;&nbsp;__rt_exit_ls
</UL>

<P><STRONG><a name="[119]"></a>__rt_lib_shutdown_cpp_1</STRONG> (Thumb, 0 bytes, Stack size unknown bytes, libshutdown2.o(.ARM.Collect$$libshutdown$$00000004))

<P><STRONG><a name="[11a]"></a>__rt_lib_shutdown_fini_1</STRONG> (Thumb, 0 bytes, Stack size unknown bytes, libshutdown2.o(.ARM.Collect$$libshutdown$$00000002))

<P><STRONG><a name="[11b]"></a>__rt_lib_shutdown_fp_trap_1</STRONG> (Thumb, 0 bytes, Stack size unknown bytes, libshutdown2.o(.ARM.Collect$$libshutdown$$00000009))

<P><STRONG><a name="[11c]"></a>__rt_lib_shutdown_heap_1</STRONG> (Thumb, 0 bytes, Stack size unknown bytes, libshutdown2.o(.ARM.Collect$$libshutdown$$00000011))

<P><STRONG><a name="[11d]"></a>__rt_lib_shutdown_return</STRONG> (Thumb, 0 bytes, Stack size unknown bytes, libshutdown2.o(.ARM.Collect$$libshutdown$$00000012))

<P><STRONG><a name="[11e]"></a>__rt_lib_shutdown_signal_1</STRONG> (Thumb, 0 bytes, Stack size unknown bytes, libshutdown2.o(.ARM.Collect$$libshutdown$$0000000C))

<P><STRONG><a name="[11f]"></a>__rt_lib_shutdown_stdio_1</STRONG> (Thumb, 0 bytes, Stack size unknown bytes, libshutdown2.o(.ARM.Collect$$libshutdown$$00000006))

<P><STRONG><a name="[120]"></a>__rt_lib_shutdown_user_alloc_1</STRONG> (Thumb, 0 bytes, Stack size unknown bytes, libshutdown2.o(.ARM.Collect$$libshutdown$$0000000E))

<P><STRONG><a name="[6f]"></a>__rt_entry</STRONG> (Thumb, 0 bytes, Stack size unknown bytes, __rtentry.o(.ARM.Collect$$rtentry$$00000000))
<BR><BR>[Called By]<UL><LI><a href="#[6d]">&gt;&gt;</a>&nbsp;&nbsp;&nbsp;__main
<LI><a href="#[70]">&gt;&gt;</a>&nbsp;&nbsp;&nbsp;__scatterload_rt2
</UL>

<P><STRONG><a name="[121]"></a>__rt_entry_presh_1</STRONG> (Thumb, 0 bytes, Stack size unknown bytes, __rtentry2.o(.ARM.Collect$$rtentry$$00000002))

<P><STRONG><a name="[7d]"></a>__rt_entry_sh</STRONG> (Thumb, 0 bytes, Stack size unknown bytes, __rtentry4.o(.ARM.Collect$$rtentry$$00000004))
<BR><BR>[Stack]<UL><LI>Max Depth = 8 + Unknown Stack Size
<LI>Call Chain = __rt_entry_sh &rArr; __user_setup_stackheap
</UL>
<BR>[Calls]<UL><LI><a href="#[7e]">&gt;&gt;</a>&nbsp;&nbsp;&nbsp;__user_setup_stackheap
</UL>

<P><STRONG><a name="[7f]"></a>__rt_entry_li</STRONG> (Thumb, 0 bytes, Stack size unknown bytes, __rtentry2.o(.ARM.Collect$$rtentry$$0000000A))
<BR><BR>[Calls]<UL><LI><a href="#[80]">&gt;&gt;</a>&nbsp;&nbsp;&nbsp;__rt_lib_init
</UL>

<P><STRONG><a name="[122]"></a>__rt_entry_postsh_1</STRONG> (Thumb, 0 bytes, Stack size unknown bytes, __rtentry2.o(.ARM.Collect$$rtentry$$00000009))

<P><STRONG><a name="[81]"></a>__rt_entry_main</STRONG> (Thumb, 0 bytes, Stack size unknown bytes, __rtentry2.o(.ARM.Collect$$rtentry$$0000000D))
<BR><BR>[Stack]<UL><LI>Max Depth = 1848 + Unknown Stack Size
<LI>Call Chain = __rt_entry_main &rArr; main &rArr; USBHS_HUB_Process &rArr;  USBHS_HUB_Process (Cycle)
</UL>
<BR>[Calls]<UL><LI><a href="#[82]">&gt;&gt;</a>&nbsp;&nbsp;&nbsp;main
<LI><a href="#[83]">&gt;&gt;</a>&nbsp;&nbsp;&nbsp;exit
</UL>

<P><STRONG><a name="[123]"></a>__rt_entry_postli_1</STRONG> (Thumb, 0 bytes, Stack size unknown bytes, __rtentry2.o(.ARM.Collect$$rtentry$$0000000C))

<P><STRONG><a name="[a6]"></a>__rt_exit</STRONG> (Thumb, 0 bytes, Stack size unknown bytes, rtexit.o(.ARM.Collect$$rtexit$$00000000))
<BR><BR>[Called By]<UL><LI><a href="#[83]">&gt;&gt;</a>&nbsp;&nbsp;&nbsp;exit
</UL>

<P><STRONG><a name="[84]"></a>__rt_exit_ls</STRONG> (Thumb, 0 bytes, Stack size unknown bytes, rtexit2.o(.ARM.Collect$$rtexit$$00000003))
<BR><BR>[Calls]<UL><LI><a href="#[85]">&gt;&gt;</a>&nbsp;&nbsp;&nbsp;__rt_lib_shutdown
</UL>

<P><STRONG><a name="[124]"></a>__rt_exit_prels_1</STRONG> (Thumb, 0 bytes, Stack size unknown bytes, rtexit2.o(.ARM.Collect$$rtexit$$00000002))

<P><STRONG><a name="[86]"></a>__rt_exit_exit</STRONG> (Thumb, 0 bytes, Stack size unknown bytes, rtexit2.o(.ARM.Collect$$rtexit$$00000004))
<BR><BR>[Calls]<UL><LI><a href="#[87]">&gt;&gt;</a>&nbsp;&nbsp;&nbsp;_sys_exit
</UL>

<P><STRONG><a name="[8]"></a>Reset_Handler</STRONG> (Thumb, 8 bytes, Stack size 0 bytes, startup_ch32f20x_d8c.o(.text))
<BR>[Address Reference Count : 1]<UL><LI> startup_ch32f20x_d8c.o(RESET)
</UL>
<P><STRONG><a name="[125]"></a>_maybe_terminate_alloc</STRONG> (Thumb, 0 bytes, Stack size 0 bytes, maybetermalloc1.o(.emb_text), UNUSED)

<P><STRONG><a name="[24]"></a>ADC1_2_IRQHandler</STRONG> (Thumb, 0 bytes, Stack size 0 bytes, startup_ch32f20x_d8c.o(.text))
<BR><BR>[Calls]<UL><LI><a href="#[24]">&gt;&gt;</a>&nbsp;&nbsp;&nbsp;ADC1_2_IRQHandler
</UL>
<BR>[Called By]<UL><LI><a href="#[24]">&gt;&gt;</a>&nbsp;&nbsp;&nbsp;ADC1_2_IRQHandler
</UL>
<BR>[Address Reference Count : 1]<UL><LI> startup_ch32f20x_d8c.o(RESET)
</UL>
<P><STRONG><a name="[27]"></a>CAN1_RX1_IRQHandler</STRONG> (Thumb, 0 bytes, Stack size 0 bytes, startup_ch32f20x_d8c.o(.text))
<BR>[Address Reference Count : 1]<UL><LI> startup_ch32f20x_d8c.o(RESET)
</UL>
<P><STRONG><a name="[28]"></a>CAN1_SCE_IRQHandler</STRONG> (Thumb, 0 bytes, Stack size 0 bytes, startup_ch32f20x_d8c.o(.text))
<BR>[Address Reference Count : 1]<UL><LI> startup_ch32f20x_d8c.o(RESET)
</UL>
<P><STRONG><a name="[50]"></a>CAN2_RX0_IRQHandler</STRONG> (Thumb, 0 bytes, Stack size 0 bytes, startup_ch32f20x_d8c.o(.text))
<BR>[Address Reference Count : 1]<UL><LI> startup_ch32f20x_d8c.o(RESET)
</UL>
<P><STRONG><a name="[51]"></a>CAN2_RX1_IRQHandler</STRONG> (Thumb, 0 bytes, Stack size 0 bytes, startup_ch32f20x_d8c.o(.text))
<BR>[Address Reference Count : 1]<UL><LI> startup_ch32f20x_d8c.o(RESET)
</UL>
<P><STRONG><a name="[52]"></a>CAN2_SCE_IRQHandler</STRONG> (Thumb, 0 bytes, Stack size 0 bytes, startup_ch32f20x_d8c.o(.text))
<BR>[Address Reference Count : 1]<UL><LI> startup_ch32f20x_d8c.o(RESET)
</UL>
<P><STRONG><a name="[4f]"></a>CAN2_TX_IRQHandler</STRONG> (Thumb, 0 bytes, Stack size 0 bytes, startup_ch32f20x_d8c.o(.text))
<BR>[Address Reference Count : 1]<UL><LI> startup_ch32f20x_d8c.o(RESET)
</UL>
<P><STRONG><a name="[1d]"></a>DMA1_Channel1_IRQHandler</STRONG> (Thumb, 0 bytes, Stack size 0 bytes, startup_ch32f20x_d8c.o(.text))
<BR>[Address Reference Count : 1]<UL><LI> startup_ch32f20x_d8c.o(RESET)
</UL>
<P><STRONG><a name="[1e]"></a>DMA1_Channel2_IRQHandler</STRONG> (Thumb, 0 bytes, Stack size 0 bytes, startup_ch32f20x_d8c.o(.text))
<BR>[Address Reference Count : 1]<UL><LI> startup_ch32f20x_d8c.o(RESET)
</UL>
<P><STRONG><a name="[1f]"></a>DMA1_Channel3_IRQHandler</STRONG> (Thumb, 0 bytes, Stack size 0 bytes, startup_ch32f20x_d8c.o(.text))
<BR>[Address Reference Count : 1]<UL><LI> startup_ch32f20x_d8c.o(RESET)
</UL>
<P><STRONG><a name="[20]"></a>DMA1_Channel4_IRQHandler</STRONG> (Thumb, 0 bytes, Stack size 0 bytes, startup_ch32f20x_d8c.o(.text))
<BR>[Address Reference Count : 1]<UL><LI> startup_ch32f20x_d8c.o(RESET)
</UL>
<P><STRONG><a name="[21]"></a>DMA1_Channel5_IRQHandler</STRONG> (Thumb, 0 bytes, Stack size 0 bytes, startup_ch32f20x_d8c.o(.text))
<BR>[Address Reference Count : 1]<UL><LI> startup_ch32f20x_d8c.o(RESET)
</UL>
<P><STRONG><a name="[22]"></a>DMA1_Channel6_IRQHandler</STRONG> (Thumb, 0 bytes, Stack size 0 bytes, startup_ch32f20x_d8c.o(.text))
<BR>[Address Reference Count : 1]<UL><LI> startup_ch32f20x_d8c.o(RESET)
</UL>
<P><STRONG><a name="[23]"></a>DMA1_Channel7_IRQHandler</STRONG> (Thumb, 0 bytes, Stack size 0 bytes, startup_ch32f20x_d8c.o(.text))
<BR>[Address Reference Count : 1]<UL><LI> startup_ch32f20x_d8c.o(RESET)
</UL>
<P><STRONG><a name="[66]"></a>DMA2_Channel10_IRQHandler</STRONG> (Thumb, 0 bytes, Stack size 0 bytes, startup_ch32f20x_d8c.o(.text))
<BR>[Address Reference Count : 1]<UL><LI> startup_ch32f20x_d8c.o(RESET)
</UL>
<P><STRONG><a name="[67]"></a>DMA2_Channel11_IRQHandler</STRONG> (Thumb, 0 bytes, Stack size 0 bytes, startup_ch32f20x_d8c.o(.text))
<BR>[Address Reference Count : 1]<UL><LI> startup_ch32f20x_d8c.o(RESET)
</UL>
<P><STRONG><a name="[48]"></a>DMA2_Channel1_IRQHandler</STRONG> (Thumb, 0 bytes, Stack size 0 bytes, startup_ch32f20x_d8c.o(.text))
<BR>[Address Reference Count : 1]<UL><LI> startup_ch32f20x_d8c.o(RESET)
</UL>
<P><STRONG><a name="[49]"></a>DMA2_Channel2_IRQHandler</STRONG> (Thumb, 0 bytes, Stack size 0 bytes, startup_ch32f20x_d8c.o(.text))
<BR>[Address Reference Count : 1]<UL><LI> startup_ch32f20x_d8c.o(RESET)
</UL>
<P><STRONG><a name="[4a]"></a>DMA2_Channel3_IRQHandler</STRONG> (Thumb, 0 bytes, Stack size 0 bytes, startup_ch32f20x_d8c.o(.text))
<BR>[Address Reference Count : 1]<UL><LI> startup_ch32f20x_d8c.o(RESET)
</UL>
<P><STRONG><a name="[4b]"></a>DMA2_Channel4_IRQHandler</STRONG> (Thumb, 0 bytes, Stack size 0 bytes, startup_ch32f20x_d8c.o(.text))
<BR>[Address Reference Count : 1]<UL><LI> startup_ch32f20x_d8c.o(RESET)
</UL>
<P><STRONG><a name="[4c]"></a>DMA2_Channel5_IRQHandler</STRONG> (Thumb, 0 bytes, Stack size 0 bytes, startup_ch32f20x_d8c.o(.text))
<BR>[Address Reference Count : 1]<UL><LI> startup_ch32f20x_d8c.o(RESET)
</UL>
<P><STRONG><a name="[62]"></a>DMA2_Channel6_IRQHandler</STRONG> (Thumb, 0 bytes, Stack size 0 bytes, startup_ch32f20x_d8c.o(.text))
<BR>[Address Reference Count : 1]<UL><LI> startup_ch32f20x_d8c.o(RESET)
</UL>
<P><STRONG><a name="[63]"></a>DMA2_Channel7_IRQHandler</STRONG> (Thumb, 0 bytes, Stack size 0 bytes, startup_ch32f20x_d8c.o(.text))
<BR>[Address Reference Count : 1]<UL><LI> startup_ch32f20x_d8c.o(RESET)
</UL>
<P><STRONG><a name="[64]"></a>DMA2_Channel8_IRQHandler</STRONG> (Thumb, 0 bytes, Stack size 0 bytes, startup_ch32f20x_d8c.o(.text))
<BR>[Address Reference Count : 1]<UL><LI> startup_ch32f20x_d8c.o(RESET)
</UL>
<P><STRONG><a name="[65]"></a>DMA2_Channel9_IRQHandler</STRONG> (Thumb, 0 bytes, Stack size 0 bytes, startup_ch32f20x_d8c.o(.text))
<BR>[Address Reference Count : 1]<UL><LI> startup_ch32f20x_d8c.o(RESET)
</UL>
<P><STRONG><a name="[56]"></a>DVP_IRQHandler</STRONG> (Thumb, 0 bytes, Stack size 0 bytes, startup_ch32f20x_d8c.o(.text))
<BR>[Address Reference Count : 1]<UL><LI> startup_ch32f20x_d8c.o(RESET)
</UL>
<P><STRONG><a name="[4d]"></a>ETH_IRQHandler</STRONG> (Thumb, 0 bytes, Stack size 0 bytes, startup_ch32f20x_d8c.o(.text))
<BR>[Address Reference Count : 1]<UL><LI> startup_ch32f20x_d8c.o(RESET)
</UL>
<P><STRONG><a name="[4e]"></a>ETH_WKUP_IRQHandler</STRONG> (Thumb, 0 bytes, Stack size 0 bytes, startup_ch32f20x_d8c.o(.text))
<BR>[Address Reference Count : 1]<UL><LI> startup_ch32f20x_d8c.o(RESET)
</UL>
<P><STRONG><a name="[18]"></a>EXTI0_IRQHandler</STRONG> (Thumb, 0 bytes, Stack size 0 bytes, startup_ch32f20x_d8c.o(.text))
<BR>[Address Reference Count : 1]<UL><LI> startup_ch32f20x_d8c.o(RESET)
</UL>
<P><STRONG><a name="[3a]"></a>EXTI15_10_IRQHandler</STRONG> (Thumb, 0 bytes, Stack size 0 bytes, startup_ch32f20x_d8c.o(.text))
<BR>[Address Reference Count : 1]<UL><LI> startup_ch32f20x_d8c.o(RESET)
</UL>
<P><STRONG><a name="[19]"></a>EXTI1_IRQHandler</STRONG> (Thumb, 0 bytes, Stack size 0 bytes, startup_ch32f20x_d8c.o(.text))
<BR>[Address Reference Count : 1]<UL><LI> startup_ch32f20x_d8c.o(RESET)
</UL>
<P><STRONG><a name="[1a]"></a>EXTI2_IRQHandler</STRONG> (Thumb, 0 bytes, Stack size 0 bytes, startup_ch32f20x_d8c.o(.text))
<BR>[Address Reference Count : 1]<UL><LI> startup_ch32f20x_d8c.o(RESET)
</UL>
<P><STRONG><a name="[1b]"></a>EXTI3_IRQHandler</STRONG> (Thumb, 0 bytes, Stack size 0 bytes, startup_ch32f20x_d8c.o(.text))
<BR>[Address Reference Count : 1]<UL><LI> startup_ch32f20x_d8c.o(RESET)
</UL>
<P><STRONG><a name="[1c]"></a>EXTI4_IRQHandler</STRONG> (Thumb, 0 bytes, Stack size 0 bytes, startup_ch32f20x_d8c.o(.text))
<BR>[Address Reference Count : 1]<UL><LI> startup_ch32f20x_d8c.o(RESET)
</UL>
<P><STRONG><a name="[29]"></a>EXTI9_5_IRQHandler</STRONG> (Thumb, 0 bytes, Stack size 0 bytes, startup_ch32f20x_d8c.o(.text))
<BR>[Address Reference Count : 1]<UL><LI> startup_ch32f20x_d8c.o(RESET)
</UL>
<P><STRONG><a name="[16]"></a>FLASH_IRQHandler</STRONG> (Thumb, 0 bytes, Stack size 0 bytes, startup_ch32f20x_d8c.o(.text))
<BR>[Address Reference Count : 1]<UL><LI> startup_ch32f20x_d8c.o(RESET)
</UL>
<P><STRONG><a name="[32]"></a>I2C1_ER_IRQHandler</STRONG> (Thumb, 0 bytes, Stack size 0 bytes, startup_ch32f20x_d8c.o(.text))
<BR>[Address Reference Count : 1]<UL><LI> startup_ch32f20x_d8c.o(RESET)
</UL>
<P><STRONG><a name="[31]"></a>I2C1_EV_IRQHandler</STRONG> (Thumb, 0 bytes, Stack size 0 bytes, startup_ch32f20x_d8c.o(.text))
<BR>[Address Reference Count : 1]<UL><LI> startup_ch32f20x_d8c.o(RESET)
</UL>
<P><STRONG><a name="[34]"></a>I2C2_ER_IRQHandler</STRONG> (Thumb, 0 bytes, Stack size 0 bytes, startup_ch32f20x_d8c.o(.text))
<BR>[Address Reference Count : 1]<UL><LI> startup_ch32f20x_d8c.o(RESET)
</UL>
<P><STRONG><a name="[33]"></a>I2C2_EV_IRQHandler</STRONG> (Thumb, 0 bytes, Stack size 0 bytes, startup_ch32f20x_d8c.o(.text))
<BR>[Address Reference Count : 1]<UL><LI> startup_ch32f20x_d8c.o(RESET)
</UL>
<P><STRONG><a name="[13]"></a>PVD_IRQHandler</STRONG> (Thumb, 0 bytes, Stack size 0 bytes, startup_ch32f20x_d8c.o(.text))
<BR>[Address Reference Count : 1]<UL><LI> startup_ch32f20x_d8c.o(RESET)
</UL>
<P><STRONG><a name="[17]"></a>RCC_IRQHandler</STRONG> (Thumb, 0 bytes, Stack size 0 bytes, startup_ch32f20x_d8c.o(.text))
<BR>[Address Reference Count : 1]<UL><LI> startup_ch32f20x_d8c.o(RESET)
</UL>
<P><STRONG><a name="[40]"></a>RNG_IRQHandler</STRONG> (Thumb, 0 bytes, Stack size 0 bytes, startup_ch32f20x_d8c.o(.text))
<BR>[Address Reference Count : 1]<UL><LI> startup_ch32f20x_d8c.o(RESET)
</UL>
<P><STRONG><a name="[3b]"></a>RTCAlarm_IRQHandler</STRONG> (Thumb, 0 bytes, Stack size 0 bytes, startup_ch32f20x_d8c.o(.text))
<BR>[Address Reference Count : 1]<UL><LI> startup_ch32f20x_d8c.o(RESET)
</UL>
<P><STRONG><a name="[15]"></a>RTC_IRQHandler</STRONG> (Thumb, 0 bytes, Stack size 0 bytes, startup_ch32f20x_d8c.o(.text))
<BR>[Address Reference Count : 1]<UL><LI> startup_ch32f20x_d8c.o(RESET)
</UL>
<P><STRONG><a name="[41]"></a>SDIO_IRQHandler</STRONG> (Thumb, 0 bytes, Stack size 0 bytes, startup_ch32f20x_d8c.o(.text))
<BR>[Address Reference Count : 1]<UL><LI> startup_ch32f20x_d8c.o(RESET)
</UL>
<P><STRONG><a name="[35]"></a>SPI1_IRQHandler</STRONG> (Thumb, 0 bytes, Stack size 0 bytes, startup_ch32f20x_d8c.o(.text))
<BR>[Address Reference Count : 1]<UL><LI> startup_ch32f20x_d8c.o(RESET)
</UL>
<P><STRONG><a name="[36]"></a>SPI2_IRQHandler</STRONG> (Thumb, 0 bytes, Stack size 0 bytes, startup_ch32f20x_d8c.o(.text))
<BR>[Address Reference Count : 1]<UL><LI> startup_ch32f20x_d8c.o(RESET)
</UL>
<P><STRONG><a name="[43]"></a>SPI3_IRQHandler</STRONG> (Thumb, 0 bytes, Stack size 0 bytes, startup_ch32f20x_d8c.o(.text))
<BR>[Address Reference Count : 1]<UL><LI> startup_ch32f20x_d8c.o(RESET)
</UL>
<P><STRONG><a name="[14]"></a>TAMPER_IRQHandler</STRONG> (Thumb, 0 bytes, Stack size 0 bytes, startup_ch32f20x_d8c.o(.text))
<BR>[Address Reference Count : 1]<UL><LI> startup_ch32f20x_d8c.o(RESET)
</UL>
<P><STRONG><a name="[5e]"></a>TIM10_BRK_IRQHandler</STRONG> (Thumb, 0 bytes, Stack size 0 bytes, startup_ch32f20x_d8c.o(.text))
<BR>[Address Reference Count : 1]<UL><LI> startup_ch32f20x_d8c.o(RESET)
</UL>
<P><STRONG><a name="[61]"></a>TIM10_CC_IRQHandler</STRONG> (Thumb, 0 bytes, Stack size 0 bytes, startup_ch32f20x_d8c.o(.text))
<BR>[Address Reference Count : 1]<UL><LI> startup_ch32f20x_d8c.o(RESET)
</UL>
<P><STRONG><a name="[60]"></a>TIM10_TRG_COM_IRQHandler</STRONG> (Thumb, 0 bytes, Stack size 0 bytes, startup_ch32f20x_d8c.o(.text))
<BR>[Address Reference Count : 1]<UL><LI> startup_ch32f20x_d8c.o(RESET)
</UL>
<P><STRONG><a name="[5f]"></a>TIM10_UP_IRQHandler</STRONG> (Thumb, 0 bytes, Stack size 0 bytes, startup_ch32f20x_d8c.o(.text))
<BR>[Address Reference Count : 1]<UL><LI> startup_ch32f20x_d8c.o(RESET)
</UL>
<P><STRONG><a name="[2a]"></a>TIM1_BRK_IRQHandler</STRONG> (Thumb, 0 bytes, Stack size 0 bytes, startup_ch32f20x_d8c.o(.text))
<BR>[Address Reference Count : 1]<UL><LI> startup_ch32f20x_d8c.o(RESET)
</UL>
<P><STRONG><a name="[2d]"></a>TIM1_CC_IRQHandler</STRONG> (Thumb, 0 bytes, Stack size 0 bytes, startup_ch32f20x_d8c.o(.text))
<BR>[Address Reference Count : 1]<UL><LI> startup_ch32f20x_d8c.o(RESET)
</UL>
<P><STRONG><a name="[2c]"></a>TIM1_TRG_COM_IRQHandler</STRONG> (Thumb, 0 bytes, Stack size 0 bytes, startup_ch32f20x_d8c.o(.text))
<BR>[Address Reference Count : 1]<UL><LI> startup_ch32f20x_d8c.o(RESET)
</UL>
<P><STRONG><a name="[2b]"></a>TIM1_UP_IRQHandler</STRONG> (Thumb, 0 bytes, Stack size 0 bytes, startup_ch32f20x_d8c.o(.text))
<BR>[Address Reference Count : 1]<UL><LI> startup_ch32f20x_d8c.o(RESET)
</UL>
<P><STRONG><a name="[2e]"></a>TIM2_IRQHandler</STRONG> (Thumb, 0 bytes, Stack size 0 bytes, startup_ch32f20x_d8c.o(.text))
<BR>[Address Reference Count : 1]<UL><LI> startup_ch32f20x_d8c.o(RESET)
</UL>
<P><STRONG><a name="[30]"></a>TIM4_IRQHandler</STRONG> (Thumb, 0 bytes, Stack size 0 bytes, startup_ch32f20x_d8c.o(.text))
<BR>[Address Reference Count : 1]<UL><LI> startup_ch32f20x_d8c.o(RESET)
</UL>
<P><STRONG><a name="[42]"></a>TIM5_IRQHandler</STRONG> (Thumb, 0 bytes, Stack size 0 bytes, startup_ch32f20x_d8c.o(.text))
<BR>[Address Reference Count : 1]<UL><LI> startup_ch32f20x_d8c.o(RESET)
</UL>
<P><STRONG><a name="[46]"></a>TIM6_IRQHandler</STRONG> (Thumb, 0 bytes, Stack size 0 bytes, startup_ch32f20x_d8c.o(.text))
<BR>[Address Reference Count : 1]<UL><LI> startup_ch32f20x_d8c.o(RESET)
</UL>
<P><STRONG><a name="[47]"></a>TIM7_IRQHandler</STRONG> (Thumb, 0 bytes, Stack size 0 bytes, startup_ch32f20x_d8c.o(.text))
<BR>[Address Reference Count : 1]<UL><LI> startup_ch32f20x_d8c.o(RESET)
</UL>
<P><STRONG><a name="[3c]"></a>TIM8_BRK_IRQHandler</STRONG> (Thumb, 0 bytes, Stack size 0 bytes, startup_ch32f20x_d8c.o(.text))
<BR>[Address Reference Count : 1]<UL><LI> startup_ch32f20x_d8c.o(RESET)
</UL>
<P><STRONG><a name="[3f]"></a>TIM8_CC_IRQHandler</STRONG> (Thumb, 0 bytes, Stack size 0 bytes, startup_ch32f20x_d8c.o(.text))
<BR>[Address Reference Count : 1]<UL><LI> startup_ch32f20x_d8c.o(RESET)
</UL>
<P><STRONG><a name="[3e]"></a>TIM8_TRG_COM_IRQHandler</STRONG> (Thumb, 0 bytes, Stack size 0 bytes, startup_ch32f20x_d8c.o(.text))
<BR>[Address Reference Count : 1]<UL><LI> startup_ch32f20x_d8c.o(RESET)
</UL>
<P><STRONG><a name="[3d]"></a>TIM8_UP_IRQHandler</STRONG> (Thumb, 0 bytes, Stack size 0 bytes, startup_ch32f20x_d8c.o(.text))
<BR>[Address Reference Count : 1]<UL><LI> startup_ch32f20x_d8c.o(RESET)
</UL>
<P><STRONG><a name="[5a]"></a>TIM9_BRK_IRQHandler</STRONG> (Thumb, 0 bytes, Stack size 0 bytes, startup_ch32f20x_d8c.o(.text))
<BR>[Address Reference Count : 1]<UL><LI> startup_ch32f20x_d8c.o(RESET)
</UL>
<P><STRONG><a name="[5d]"></a>TIM9_CC_IRQHandler</STRONG> (Thumb, 0 bytes, Stack size 0 bytes, startup_ch32f20x_d8c.o(.text))
<BR>[Address Reference Count : 1]<UL><LI> startup_ch32f20x_d8c.o(RESET)
</UL>
<P><STRONG><a name="[5c]"></a>TIM9_TRG_COM_IRQHandler</STRONG> (Thumb, 0 bytes, Stack size 0 bytes, startup_ch32f20x_d8c.o(.text))
<BR>[Address Reference Count : 1]<UL><LI> startup_ch32f20x_d8c.o(RESET)
</UL>
<P><STRONG><a name="[5b]"></a>TIM9_UP_IRQHandler</STRONG> (Thumb, 0 bytes, Stack size 0 bytes, startup_ch32f20x_d8c.o(.text))
<BR>[Address Reference Count : 1]<UL><LI> startup_ch32f20x_d8c.o(RESET)
</UL>
<P><STRONG><a name="[45]"></a>UART5_IRQHandler</STRONG> (Thumb, 0 bytes, Stack size 0 bytes, startup_ch32f20x_d8c.o(.text))
<BR>[Address Reference Count : 1]<UL><LI> startup_ch32f20x_d8c.o(RESET)
</UL>
<P><STRONG><a name="[57]"></a>UART6_IRQHandler</STRONG> (Thumb, 0 bytes, Stack size 0 bytes, startup_ch32f20x_d8c.o(.text))
<BR>[Address Reference Count : 1]<UL><LI> startup_ch32f20x_d8c.o(RESET)
</UL>
<P><STRONG><a name="[58]"></a>UART7_IRQHandler</STRONG> (Thumb, 0 bytes, Stack size 0 bytes, startup_ch32f20x_d8c.o(.text))
<BR>[Address Reference Count : 1]<UL><LI> startup_ch32f20x_d8c.o(RESET)
</UL>
<P><STRONG><a name="[59]"></a>UART8_IRQHandler</STRONG> (Thumb, 0 bytes, Stack size 0 bytes, startup_ch32f20x_d8c.o(.text))
<BR>[Address Reference Count : 1]<UL><LI> startup_ch32f20x_d8c.o(RESET)
</UL>
<P><STRONG><a name="[37]"></a>USART1_IRQHandler</STRONG> (Thumb, 0 bytes, Stack size 0 bytes, startup_ch32f20x_d8c.o(.text))
<BR>[Address Reference Count : 1]<UL><LI> startup_ch32f20x_d8c.o(RESET)
</UL>
<P><STRONG><a name="[39]"></a>USART3_IRQHandler</STRONG> (Thumb, 0 bytes, Stack size 0 bytes, startup_ch32f20x_d8c.o(.text))
<BR>[Address Reference Count : 1]<UL><LI> startup_ch32f20x_d8c.o(RESET)
</UL>
<P><STRONG><a name="[54]"></a>USBHSWakeup_IRQHandler</STRONG> (Thumb, 0 bytes, Stack size 0 bytes, startup_ch32f20x_d8c.o(.text))
<BR>[Address Reference Count : 1]<UL><LI> startup_ch32f20x_d8c.o(RESET)
</UL>
<P><STRONG><a name="[55]"></a>USBHS_IRQHandler</STRONG> (Thumb, 0 bytes, Stack size 0 bytes, startup_ch32f20x_d8c.o(.text))
<BR>[Address Reference Count : 1]<UL><LI> startup_ch32f20x_d8c.o(RESET)
</UL>
<P><STRONG><a name="[25]"></a>USB_HP_CAN1_TX_IRQHandler</STRONG> (Thumb, 0 bytes, Stack size 0 bytes, startup_ch32f20x_d8c.o(.text))
<BR>[Address Reference Count : 1]<UL><LI> startup_ch32f20x_d8c.o(RESET)
</UL>
<P><STRONG><a name="[26]"></a>USB_LP_CAN1_RX0_IRQHandler</STRONG> (Thumb, 0 bytes, Stack size 0 bytes, startup_ch32f20x_d8c.o(.text))
<BR>[Address Reference Count : 1]<UL><LI> startup_ch32f20x_d8c.o(RESET)
</UL>
<P><STRONG><a name="[12]"></a>WWDG_IRQHandler</STRONG> (Thumb, 0 bytes, Stack size 0 bytes, startup_ch32f20x_d8c.o(.text))
<BR>[Address Reference Count : 1]<UL><LI> startup_ch32f20x_d8c.o(RESET)
</UL>
<P><STRONG><a name="[a5]"></a>__user_initial_stackheap</STRONG> (Thumb, 0 bytes, Stack size unknown bytes, startup_ch32f20x_d8c.o(.text))
<BR><BR>[Called By]<UL><LI><a href="#[7e]">&gt;&gt;</a>&nbsp;&nbsp;&nbsp;__user_setup_stackheap
</UL>

<P><STRONG><a name="[88]"></a>__rt_ctype_table</STRONG> (Thumb, 16 bytes, Stack size 8 bytes, rt_ctype_table.o(.text))
<BR><BR>[Stack]<UL><LI>Max Depth = 8<LI>Call Chain = __rt_ctype_table
</UL>
<BR>[Calls]<UL><LI><a href="#[7b]">&gt;&gt;</a>&nbsp;&nbsp;&nbsp;__rt_locale
</UL>
<BR>[Called By]<UL><LI><a href="#[fd]">&gt;&gt;</a>&nbsp;&nbsp;&nbsp;parse_hex_report
</UL>

<P><STRONG><a name="[89]"></a>malloc</STRONG> (Thumb, 94 bytes, Stack size 16 bytes, h1_alloc.o(.text))
<BR><BR>[Stack]<UL><LI>Max Depth = 48<LI>Call Chain = malloc &rArr; __Heap_Full &rArr; __Heap_ProvideMemory &rArr; free
</UL>
<BR>[Calls]<UL><LI><a href="#[8b]">&gt;&gt;</a>&nbsp;&nbsp;&nbsp;__Heap_Full
<LI><a href="#[8a]">&gt;&gt;</a>&nbsp;&nbsp;&nbsp;__rt_heap_descriptor
</UL>
<BR>[Called By]<UL><LI><a href="#[af]">&gt;&gt;</a>&nbsp;&nbsp;&nbsp;Hublink_InitHubLink
<LI><a href="#[b1]">&gt;&gt;</a>&nbsp;&nbsp;&nbsp;Hublink_InsertHubData
</UL>

<P><STRONG><a name="[8c]"></a>free</STRONG> (Thumb, 78 bytes, Stack size 16 bytes, h1_free.o(.text))
<BR><BR>[Stack]<UL><LI>Max Depth = 16<LI>Call Chain = free
</UL>
<BR>[Calls]<UL><LI><a href="#[8a]">&gt;&gt;</a>&nbsp;&nbsp;&nbsp;__rt_heap_descriptor
</UL>
<BR>[Called By]<UL><LI><a href="#[82]">&gt;&gt;</a>&nbsp;&nbsp;&nbsp;main
<LI><a href="#[ae]">&gt;&gt;</a>&nbsp;&nbsp;&nbsp;Hublink_DeleteHubData
<LI><a href="#[9a]">&gt;&gt;</a>&nbsp;&nbsp;&nbsp;__Heap_ProvideMemory
</UL>

<P><STRONG><a name="[8d]"></a>__2printf</STRONG> (Thumb, 20 bytes, Stack size 24 bytes, noretval__2printf.o(.text))
<BR><BR>[Stack]<UL><LI>Max Depth = 144 + Unknown Stack Size
<LI>Call Chain = __2printf &rArr; _printf_char_file &rArr; _printf_char_common &rArr; __printf
</UL>
<BR>[Calls]<UL><LI><a href="#[8e]">&gt;&gt;</a>&nbsp;&nbsp;&nbsp;_printf_char_file
</UL>
<BR>[Called By]<UL><LI><a href="#[f5]">&gt;&gt;</a>&nbsp;&nbsp;&nbsp;USBHS_HostEnum
<LI><a href="#[f2]">&gt;&gt;</a>&nbsp;&nbsp;&nbsp;USBHS_HUB_Process
<LI><a href="#[82]">&gt;&gt;</a>&nbsp;&nbsp;&nbsp;main
<LI><a href="#[ad]">&gt;&gt;</a>&nbsp;&nbsp;&nbsp;USBHS_HubUSBHS_Analysis_Descr
<LI><a href="#[ed]">&gt;&gt;</a>&nbsp;&nbsp;&nbsp;USBHS_HubUSBGetDevDescr
<LI><a href="#[e9]">&gt;&gt;</a>&nbsp;&nbsp;&nbsp;USBHS_HUBHostEnum
<LI><a href="#[df]">&gt;&gt;</a>&nbsp;&nbsp;&nbsp;USBHS_CtrlGetDevDescr
<LI><a href="#[dc]">&gt;&gt;</a>&nbsp;&nbsp;&nbsp;USBHS_CtrlGetConfigDescr
<LI><a href="#[da]">&gt;&gt;</a>&nbsp;&nbsp;&nbsp;USBHS_Analysis_Descr
<LI><a href="#[ab]">&gt;&gt;</a>&nbsp;&nbsp;&nbsp;HubUSBHS_CtrlGetConfigDescr
<LI><a href="#[ba]">&gt;&gt;</a>&nbsp;&nbsp;&nbsp;MCU_Sleep_Wakeup_Operate
</UL>

<P><STRONG><a name="[90]"></a>_printf_pre_padding</STRONG> (Thumb, 44 bytes, Stack size 16 bytes, _printf_pad.o(.text))
<BR><BR>[Stack]<UL><LI>Max Depth = 16<LI>Call Chain = _printf_pre_padding
</UL>
<BR>[Called By]<UL><LI><a href="#[92]">&gt;&gt;</a>&nbsp;&nbsp;&nbsp;_printf_int_common
<LI><a href="#[8f]">&gt;&gt;</a>&nbsp;&nbsp;&nbsp;_printf_str
</UL>

<P><STRONG><a name="[91]"></a>_printf_post_padding</STRONG> (Thumb, 34 bytes, Stack size 16 bytes, _printf_pad.o(.text))
<BR><BR>[Stack]<UL><LI>Max Depth = 16<LI>Call Chain = _printf_post_padding
</UL>
<BR>[Called By]<UL><LI><a href="#[92]">&gt;&gt;</a>&nbsp;&nbsp;&nbsp;_printf_int_common
<LI><a href="#[8f]">&gt;&gt;</a>&nbsp;&nbsp;&nbsp;_printf_str
</UL>

<P><STRONG><a name="[8f]"></a>_printf_str</STRONG> (Thumb, 82 bytes, Stack size 16 bytes, _printf_str.o(.text))
<BR><BR>[Stack]<UL><LI>Max Depth = 32<LI>Call Chain = _printf_str &rArr; _printf_post_padding
</UL>
<BR>[Calls]<UL><LI><a href="#[91]">&gt;&gt;</a>&nbsp;&nbsp;&nbsp;_printf_post_padding
<LI><a href="#[90]">&gt;&gt;</a>&nbsp;&nbsp;&nbsp;_printf_pre_padding
</UL>
<BR>[Called By]<UL><LI><a href="#[9e]">&gt;&gt;</a>&nbsp;&nbsp;&nbsp;_printf_cs_common
</UL>

<P><STRONG><a name="[73]"></a>_printf_int_dec</STRONG> (Thumb, 104 bytes, Stack size 24 bytes, _printf_dec.o(.text))
<BR><BR>[Stack]<UL><LI>Max Depth = 72<LI>Call Chain = _printf_int_dec &rArr; _printf_int_common &rArr; _printf_post_padding
</UL>
<BR>[Calls]<UL><LI><a href="#[92]">&gt;&gt;</a>&nbsp;&nbsp;&nbsp;_printf_int_common
</UL>
<BR>[Called By]<UL><LI><a href="#[72]">&gt;&gt;</a>&nbsp;&nbsp;&nbsp;_printf_d
</UL>

<P><STRONG><a name="[75]"></a>_printf_int_hex</STRONG> (Thumb, 84 bytes, Stack size 16 bytes, _printf_hex_int.o(.text))
<BR><BR>[Stack]<UL><LI>Max Depth = 64<LI>Call Chain = _printf_int_hex &rArr; _printf_int_common &rArr; _printf_post_padding
</UL>
<BR>[Calls]<UL><LI><a href="#[92]">&gt;&gt;</a>&nbsp;&nbsp;&nbsp;_printf_int_common
</UL>
<BR>[Called By]<UL><LI><a href="#[74]">&gt;&gt;</a>&nbsp;&nbsp;&nbsp;_printf_x
</UL>

<P><STRONG><a name="[126]"></a>_printf_longlong_hex</STRONG> (Thumb, 0 bytes, Stack size 16 bytes, _printf_hex_int.o(.text), UNUSED)

<P><STRONG><a name="[93]"></a>__printf</STRONG> (Thumb, 308 bytes, Stack size 40 bytes, __printf_flags_wp.o(.text))
<BR><BR>[Stack]<UL><LI>Max Depth = 40 + Unknown Stack Size
<LI>Call Chain = __printf
</UL>
<BR>[Calls]<UL><LI><a href="#[95]">&gt;&gt;</a>&nbsp;&nbsp;&nbsp;_printf_percent
<LI><a href="#[94]">&gt;&gt;</a>&nbsp;&nbsp;&nbsp;_is_digit
</UL>
<BR>[Called By]<UL><LI><a href="#[a0]">&gt;&gt;</a>&nbsp;&nbsp;&nbsp;_printf_char_common
</UL>

<P><STRONG><a name="[b3]"></a>__aeabi_memcpy</STRONG> (Thumb, 0 bytes, Stack size 0 bytes, rt_memcpy_v6.o(.text))
<BR><BR>[Called By]<UL><LI><a href="#[f2]">&gt;&gt;</a>&nbsp;&nbsp;&nbsp;USBHS_HUB_Process
<LI><a href="#[d6]">&gt;&gt;</a>&nbsp;&nbsp;&nbsp;USBFS_Endp_DataUp
<LI><a href="#[82]">&gt;&gt;</a>&nbsp;&nbsp;&nbsp;main
<LI><a href="#[b6]">&gt;&gt;</a>&nbsp;&nbsp;&nbsp;Hublink_judgingstructures
<LI><a href="#[b2]">&gt;&gt;</a>&nbsp;&nbsp;&nbsp;Hublink_SearchHubData
<LI><a href="#[b4]">&gt;&gt;</a>&nbsp;&nbsp;&nbsp;Hublink_ModifyHubData
<LI><a href="#[b1]">&gt;&gt;</a>&nbsp;&nbsp;&nbsp;Hublink_InsertHubData
<LI><a href="#[53]">&gt;&gt;</a>&nbsp;&nbsp;&nbsp;USBFS_IRQHandler
</UL>

<P><STRONG><a name="[96]"></a>__rt_memcpy</STRONG> (Thumb, 138 bytes, Stack size 0 bytes, rt_memcpy_v6.o(.text), UNUSED)
<BR><BR>[Calls]<UL><LI><a href="#[97]">&gt;&gt;</a>&nbsp;&nbsp;&nbsp;__aeabi_memcpy4
</UL>

<P><STRONG><a name="[127]"></a>_memcpy_lastbytes</STRONG> (Thumb, 0 bytes, Stack size unknown bytes, rt_memcpy_v6.o(.text), UNUSED)

<P><STRONG><a name="[97]"></a>__aeabi_memcpy4</STRONG> (Thumb, 0 bytes, Stack size 8 bytes, rt_memcpy_w.o(.text))
<BR><BR>[Stack]<UL><LI>Max Depth = 8<LI>Call Chain = __aeabi_memcpy4
</UL>
<BR>[Called By]<UL><LI><a href="#[f2]">&gt;&gt;</a>&nbsp;&nbsp;&nbsp;USBHS_HUB_Process
<LI><a href="#[b5]">&gt;&gt;</a>&nbsp;&nbsp;&nbsp;Hublink_finesubstructures
<LI><a href="#[96]">&gt;&gt;</a>&nbsp;&nbsp;&nbsp;__rt_memcpy
</UL>

<P><STRONG><a name="[128]"></a>__aeabi_memcpy8</STRONG> (Thumb, 0 bytes, Stack size 8 bytes, rt_memcpy_w.o(.text), UNUSED)

<P><STRONG><a name="[129]"></a>__rt_memcpy_w</STRONG> (Thumb, 100 bytes, Stack size 8 bytes, rt_memcpy_w.o(.text), UNUSED)

<P><STRONG><a name="[12a]"></a>_memcpy_lastbytes_aligned</STRONG> (Thumb, 0 bytes, Stack size unknown bytes, rt_memcpy_w.o(.text), UNUSED)

<P><STRONG><a name="[b0]"></a>__aeabi_memclr</STRONG> (Thumb, 0 bytes, Stack size 0 bytes, rt_memclr.o(.text))
<BR><BR>[Called By]<UL><LI><a href="#[f2]">&gt;&gt;</a>&nbsp;&nbsp;&nbsp;USBHS_HUB_Process
<LI><a href="#[af]">&gt;&gt;</a>&nbsp;&nbsp;&nbsp;Hublink_InitHubLink
<LI><a href="#[82]">&gt;&gt;</a>&nbsp;&nbsp;&nbsp;main
</UL>

<P><STRONG><a name="[98]"></a>__rt_memclr</STRONG> (Thumb, 68 bytes, Stack size 0 bytes, rt_memclr.o(.text), UNUSED)
<BR><BR>[Calls]<UL><LI><a href="#[99]">&gt;&gt;</a>&nbsp;&nbsp;&nbsp;_memset_w
</UL>

<P><STRONG><a name="[12b]"></a>_memset</STRONG> (Thumb, 0 bytes, Stack size unknown bytes, rt_memclr.o(.text), UNUSED)

<P><STRONG><a name="[12c]"></a>__use_two_region_memory</STRONG> (Thumb, 2 bytes, Stack size 0 bytes, heapauxi.o(.text), UNUSED)

<P><STRONG><a name="[1]"></a>__rt_heap_escrow</STRONG> (Thumb, 2 bytes, Stack size 0 bytes, heapauxi.o(.text), UNUSED)

<P><STRONG><a name="[0]"></a>__rt_heap_expand</STRONG> (Thumb, 2 bytes, Stack size 0 bytes, heapauxi.o(.text), UNUSED)

<P><STRONG><a name="[8a]"></a>__rt_heap_descriptor</STRONG> (Thumb, 8 bytes, Stack size 0 bytes, rt_heap_descriptor_intlibspace.o(.text))
<BR><BR>[Called By]<UL><LI><a href="#[79]">&gt;&gt;</a>&nbsp;&nbsp;&nbsp;_init_alloc
<LI><a href="#[8c]">&gt;&gt;</a>&nbsp;&nbsp;&nbsp;free
<LI><a href="#[89]">&gt;&gt;</a>&nbsp;&nbsp;&nbsp;malloc
</UL>

<P><STRONG><a name="[7b]"></a>__rt_locale</STRONG> (Thumb, 8 bytes, Stack size 0 bytes, rt_locale_intlibspace.o(.text))
<BR><BR>[Called By]<UL><LI><a href="#[88]">&gt;&gt;</a>&nbsp;&nbsp;&nbsp;__rt_ctype_table
<LI><a href="#[7a]">&gt;&gt;</a>&nbsp;&nbsp;&nbsp;__rt_lib_init_lc_common
</UL>

<P><STRONG><a name="[12d]"></a>__use_no_heap</STRONG> (Thumb, 2 bytes, Stack size 0 bytes, hguard.o(.text), UNUSED)

<P><STRONG><a name="[12e]"></a>__heap$guard</STRONG> (Thumb, 2 bytes, Stack size 0 bytes, hguard.o(.text), UNUSED)

<P><STRONG><a name="[6]"></a>_terminate_user_alloc</STRONG> (Thumb, 2 bytes, Stack size 0 bytes, init_alloc.o(.text), UNUSED)

<P><STRONG><a name="[4]"></a>_init_user_alloc</STRONG> (Thumb, 2 bytes, Stack size 0 bytes, init_alloc.o(.text), UNUSED)

<P><STRONG><a name="[8b]"></a>__Heap_Full</STRONG> (Thumb, 34 bytes, Stack size 16 bytes, init_alloc.o(.text))
<BR><BR>[Stack]<UL><LI>Max Depth = 32<LI>Call Chain = __Heap_Full &rArr; __Heap_ProvideMemory &rArr; free
</UL>
<BR>[Calls]<UL><LI><a href="#[9a]">&gt;&gt;</a>&nbsp;&nbsp;&nbsp;__Heap_ProvideMemory
</UL>
<BR>[Called By]<UL><LI><a href="#[89]">&gt;&gt;</a>&nbsp;&nbsp;&nbsp;malloc
</UL>

<P><STRONG><a name="[9b]"></a>__Heap_Broken</STRONG> (Thumb, 6 bytes, Stack size 0 bytes, init_alloc.o(.text), UNUSED)
<BR><BR>[Calls]<UL><LI><a href="#[9c]">&gt;&gt;</a>&nbsp;&nbsp;&nbsp;__rt_SIGRTMEM
</UL>

<P><STRONG><a name="[79]"></a>_init_alloc</STRONG> (Thumb, 94 bytes, Stack size 24 bytes, init_alloc.o(.text))
<BR><BR>[Stack]<UL><LI>Max Depth = 64<LI>Call Chain = _init_alloc &rArr; __rt_SIGRTMEM &rArr; __rt_SIGRTMEM_inner &rArr; __default_signal_display &rArr; _ttywrch
</UL>
<BR>[Calls]<UL><LI><a href="#[9d]">&gt;&gt;</a>&nbsp;&nbsp;&nbsp;__Heap_Initialize
<LI><a href="#[8a]">&gt;&gt;</a>&nbsp;&nbsp;&nbsp;__rt_heap_descriptor
<LI><a href="#[9c]">&gt;&gt;</a>&nbsp;&nbsp;&nbsp;__rt_SIGRTMEM
<LI><a href="#[9a]">&gt;&gt;</a>&nbsp;&nbsp;&nbsp;__Heap_ProvideMemory
</UL>
<BR>[Called By]<UL><LI><a href="#[78]">&gt;&gt;</a>&nbsp;&nbsp;&nbsp;__rt_lib_init_heap_2
</UL>

<P><STRONG><a name="[9d]"></a>__Heap_Initialize</STRONG> (Thumb, 10 bytes, Stack size 0 bytes, h1_init.o(.text))
<BR><BR>[Called By]<UL><LI><a href="#[79]">&gt;&gt;</a>&nbsp;&nbsp;&nbsp;_init_alloc
</UL>

<P><STRONG><a name="[2]"></a>__Heap_DescSize</STRONG> (Thumb, 4 bytes, Stack size 0 bytes, h1_init.o(.text), UNUSED)

<P><STRONG><a name="[92]"></a>_printf_int_common</STRONG> (Thumb, 178 bytes, Stack size 32 bytes, _printf_intcommon.o(.text))
<BR><BR>[Stack]<UL><LI>Max Depth = 48<LI>Call Chain = _printf_int_common &rArr; _printf_post_padding
</UL>
<BR>[Calls]<UL><LI><a href="#[91]">&gt;&gt;</a>&nbsp;&nbsp;&nbsp;_printf_post_padding
<LI><a href="#[90]">&gt;&gt;</a>&nbsp;&nbsp;&nbsp;_printf_pre_padding
</UL>
<BR>[Called By]<UL><LI><a href="#[75]">&gt;&gt;</a>&nbsp;&nbsp;&nbsp;_printf_int_hex
<LI><a href="#[73]">&gt;&gt;</a>&nbsp;&nbsp;&nbsp;_printf_int_dec
</UL>

<P><STRONG><a name="[9e]"></a>_printf_cs_common</STRONG> (Thumb, 20 bytes, Stack size 8 bytes, _printf_char.o(.text))
<BR><BR>[Stack]<UL><LI>Max Depth = 40<LI>Call Chain = _printf_cs_common &rArr; _printf_str &rArr; _printf_post_padding
</UL>
<BR>[Calls]<UL><LI><a href="#[8f]">&gt;&gt;</a>&nbsp;&nbsp;&nbsp;_printf_str
</UL>
<BR>[Called By]<UL><LI><a href="#[77]">&gt;&gt;</a>&nbsp;&nbsp;&nbsp;_printf_string
<LI><a href="#[9f]">&gt;&gt;</a>&nbsp;&nbsp;&nbsp;_printf_char
</UL>

<P><STRONG><a name="[9f]"></a>_printf_char</STRONG> (Thumb, 16 bytes, Stack size 0 bytes, _printf_char.o(.text), UNUSED)
<BR><BR>[Calls]<UL><LI><a href="#[9e]">&gt;&gt;</a>&nbsp;&nbsp;&nbsp;_printf_cs_common
</UL>

<P><STRONG><a name="[77]"></a>_printf_string</STRONG> (Thumb, 8 bytes, Stack size 0 bytes, _printf_char.o(.text))
<BR><BR>[Stack]<UL><LI>Max Depth = 40<LI>Call Chain = _printf_string &rArr; _printf_cs_common &rArr; _printf_str &rArr; _printf_post_padding
</UL>
<BR>[Calls]<UL><LI><a href="#[9e]">&gt;&gt;</a>&nbsp;&nbsp;&nbsp;_printf_cs_common
</UL>
<BR>[Called By]<UL><LI><a href="#[76]">&gt;&gt;</a>&nbsp;&nbsp;&nbsp;_printf_s
</UL>

<P><STRONG><a name="[8e]"></a>_printf_char_file</STRONG> (Thumb, 32 bytes, Stack size 16 bytes, _printf_char_file.o(.text))
<BR><BR>[Stack]<UL><LI>Max Depth = 120 + Unknown Stack Size
<LI>Call Chain = _printf_char_file &rArr; _printf_char_common &rArr; __printf
</UL>
<BR>[Calls]<UL><LI><a href="#[a1]">&gt;&gt;</a>&nbsp;&nbsp;&nbsp;ferror
<LI><a href="#[a0]">&gt;&gt;</a>&nbsp;&nbsp;&nbsp;_printf_char_common
</UL>
<BR>[Called By]<UL><LI><a href="#[8d]">&gt;&gt;</a>&nbsp;&nbsp;&nbsp;__2printf
</UL>

<P><STRONG><a name="[12f]"></a>__aeabi_memclr4</STRONG> (Thumb, 0 bytes, Stack size 4 bytes, rt_memclr_w.o(.text), UNUSED)

<P><STRONG><a name="[130]"></a>__aeabi_memclr8</STRONG> (Thumb, 0 bytes, Stack size 4 bytes, rt_memclr_w.o(.text), UNUSED)

<P><STRONG><a name="[131]"></a>__rt_memclr_w</STRONG> (Thumb, 78 bytes, Stack size 4 bytes, rt_memclr_w.o(.text), UNUSED)

<P><STRONG><a name="[99]"></a>_memset_w</STRONG> (Thumb, 0 bytes, Stack size unknown bytes, rt_memclr_w.o(.text), UNUSED)
<BR><BR>[Called By]<UL><LI><a href="#[98]">&gt;&gt;</a>&nbsp;&nbsp;&nbsp;__rt_memclr
</UL>

<P><STRONG><a name="[132]"></a>__user_libspace</STRONG> (Thumb, 8 bytes, Stack size 0 bytes, libspace.o(.text), UNUSED)

<P><STRONG><a name="[a4]"></a>__user_perproc_libspace</STRONG> (Thumb, 0 bytes, Stack size 0 bytes, libspace.o(.text))
<BR><BR>[Called By]<UL><LI><a href="#[7e]">&gt;&gt;</a>&nbsp;&nbsp;&nbsp;__user_setup_stackheap
</UL>

<P><STRONG><a name="[133]"></a>__user_perthread_libspace</STRONG> (Thumb, 0 bytes, Stack size 0 bytes, libspace.o(.text), UNUSED)

<P><STRONG><a name="[9a]"></a>__Heap_ProvideMemory</STRONG> (Thumb, 52 bytes, Stack size 0 bytes, h1_extend.o(.text))
<BR><BR>[Stack]<UL><LI>Max Depth = 16<LI>Call Chain = __Heap_ProvideMemory &rArr; free
</UL>
<BR>[Calls]<UL><LI><a href="#[8c]">&gt;&gt;</a>&nbsp;&nbsp;&nbsp;free
</UL>
<BR>[Called By]<UL><LI><a href="#[79]">&gt;&gt;</a>&nbsp;&nbsp;&nbsp;_init_alloc
<LI><a href="#[8b]">&gt;&gt;</a>&nbsp;&nbsp;&nbsp;__Heap_Full
</UL>

<P><STRONG><a name="[a0]"></a>_printf_char_common</STRONG> (Thumb, 32 bytes, Stack size 64 bytes, _printf_char_common.o(.text))
<BR><BR>[Stack]<UL><LI>Max Depth = 104 + Unknown Stack Size
<LI>Call Chain = _printf_char_common &rArr; __printf
</UL>
<BR>[Calls]<UL><LI><a href="#[93]">&gt;&gt;</a>&nbsp;&nbsp;&nbsp;__printf
</UL>
<BR>[Called By]<UL><LI><a href="#[8e]">&gt;&gt;</a>&nbsp;&nbsp;&nbsp;_printf_char_file
</UL>

<P><STRONG><a name="[a1]"></a>ferror</STRONG> (Thumb, 8 bytes, Stack size 0 bytes, ferror.o(.text))
<BR><BR>[Called By]<UL><LI><a href="#[8e]">&gt;&gt;</a>&nbsp;&nbsp;&nbsp;_printf_char_file
</UL>

<P><STRONG><a name="[9c]"></a>__rt_SIGRTMEM</STRONG> (Thumb, 14 bytes, Stack size 8 bytes, defsig_rtmem_outer.o(.text))
<BR><BR>[Stack]<UL><LI>Max Depth = 40<LI>Call Chain = __rt_SIGRTMEM &rArr; __rt_SIGRTMEM_inner &rArr; __default_signal_display &rArr; _ttywrch
</UL>
<BR>[Calls]<UL><LI><a href="#[a2]">&gt;&gt;</a>&nbsp;&nbsp;&nbsp;__rt_SIGRTMEM_inner
<LI><a href="#[a3]">&gt;&gt;</a>&nbsp;&nbsp;&nbsp;__sig_exit
</UL>
<BR>[Called By]<UL><LI><a href="#[79]">&gt;&gt;</a>&nbsp;&nbsp;&nbsp;_init_alloc
<LI><a href="#[9b]">&gt;&gt;</a>&nbsp;&nbsp;&nbsp;__Heap_Broken
</UL>

<P><STRONG><a name="[ff]"></a>strcmp</STRONG> (Thumb, 128 bytes, Stack size 0 bytes, strcmpv7m.o(.text))
<BR><BR>[Called By]<UL><LI><a href="#[6a]">&gt;&gt;</a>&nbsp;&nbsp;&nbsp;_get_lc_ctype
</UL>

<P><STRONG><a name="[134]"></a>__I$use$semihosting</STRONG> (Thumb, 0 bytes, Stack size 0 bytes, use_no_semi.o(.text), UNUSED)

<P><STRONG><a name="[135]"></a>__use_no_semihosting_swi</STRONG> (Thumb, 2 bytes, Stack size 0 bytes, use_no_semi.o(.text), UNUSED)

<P><STRONG><a name="[136]"></a>__semihosting_library_function</STRONG> (Thumb, 0 bytes, Stack size 8 bytes, indicate_semi.o(.text), UNUSED)

<P><STRONG><a name="[7e]"></a>__user_setup_stackheap</STRONG> (Thumb, 74 bytes, Stack size 8 bytes, sys_stackheap_outer.o(.text))
<BR><BR>[Stack]<UL><LI>Max Depth = 8 + Unknown Stack Size
<LI>Call Chain = __user_setup_stackheap
</UL>
<BR>[Calls]<UL><LI><a href="#[a5]">&gt;&gt;</a>&nbsp;&nbsp;&nbsp;__user_initial_stackheap
<LI><a href="#[a4]">&gt;&gt;</a>&nbsp;&nbsp;&nbsp;__user_perproc_libspace
</UL>
<BR>[Called By]<UL><LI><a href="#[7d]">&gt;&gt;</a>&nbsp;&nbsp;&nbsp;__rt_entry_sh
</UL>

<P><STRONG><a name="[83]"></a>exit</STRONG> (Thumb, 18 bytes, Stack size 8 bytes, exit.o(.text))
<BR><BR>[Stack]<UL><LI>Max Depth = 8 + Unknown Stack Size
<LI>Call Chain = exit
</UL>
<BR>[Calls]<UL><LI><a href="#[a6]">&gt;&gt;</a>&nbsp;&nbsp;&nbsp;__rt_exit
</UL>
<BR>[Called By]<UL><LI><a href="#[81]">&gt;&gt;</a>&nbsp;&nbsp;&nbsp;__rt_entry_main
</UL>

<P><STRONG><a name="[a3]"></a>__sig_exit</STRONG> (Thumb, 10 bytes, Stack size 0 bytes, defsig_exit.o(.text))
<BR><BR>[Calls]<UL><LI><a href="#[87]">&gt;&gt;</a>&nbsp;&nbsp;&nbsp;_sys_exit
</UL>
<BR>[Called By]<UL><LI><a href="#[9c]">&gt;&gt;</a>&nbsp;&nbsp;&nbsp;__rt_SIGRTMEM
</UL>

<P><STRONG><a name="[a2]"></a>__rt_SIGRTMEM_inner</STRONG> (Thumb, 22 bytes, Stack size 8 bytes, defsig_rtmem_inner.o(.text))
<BR><BR>[Stack]<UL><LI>Max Depth = 32<LI>Call Chain = __rt_SIGRTMEM_inner &rArr; __default_signal_display &rArr; _ttywrch
</UL>
<BR>[Calls]<UL><LI><a href="#[a7]">&gt;&gt;</a>&nbsp;&nbsp;&nbsp;__default_signal_display
</UL>
<BR>[Called By]<UL><LI><a href="#[9c]">&gt;&gt;</a>&nbsp;&nbsp;&nbsp;__rt_SIGRTMEM
</UL>

<P><STRONG><a name="[87]"></a>_sys_exit</STRONG> (Thumb, 8 bytes, Stack size 0 bytes, sys_exit.o(.text))
<BR><BR>[Called By]<UL><LI><a href="#[86]">&gt;&gt;</a>&nbsp;&nbsp;&nbsp;__rt_exit_exit
<LI><a href="#[a3]">&gt;&gt;</a>&nbsp;&nbsp;&nbsp;__sig_exit
</UL>

<P><STRONG><a name="[a7]"></a>__default_signal_display</STRONG> (Thumb, 50 bytes, Stack size 16 bytes, defsig_general.o(.text))
<BR><BR>[Stack]<UL><LI>Max Depth = 24<LI>Call Chain = __default_signal_display &rArr; _ttywrch
</UL>
<BR>[Calls]<UL><LI><a href="#[a8]">&gt;&gt;</a>&nbsp;&nbsp;&nbsp;_ttywrch
</UL>
<BR>[Called By]<UL><LI><a href="#[a2]">&gt;&gt;</a>&nbsp;&nbsp;&nbsp;__rt_SIGRTMEM_inner
</UL>

<P><STRONG><a name="[a8]"></a>_ttywrch</STRONG> (Thumb, 14 bytes, Stack size 8 bytes, sys_wrch.o(.text))
<BR><BR>[Stack]<UL><LI>Max Depth = 8<LI>Call Chain = _ttywrch
</UL>
<BR>[Called By]<UL><LI><a href="#[a7]">&gt;&gt;</a>&nbsp;&nbsp;&nbsp;__default_signal_display
</UL>

<P><STRONG><a name="[c]"></a>BusFault_Handler</STRONG> (Thumb, 4 bytes, Stack size 0 bytes, ch32f20x_it.o(i.BusFault_Handler))
<BR>[Address Reference Count : 1]<UL><LI> startup_ch32f20x_d8c.o(RESET)
</UL>
<P><STRONG><a name="[f]"></a>DebugMon_Handler</STRONG> (Thumb, 4 bytes, Stack size 0 bytes, ch32f20x_it.o(i.DebugMon_Handler))
<BR>[Address Reference Count : 1]<UL><LI> startup_ch32f20x_d8c.o(RESET)
</UL>
<P><STRONG><a name="[a9]"></a>Delay_Init</STRONG> (Thumb, 50 bytes, Stack size 8 bytes, debug.o(i.Delay_Init))
<BR><BR>[Stack]<UL><LI>Max Depth = 8<LI>Call Chain = Delay_Init
</UL>
<BR>[Calls]<UL><LI><a href="#[aa]">&gt;&gt;</a>&nbsp;&nbsp;&nbsp;SysTick_CLKSourceConfig
</UL>
<BR>[Called By]<UL><LI><a href="#[82]">&gt;&gt;</a>&nbsp;&nbsp;&nbsp;main
</UL>

<P><STRONG><a name="[d9]"></a>Delay_Ms</STRONG> (Thumb, 72 bytes, Stack size 0 bytes, debug.o(i.Delay_Ms))
<BR><BR>[Called By]<UL><LI><a href="#[f5]">&gt;&gt;</a>&nbsp;&nbsp;&nbsp;USBHS_HostEnum
<LI><a href="#[f2]">&gt;&gt;</a>&nbsp;&nbsp;&nbsp;USBHS_HUB_Process
<LI><a href="#[82]">&gt;&gt;</a>&nbsp;&nbsp;&nbsp;main
<LI><a href="#[f6]">&gt;&gt;</a>&nbsp;&nbsp;&nbsp;USBHS_SetBusReset
<LI><a href="#[e9]">&gt;&gt;</a>&nbsp;&nbsp;&nbsp;USBHS_HUBHostEnum
<LI><a href="#[e4]">&gt;&gt;</a>&nbsp;&nbsp;&nbsp;USBHS_CtrlUSBHS_SetAddress
<LI><a href="#[c0]">&gt;&gt;</a>&nbsp;&nbsp;&nbsp;USBFS_Send_Resume
</UL>

<P><STRONG><a name="[d3]"></a>Delay_Us</STRONG> (Thumb, 72 bytes, Stack size 0 bytes, debug.o(i.Delay_Us))
<BR><BR>[Called By]<UL><LI><a href="#[d4]">&gt;&gt;</a>&nbsp;&nbsp;&nbsp;USBFS_Device_Init
<LI><a href="#[f4]">&gt;&gt;</a>&nbsp;&nbsp;&nbsp;USBHS_USBHostTransact
<LI><a href="#[f8]">&gt;&gt;</a>&nbsp;&nbsp;&nbsp;USBHS_SSPLITPacket
<LI><a href="#[ac]">&gt;&gt;</a>&nbsp;&nbsp;&nbsp;USBHS_HubCtrlTransfer
<LI><a href="#[de]">&gt;&gt;</a>&nbsp;&nbsp;&nbsp;USBHS_HostCtrlTransfer
<LI><a href="#[db]">&gt;&gt;</a>&nbsp;&nbsp;&nbsp;USBHS_CSPLITPacket
<LI><a href="#[d2]">&gt;&gt;</a>&nbsp;&nbsp;&nbsp;USB20_RCC_Init
<LI><a href="#[53]">&gt;&gt;</a>&nbsp;&nbsp;&nbsp;USBFS_IRQHandler
</UL>

<P><STRONG><a name="[bb]"></a>EXTI_ClearFlag</STRONG> (Thumb, 6 bytes, Stack size 0 bytes, ch32f20x_exti.o(i.EXTI_ClearFlag))
<BR><BR>[Called By]<UL><LI><a href="#[ba]">&gt;&gt;</a>&nbsp;&nbsp;&nbsp;MCU_Sleep_Wakeup_Operate
</UL>

<P><STRONG><a name="[bf]"></a>EXTI_GetFlagStatus</STRONG> (Thumb, 20 bytes, Stack size 0 bytes, ch32f20x_exti.o(i.EXTI_GetFlagStatus))
<BR><BR>[Called By]<UL><LI><a href="#[ba]">&gt;&gt;</a>&nbsp;&nbsp;&nbsp;MCU_Sleep_Wakeup_Operate
</UL>

<P><STRONG><a name="[fa]"></a>EXTI_Init</STRONG> (Thumb, 142 bytes, Stack size 0 bytes, ch32f20x_exti.o(i.EXTI_Init))
<BR><BR>[Called By]<UL><LI><a href="#[f9]">&gt;&gt;</a>&nbsp;&nbsp;&nbsp;USB_Sleep_Wakeup_CFG
</UL>

<P><STRONG><a name="[cd]"></a>GPIO_Init</STRONG> (Thumb, 278 bytes, Stack size 24 bytes, ch32f20x_gpio.o(i.GPIO_Init))
<BR><BR>[Stack]<UL><LI>Max Depth = 24<LI>Call Chain = GPIO_Init
</UL>
<BR>[Called By]<UL><LI><a href="#[ca]">&gt;&gt;</a>&nbsp;&nbsp;&nbsp;USART_Printf_Init
<LI><a href="#[82]">&gt;&gt;</a>&nbsp;&nbsp;&nbsp;main
</UL>

<P><STRONG><a name="[ce]"></a>GPIO_PinRemapConfig</STRONG> (Thumb, 204 bytes, Stack size 20 bytes, ch32f20x_gpio.o(i.GPIO_PinRemapConfig))
<BR><BR>[Stack]<UL><LI>Max Depth = 20<LI>Call Chain = GPIO_PinRemapConfig
</UL>
<BR>[Called By]<UL><LI><a href="#[ca]">&gt;&gt;</a>&nbsp;&nbsp;&nbsp;USART_Printf_Init
</UL>

<P><STRONG><a name="[b9]"></a>GPIO_ReadInputData</STRONG> (Thumb, 8 bytes, Stack size 0 bytes, ch32f20x_gpio.o(i.GPIO_ReadInputData))
<BR><BR>[Called By]<UL><LI><a href="#[c1]">&gt;&gt;</a>&nbsp;&nbsp;&nbsp;MS_Scan
<LI><a href="#[b8]">&gt;&gt;</a>&nbsp;&nbsp;&nbsp;KB_Scan
</UL>

<P><STRONG><a name="[a]"></a>HardFault_Handler</STRONG> (Thumb, 4 bytes, Stack size 0 bytes, ch32f20x_it.o(i.HardFault_Handler))
<BR>[Address Reference Count : 1]<UL><LI> startup_ch32f20x_d8c.o(RESET)
</UL>
<P><STRONG><a name="[ab]"></a>HubUSBHS_CtrlGetConfigDescr</STRONG> (Thumb, 122 bytes, Stack size 24 bytes, ch32f20x_usbhs_host.o(i.HubUSBHS_CtrlGetConfigDescr))
<BR><BR>[Stack]<UL><LI>Max Depth = 192 + Unknown Stack Size
<LI>Call Chain = HubUSBHS_CtrlGetConfigDescr &rArr; USBHS_HubUSBHS_Analysis_Descr &rArr; __2printf &rArr; _printf_char_file &rArr; _printf_char_common &rArr; __printf
</UL>
<BR>[Calls]<UL><LI><a href="#[ad]">&gt;&gt;</a>&nbsp;&nbsp;&nbsp;USBHS_HubUSBHS_Analysis_Descr
<LI><a href="#[ac]">&gt;&gt;</a>&nbsp;&nbsp;&nbsp;USBHS_HubCtrlTransfer
<LI><a href="#[8d]">&gt;&gt;</a>&nbsp;&nbsp;&nbsp;__2printf
</UL>
<BR>[Called By]<UL><LI><a href="#[e9]">&gt;&gt;</a>&nbsp;&nbsp;&nbsp;USBHS_HUBHostEnum
</UL>

<P><STRONG><a name="[ae]"></a>Hublink_DeleteHubData</STRONG> (Thumb, 126 bytes, Stack size 40 bytes, usb_hub.o(i.Hublink_DeleteHubData))
<BR><BR>[Stack]<UL><LI>Max Depth = 56<LI>Call Chain = Hublink_DeleteHubData &rArr; free
</UL>
<BR>[Calls]<UL><LI><a href="#[8c]">&gt;&gt;</a>&nbsp;&nbsp;&nbsp;free
</UL>
<BR>[Called By]<UL><LI><a href="#[f2]">&gt;&gt;</a>&nbsp;&nbsp;&nbsp;USBHS_HUB_Process
<LI><a href="#[b6]">&gt;&gt;</a>&nbsp;&nbsp;&nbsp;Hublink_judgingstructures
</UL>

<P><STRONG><a name="[af]"></a>Hublink_InitHubLink</STRONG> (Thumb, 40 bytes, Stack size 16 bytes, usb_hub.o(i.Hublink_InitHubLink))
<BR><BR>[Stack]<UL><LI>Max Depth = 64<LI>Call Chain = Hublink_InitHubLink &rArr; malloc &rArr; __Heap_Full &rArr; __Heap_ProvideMemory &rArr; free
</UL>
<BR>[Calls]<UL><LI><a href="#[b0]">&gt;&gt;</a>&nbsp;&nbsp;&nbsp;__aeabi_memclr
<LI><a href="#[89]">&gt;&gt;</a>&nbsp;&nbsp;&nbsp;malloc
</UL>
<BR>[Called By]<UL><LI><a href="#[82]">&gt;&gt;</a>&nbsp;&nbsp;&nbsp;main
</UL>

<P><STRONG><a name="[b1]"></a>Hublink_InsertHubData</STRONG> (Thumb, 76 bytes, Stack size 32 bytes, usb_hub.o(i.Hublink_InsertHubData))
<BR><BR>[Stack]<UL><LI>Max Depth = 80<LI>Call Chain = Hublink_InsertHubData &rArr; malloc &rArr; __Heap_Full &rArr; __Heap_ProvideMemory &rArr; free
</UL>
<BR>[Calls]<UL><LI><a href="#[b2]">&gt;&gt;</a>&nbsp;&nbsp;&nbsp;Hublink_SearchHubData
<LI><a href="#[b3]">&gt;&gt;</a>&nbsp;&nbsp;&nbsp;__aeabi_memcpy
<LI><a href="#[89]">&gt;&gt;</a>&nbsp;&nbsp;&nbsp;malloc
</UL>
<BR>[Called By]<UL><LI><a href="#[f2]">&gt;&gt;</a>&nbsp;&nbsp;&nbsp;USBHS_HUB_Process
</UL>

<P><STRONG><a name="[b4]"></a>Hublink_ModifyHubData</STRONG> (Thumb, 82 bytes, Stack size 24 bytes, usb_hub.o(i.Hublink_ModifyHubData))
<BR><BR>[Stack]<UL><LI>Max Depth = 24<LI>Call Chain = Hublink_ModifyHubData
</UL>
<BR>[Calls]<UL><LI><a href="#[b3]">&gt;&gt;</a>&nbsp;&nbsp;&nbsp;__aeabi_memcpy
</UL>
<BR>[Called By]<UL><LI><a href="#[f2]">&gt;&gt;</a>&nbsp;&nbsp;&nbsp;USBHS_HUB_Process
</UL>

<P><STRONG><a name="[b2]"></a>Hublink_SearchHubData</STRONG> (Thumb, 70 bytes, Stack size 16 bytes, usb_hub.o(i.Hublink_SearchHubData))
<BR><BR>[Stack]<UL><LI>Max Depth = 16<LI>Call Chain = Hublink_SearchHubData
</UL>
<BR>[Calls]<UL><LI><a href="#[b3]">&gt;&gt;</a>&nbsp;&nbsp;&nbsp;__aeabi_memcpy
</UL>
<BR>[Called By]<UL><LI><a href="#[f2]">&gt;&gt;</a>&nbsp;&nbsp;&nbsp;USBHS_HUB_Process
<LI><a href="#[b1]">&gt;&gt;</a>&nbsp;&nbsp;&nbsp;Hublink_InsertHubData
</UL>

<P><STRONG><a name="[b5]"></a>Hublink_finesubstructures</STRONG> (Thumb, 42 bytes, Stack size 240 bytes, usb_hub.o(i.Hublink_finesubstructures))
<BR><BR>[Stack]<UL><LI>Max Depth = 792<LI>Call Chain = Hublink_finesubstructures &rArr; Hublink_judgingstructures &rArr;  Hublink_judgingstructures (Cycle)
</UL>
<BR>[Calls]<UL><LI><a href="#[b6]">&gt;&gt;</a>&nbsp;&nbsp;&nbsp;Hublink_judgingstructures
<LI><a href="#[97]">&gt;&gt;</a>&nbsp;&nbsp;&nbsp;__aeabi_memcpy4
</UL>
<BR>[Called By]<UL><LI><a href="#[f2]">&gt;&gt;</a>&nbsp;&nbsp;&nbsp;USBHS_HUB_Process
</UL>

<P><STRONG><a name="[b6]"></a>Hublink_judgingstructures</STRONG> (Thumb, 202 bytes, Stack size 496 bytes, usb_hub.o(i.Hublink_judgingstructures))
<BR><BR>[Stack]<UL><LI>Max Depth = 552 + In Cycle
<LI>Call Chain = Hublink_judgingstructures &rArr;  Hublink_judgingstructures (Cycle)
</UL>
<BR>[Calls]<UL><LI><a href="#[b7]">&gt;&gt;</a>&nbsp;&nbsp;&nbsp;USB_DelUSBHS_AddressNumber
<LI><a href="#[b6]">&gt;&gt;</a>&nbsp;&nbsp;&nbsp;Hublink_judgingstructures
<LI><a href="#[ae]">&gt;&gt;</a>&nbsp;&nbsp;&nbsp;Hublink_DeleteHubData
<LI><a href="#[b3]">&gt;&gt;</a>&nbsp;&nbsp;&nbsp;__aeabi_memcpy
</UL>
<BR>[Called By]<UL><LI><a href="#[b6]">&gt;&gt;</a>&nbsp;&nbsp;&nbsp;Hublink_judgingstructures
<LI><a href="#[b5]">&gt;&gt;</a>&nbsp;&nbsp;&nbsp;Hublink_finesubstructures
</UL>

<P><STRONG><a name="[b8]"></a>KB_Scan</STRONG> (Thumb, 100 bytes, Stack size 8 bytes, usbd_compostie_km.o(i.KB_Scan))
<BR><BR>[Stack]<UL><LI>Max Depth = 8<LI>Call Chain = KB_Scan
</UL>
<BR>[Calls]<UL><LI><a href="#[b9]">&gt;&gt;</a>&nbsp;&nbsp;&nbsp;GPIO_ReadInputData
</UL>
<BR>[Called By]<UL><LI><a href="#[2f]">&gt;&gt;</a>&nbsp;&nbsp;&nbsp;TIM3_IRQHandler
</UL>

<P><STRONG><a name="[ba]"></a>MCU_Sleep_Wakeup_Operate</STRONG> (Thumb, 100 bytes, Stack size 8 bytes, usbd_compostie_km.o(i.MCU_Sleep_Wakeup_Operate))
<BR><BR>[Stack]<UL><LI>Max Depth = 152 + Unknown Stack Size
<LI>Call Chain = MCU_Sleep_Wakeup_Operate &rArr; __2printf &rArr; _printf_char_file &rArr; _printf_char_common &rArr; __printf
</UL>
<BR>[Calls]<UL><LI><a href="#[68]">&gt;&gt;</a>&nbsp;&nbsp;&nbsp;SystemInit
<LI><a href="#[bd]">&gt;&gt;</a>&nbsp;&nbsp;&nbsp;SystemCoreClockUpdate
<LI><a href="#[be]">&gt;&gt;</a>&nbsp;&nbsp;&nbsp;USBFS_RCC_Init
<LI><a href="#[bf]">&gt;&gt;</a>&nbsp;&nbsp;&nbsp;EXTI_GetFlagStatus
<LI><a href="#[bb]">&gt;&gt;</a>&nbsp;&nbsp;&nbsp;EXTI_ClearFlag
<LI><a href="#[bc]">&gt;&gt;</a>&nbsp;&nbsp;&nbsp;PWR_EnterSTOPMode
<LI><a href="#[8d]">&gt;&gt;</a>&nbsp;&nbsp;&nbsp;__2printf
<LI><a href="#[c0]">&gt;&gt;</a>&nbsp;&nbsp;&nbsp;USBFS_Send_Resume
</UL>
<BR>[Called By]<UL><LI><a href="#[53]">&gt;&gt;</a>&nbsp;&nbsp;&nbsp;USBFS_IRQHandler
</UL>

<P><STRONG><a name="[c1]"></a>MS_Scan</STRONG> (Thumb, 82 bytes, Stack size 8 bytes, usbd_compostie_km.o(i.MS_Scan))
<BR><BR>[Stack]<UL><LI>Max Depth = 8<LI>Call Chain = MS_Scan
</UL>
<BR>[Calls]<UL><LI><a href="#[b9]">&gt;&gt;</a>&nbsp;&nbsp;&nbsp;GPIO_ReadInputData
</UL>
<BR>[Called By]<UL><LI><a href="#[2f]">&gt;&gt;</a>&nbsp;&nbsp;&nbsp;TIM3_IRQHandler
</UL>

<P><STRONG><a name="[b]"></a>MemManage_Handler</STRONG> (Thumb, 4 bytes, Stack size 0 bytes, ch32f20x_it.o(i.MemManage_Handler))
<BR>[Address Reference Count : 1]<UL><LI> startup_ch32f20x_d8c.o(RESET)
</UL>
<P><STRONG><a name="[9]"></a>NMI_Handler</STRONG> (Thumb, 4 bytes, Stack size 0 bytes, ch32f20x_it.o(i.NMI_Handler))
<BR>[Address Reference Count : 1]<UL><LI> startup_ch32f20x_d8c.o(RESET)
</UL>
<P><STRONG><a name="[cf]"></a>NVIC_Init</STRONG> (Thumb, 100 bytes, Stack size 16 bytes, ch32f20x_misc.o(i.NVIC_Init))
<BR><BR>[Stack]<UL><LI>Max Depth = 16<LI>Call Chain = NVIC_Init
</UL>
<BR>[Called By]<UL><LI><a href="#[ca]">&gt;&gt;</a>&nbsp;&nbsp;&nbsp;USART_Printf_Init
</UL>

<P><STRONG><a name="[bc]"></a>PWR_EnterSTOPMode</STRONG> (Thumb, 54 bytes, Stack size 8 bytes, ch32f20x_pwr.o(i.PWR_EnterSTOPMode))
<BR><BR>[Stack]<UL><LI>Max Depth = 8<LI>Call Chain = PWR_EnterSTOPMode
</UL>
<BR>[Called By]<UL><LI><a href="#[ba]">&gt;&gt;</a>&nbsp;&nbsp;&nbsp;MCU_Sleep_Wakeup_Operate
</UL>

<P><STRONG><a name="[10]"></a>PendSV_Handler</STRONG> (Thumb, 4 bytes, Stack size 0 bytes, ch32f20x_it.o(i.PendSV_Handler))
<BR>[Address Reference Count : 1]<UL><LI> startup_ch32f20x_d8c.o(RESET)
</UL>
<P><STRONG><a name="[d8]"></a>RCC_AHBPeriphClockCmd</STRONG> (Thumb, 26 bytes, Stack size 0 bytes, ch32f20x_rcc.o(i.RCC_AHBPeriphClockCmd))
<BR><BR>[Called By]<UL><LI><a href="#[be]">&gt;&gt;</a>&nbsp;&nbsp;&nbsp;USBFS_RCC_Init
</UL>

<P><STRONG><a name="[cc]"></a>RCC_APB1PeriphClockCmd</STRONG> (Thumb, 26 bytes, Stack size 0 bytes, ch32f20x_rcc.o(i.RCC_APB1PeriphClockCmd))
<BR><BR>[Called By]<UL><LI><a href="#[ca]">&gt;&gt;</a>&nbsp;&nbsp;&nbsp;USART_Printf_Init
</UL>

<P><STRONG><a name="[cb]"></a>RCC_APB2PeriphClockCmd</STRONG> (Thumb, 26 bytes, Stack size 0 bytes, ch32f20x_rcc.o(i.RCC_APB2PeriphClockCmd))
<BR><BR>[Called By]<UL><LI><a href="#[ca]">&gt;&gt;</a>&nbsp;&nbsp;&nbsp;USART_Printf_Init
<LI><a href="#[82]">&gt;&gt;</a>&nbsp;&nbsp;&nbsp;main
</UL>

<P><STRONG><a name="[c9]"></a>RCC_GetClocksFreq</STRONG> (Thumb, 378 bytes, Stack size 20 bytes, ch32f20x_rcc.o(i.RCC_GetClocksFreq))
<BR><BR>[Stack]<UL><LI>Max Depth = 20<LI>Call Chain = RCC_GetClocksFreq
</UL>
<BR>[Called By]<UL><LI><a href="#[c8]">&gt;&gt;</a>&nbsp;&nbsp;&nbsp;USART_Init
</UL>

<P><STRONG><a name="[d7]"></a>RCC_USBFSCLKConfig</STRONG> (Thumb, 24 bytes, Stack size 0 bytes, ch32f20x_rcc.o(i.RCC_USBFSCLKConfig))
<BR><BR>[Called By]<UL><LI><a href="#[be]">&gt;&gt;</a>&nbsp;&nbsp;&nbsp;USBFS_RCC_Init
</UL>

<P><STRONG><a name="[e]"></a>SVC_Handler</STRONG> (Thumb, 4 bytes, Stack size 0 bytes, ch32f20x_it.o(i.SVC_Handler))
<BR>[Address Reference Count : 1]<UL><LI> startup_ch32f20x_d8c.o(RESET)
</UL>
<P><STRONG><a name="[aa]"></a>SysTick_CLKSourceConfig</STRONG> (Thumb, 40 bytes, Stack size 0 bytes, ch32f20x_misc.o(i.SysTick_CLKSourceConfig))
<BR><BR>[Called By]<UL><LI><a href="#[a9]">&gt;&gt;</a>&nbsp;&nbsp;&nbsp;Delay_Init
</UL>

<P><STRONG><a name="[11]"></a>SysTick_Handler</STRONG> (Thumb, 4 bytes, Stack size 0 bytes, ch32f20x_it.o(i.SysTick_Handler))
<BR>[Address Reference Count : 1]<UL><LI> startup_ch32f20x_d8c.o(RESET)
</UL>
<P><STRONG><a name="[bd]"></a>SystemCoreClockUpdate</STRONG> (Thumb, 346 bytes, Stack size 16 bytes, system_ch32f20x.o(i.SystemCoreClockUpdate))
<BR><BR>[Stack]<UL><LI>Max Depth = 16<LI>Call Chain = SystemCoreClockUpdate
</UL>
<BR>[Called By]<UL><LI><a href="#[ba]">&gt;&gt;</a>&nbsp;&nbsp;&nbsp;MCU_Sleep_Wakeup_Operate
</UL>

<P><STRONG><a name="[68]"></a>SystemInit</STRONG> (Thumb, 92 bytes, Stack size 8 bytes, system_ch32f20x.o(i.SystemInit))
<BR><BR>[Stack]<UL><LI>Max Depth = 28<LI>Call Chain = SystemInit &rArr; SetSysClock &rArr; SetSysClockTo48_HSE
</UL>
<BR>[Calls]<UL><LI><a href="#[c2]">&gt;&gt;</a>&nbsp;&nbsp;&nbsp;SetSysClock
</UL>
<BR>[Called By]<UL><LI><a href="#[ba]">&gt;&gt;</a>&nbsp;&nbsp;&nbsp;MCU_Sleep_Wakeup_Operate
</UL>
<BR>[Address Reference Count : 1]<UL><LI> startup_ch32f20x_d8c.o(.text)
</UL>
<P><STRONG><a name="[2f]"></a>TIM3_IRQHandler</STRONG> (Thumb, 46 bytes, Stack size 8 bytes, usbd_compostie_km.o(i.TIM3_IRQHandler))
<BR><BR>[Stack]<UL><LI>Max Depth = 20<LI>Call Chain = TIM3_IRQHandler &rArr; TIM_GetITStatus
</UL>
<BR>[Calls]<UL><LI><a href="#[c5]">&gt;&gt;</a>&nbsp;&nbsp;&nbsp;TIM_ClearITPendingBit
<LI><a href="#[c4]">&gt;&gt;</a>&nbsp;&nbsp;&nbsp;TIM_GetITStatus
<LI><a href="#[c1]">&gt;&gt;</a>&nbsp;&nbsp;&nbsp;MS_Scan
<LI><a href="#[b8]">&gt;&gt;</a>&nbsp;&nbsp;&nbsp;KB_Scan
</UL>
<BR>[Address Reference Count : 1]<UL><LI> startup_ch32f20x_d8c.o(RESET)
</UL>
<P><STRONG><a name="[c5]"></a>TIM_ClearITPendingBit</STRONG> (Thumb, 6 bytes, Stack size 0 bytes, ch32f20x_tim.o(i.TIM_ClearITPendingBit))
<BR><BR>[Called By]<UL><LI><a href="#[2f]">&gt;&gt;</a>&nbsp;&nbsp;&nbsp;TIM3_IRQHandler
</UL>

<P><STRONG><a name="[c4]"></a>TIM_GetITStatus</STRONG> (Thumb, 34 bytes, Stack size 12 bytes, ch32f20x_tim.o(i.TIM_GetITStatus))
<BR><BR>[Stack]<UL><LI>Max Depth = 12<LI>Call Chain = TIM_GetITStatus
</UL>
<BR>[Called By]<UL><LI><a href="#[2f]">&gt;&gt;</a>&nbsp;&nbsp;&nbsp;TIM3_IRQHandler
</UL>

<P><STRONG><a name="[44]"></a>UART4_IRQHandler</STRONG> (Thumb, 66 bytes, Stack size 8 bytes, main.o(i.UART4_IRQHandler))
<BR><BR>[Stack]<UL><LI>Max Depth = 24<LI>Call Chain = UART4_IRQHandler &rArr; USART_GetITStatus
</UL>
<BR>[Calls]<UL><LI><a href="#[c7]">&gt;&gt;</a>&nbsp;&nbsp;&nbsp;USART_ReceiveData
<LI><a href="#[c6]">&gt;&gt;</a>&nbsp;&nbsp;&nbsp;USART_GetITStatus
</UL>
<BR>[Address Reference Count : 1]<UL><LI> startup_ch32f20x_d8c.o(RESET)
</UL>
<P><STRONG><a name="[38]"></a>USART2_IRQHandler</STRONG> (Thumb, 26 bytes, Stack size 8 bytes, usbd_compostie_km.o(i.USART2_IRQHandler))
<BR><BR>[Stack]<UL><LI>Max Depth = 24<LI>Call Chain = USART2_IRQHandler &rArr; USART_GetITStatus
</UL>
<BR>[Calls]<UL><LI><a href="#[c7]">&gt;&gt;</a>&nbsp;&nbsp;&nbsp;USART_ReceiveData
<LI><a href="#[c6]">&gt;&gt;</a>&nbsp;&nbsp;&nbsp;USART_GetITStatus
</UL>
<BR>[Address Reference Count : 1]<UL><LI> startup_ch32f20x_d8c.o(RESET)
</UL>
<P><STRONG><a name="[d1]"></a>USART_Cmd</STRONG> (Thumb, 24 bytes, Stack size 0 bytes, ch32f20x_usart.o(i.USART_Cmd))
<BR><BR>[Called By]<UL><LI><a href="#[ca]">&gt;&gt;</a>&nbsp;&nbsp;&nbsp;USART_Printf_Init
</UL>

<P><STRONG><a name="[fb]"></a>USART_GetFlagStatus</STRONG> (Thumb, 18 bytes, Stack size 0 bytes, ch32f20x_usart.o(i.USART_GetFlagStatus))
<BR><BR>[Called By]<UL><LI><a href="#[6b]">&gt;&gt;</a>&nbsp;&nbsp;&nbsp;fputc
</UL>

<P><STRONG><a name="[c6]"></a>USART_GetITStatus</STRONG> (Thumb, 76 bytes, Stack size 16 bytes, ch32f20x_usart.o(i.USART_GetITStatus))
<BR><BR>[Stack]<UL><LI>Max Depth = 16<LI>Call Chain = USART_GetITStatus
</UL>
<BR>[Called By]<UL><LI><a href="#[44]">&gt;&gt;</a>&nbsp;&nbsp;&nbsp;UART4_IRQHandler
<LI><a href="#[38]">&gt;&gt;</a>&nbsp;&nbsp;&nbsp;USART2_IRQHandler
</UL>

<P><STRONG><a name="[d0]"></a>USART_ITConfig</STRONG> (Thumb, 64 bytes, Stack size 20 bytes, ch32f20x_usart.o(i.USART_ITConfig))
<BR><BR>[Stack]<UL><LI>Max Depth = 20<LI>Call Chain = USART_ITConfig
</UL>
<BR>[Called By]<UL><LI><a href="#[ca]">&gt;&gt;</a>&nbsp;&nbsp;&nbsp;USART_Printf_Init
<LI><a href="#[82]">&gt;&gt;</a>&nbsp;&nbsp;&nbsp;main
</UL>

<P><STRONG><a name="[c8]"></a>USART_Init</STRONG> (Thumb, 150 bytes, Stack size 56 bytes, ch32f20x_usart.o(i.USART_Init))
<BR><BR>[Stack]<UL><LI>Max Depth = 76<LI>Call Chain = USART_Init &rArr; RCC_GetClocksFreq
</UL>
<BR>[Calls]<UL><LI><a href="#[c9]">&gt;&gt;</a>&nbsp;&nbsp;&nbsp;RCC_GetClocksFreq
</UL>
<BR>[Called By]<UL><LI><a href="#[ca]">&gt;&gt;</a>&nbsp;&nbsp;&nbsp;USART_Printf_Init
</UL>

<P><STRONG><a name="[ca]"></a>USART_Printf_Init</STRONG> (Thumb, 168 bytes, Stack size 32 bytes, debug.o(i.USART_Printf_Init))
<BR><BR>[Stack]<UL><LI>Max Depth = 108<LI>Call Chain = USART_Printf_Init &rArr; USART_Init &rArr; RCC_GetClocksFreq
</UL>
<BR>[Calls]<UL><LI><a href="#[c8]">&gt;&gt;</a>&nbsp;&nbsp;&nbsp;USART_Init
[...]
</UL>
<BR>[Calls]<UL><LI><a href="#[d9]">&gt;&gt;</a>&nbsp;&nbsp;&nbsp;Delay_Ms
<LI><a href="#[ec]">&gt;&gt;</a>&nbsp;&nbsp;&nbsp;USB_SetUSBHS_AddressNumber
<LI><a href="#[ef]">&gt;&gt;</a>&nbsp;&nbsp;&nbsp;USBHS_HubUSBUSBHS_SetConfig
<LI><a href="#[f0]">&gt;&gt;</a>&nbsp;&nbsp;&nbsp;USBHS_HubUSBSetIdle
<LI><a href="#[ee]">&gt;&gt;</a>&nbsp;&nbsp;&nbsp;USBHS_HubUSBSetAddr
<LI><a href="#[ed]">&gt;&gt;</a>&nbsp;&nbsp;&nbsp;USBHS_HubUSBGetDevDescr
<LI><a href="#[ea]">&gt;&gt;</a>&nbsp;&nbsp;&nbsp;USBHS_HubSetPortFeature
<LI><a href="#[e8]">&gt;&gt;</a>&nbsp;&nbsp;&nbsp;USBHS_HubGetPortStatus
<LI><a href="#[f1]">&gt;&gt;</a>&nbsp;&nbsp;&nbsp;USBHS_HubCtrlGetHidDescr
<LI><a href="#[eb]">&gt;&gt;</a>&nbsp;&nbsp;&nbsp;USBHS_HubClearPortFeature
<LI><a href="#[e5]">&gt;&gt;</a>&nbsp;&nbsp;&nbsp;USBHS_CurrentAddr
<LI><a href="#[e4]">&gt;&gt;</a>&nbsp;&nbsp;&nbsp;USBHS_CtrlUSBHS_SetAddress
<LI><a href="#[e3]">&gt;&gt;</a>&nbsp;&nbsp;&nbsp;USBHS_CtrlSetUsbConfig
<LI><a href="#[e2]">&gt;&gt;</a>&nbsp;&nbsp;&nbsp;USBHS_CtrlSetIdle
<LI><a href="#[e1]">&gt;&gt;</a>&nbsp;&nbsp;&nbsp;USBHS_CtrlGet_HUBDevDescr
<LI><a href="#[e0]">&gt;&gt;</a>&nbsp;&nbsp;&nbsp;USBHS_CtrlGetReportDescr
<LI><a href="#[df]">&gt;&gt;</a>&nbsp;&nbsp;&nbsp;USBHS_CtrlGetDevDescr
<LI><a href="#[dc]">&gt;&gt;</a>&nbsp;&nbsp;&nbsp;USBHS_CtrlGetConfigDescr
<LI><a href="#[ab]">&gt;&gt;</a>&nbsp;&nbsp;&nbsp;HubUSBHS_CtrlGetConfigDescr
<LI><a href="#[8d]">&gt;&gt;</a>&nbsp;&nbsp;&nbsp;__2printf
</UL>
<BR>[Called By]<UL><LI><a href="#[f2]">&gt;&gt;</a>&nbsp;&nbsp;&nbsp;USBHS_HUB_Process
</UL>

<P><STRONG><a name="[f2]"></a>USBHS_HUB_Process</STRONG> (Thumb, 2218 bytes, Stack size 976 bytes, ch32f20x_usbhs_host.o(i.USBHS_HUB_Process))
<BR><BR>[Stack]<UL><LI>Max Depth = 1768 + Unknown Stack Size
 + In Cycle
<LI>Call Chain = USBHS_HUB_Process &rArr;  USBHS_HUB_Process (Cycle)
</UL>
<BR>[Calls]<UL><LI><a href="#[b7]">&gt;&gt;</a>&nbsp;&nbsp;&nbsp;USB_DelUSBHS_AddressNumber
<LI><a href="#[f2]">&gt;&gt;</a>&nbsp;&nbsp;&nbsp;USBHS_HUB_Process
<LI><a href="#[d6]">&gt;&gt;</a>&nbsp;&nbsp;&nbsp;USBFS_Endp_DataUp
<LI><a href="#[d9]">&gt;&gt;</a>&nbsp;&nbsp;&nbsp;Delay_Ms
<LI><a href="#[f3]">&gt;&gt;</a>&nbsp;&nbsp;&nbsp;USBHS_INT_In_Data
<LI><a href="#[e8]">&gt;&gt;</a>&nbsp;&nbsp;&nbsp;USBHS_HubGetPortStatus
<LI><a href="#[eb]">&gt;&gt;</a>&nbsp;&nbsp;&nbsp;USBHS_HubClearPortFeature
<LI><a href="#[e9]">&gt;&gt;</a>&nbsp;&nbsp;&nbsp;USBHS_HUBHostEnum
<LI><a href="#[e7]">&gt;&gt;</a>&nbsp;&nbsp;&nbsp;USBHS_HUBCheckPortConnect
<LI><a href="#[e5]">&gt;&gt;</a>&nbsp;&nbsp;&nbsp;USBHS_CurrentAddr
<LI><a href="#[b5]">&gt;&gt;</a>&nbsp;&nbsp;&nbsp;Hublink_finesubstructures
<LI><a href="#[b2]">&gt;&gt;</a>&nbsp;&nbsp;&nbsp;Hublink_SearchHubData
<LI><a href="#[b4]">&gt;&gt;</a>&nbsp;&nbsp;&nbsp;Hublink_ModifyHubData
<LI><a href="#[b1]">&gt;&gt;</a>&nbsp;&nbsp;&nbsp;Hublink_InsertHubData
<LI><a href="#[ae]">&gt;&gt;</a>&nbsp;&nbsp;&nbsp;Hublink_DeleteHubData
<LI><a href="#[b0]">&gt;&gt;</a>&nbsp;&nbsp;&nbsp;__aeabi_memclr
<LI><a href="#[97]">&gt;&gt;</a>&nbsp;&nbsp;&nbsp;__aeabi_memcpy4
<LI><a href="#[b3]">&gt;&gt;</a>&nbsp;&nbsp;&nbsp;__aeabi_memcpy
<LI><a href="#[8d]">&gt;&gt;</a>&nbsp;&nbsp;&nbsp;__2printf
</UL>
<BR>[Called By]<UL><LI><a href="#[f2]">&gt;&gt;</a>&nbsp;&nbsp;&nbsp;USBHS_HUB_Process
<LI><a href="#[82]">&gt;&gt;</a>&nbsp;&nbsp;&nbsp;main
</UL>

<P><STRONG><a name="[de]"></a>USBHS_HostCtrlTransfer</STRONG> (Thumb, 378 bytes, Stack size 40 bytes, ch32f20x_usbhs_host.o(i.USBHS_HostCtrlTransfer))
<BR><BR>[Stack]<UL><LI>Max Depth = 72<LI>Call Chain = USBHS_HostCtrlTransfer &rArr; USBHS_USBHostTransact
</UL>
<BR>[Calls]<UL><LI><a href="#[d3]">&gt;&gt;</a>&nbsp;&nbsp;&nbsp;Delay_Us
<LI><a href="#[f4]">&gt;&gt;</a>&nbsp;&nbsp;&nbsp;USBHS_USBHostTransact
</UL>
<BR>[Called By]<UL><LI><a href="#[ea]">&gt;&gt;</a>&nbsp;&nbsp;&nbsp;USBHS_HubSetPortFeature
<LI><a href="#[e8]">&gt;&gt;</a>&nbsp;&nbsp;&nbsp;USBHS_HubGetPortStatus
<LI><a href="#[e6]">&gt;&gt;</a>&nbsp;&nbsp;&nbsp;USBHS_HOST_ClearPortFeature_Process
<LI><a href="#[e4]">&gt;&gt;</a>&nbsp;&nbsp;&nbsp;USBHS_CtrlUSBHS_SetAddress
<LI><a href="#[e3]">&gt;&gt;</a>&nbsp;&nbsp;&nbsp;USBHS_CtrlSetUsbConfig
<LI><a href="#[e2]">&gt;&gt;</a>&nbsp;&nbsp;&nbsp;USBHS_CtrlSetIdle
<LI><a href="#[e1]">&gt;&gt;</a>&nbsp;&nbsp;&nbsp;USBHS_CtrlGet_HUBDevDescr
<LI><a href="#[e0]">&gt;&gt;</a>&nbsp;&nbsp;&nbsp;USBHS_CtrlGetReportDescr
<LI><a href="#[df]">&gt;&gt;</a>&nbsp;&nbsp;&nbsp;USBHS_CtrlGetDevDescr
<LI><a href="#[dc]">&gt;&gt;</a>&nbsp;&nbsp;&nbsp;USBHS_CtrlGetConfigDescr
</UL>

<P><STRONG><a name="[f5]"></a>USBHS_HostEnum</STRONG> (Thumb, 242 bytes, Stack size 24 bytes, ch32f20x_usbhs_host.o(i.USBHS_HostEnum))
<BR><BR>[Stack]<UL><LI>Max Depth = 216 + Unknown Stack Size
<LI>Call Chain = USBHS_HostEnum &rArr; USBHS_CtrlGetConfigDescr &rArr; USBHS_HubUSBHS_Analysis_Descr &rArr; __2printf &rArr; _printf_char_file &rArr; _printf_char_common &rArr; __printf
</UL>
<BR>[Calls]<UL><LI><a href="#[d9]">&gt;&gt;</a>&nbsp;&nbsp;&nbsp;Delay_Ms
<LI><a href="#[f6]">&gt;&gt;</a>&nbsp;&nbsp;&nbsp;USBHS_SetBusReset
<LI><a href="#[ea]">&gt;&gt;</a>&nbsp;&nbsp;&nbsp;USBHS_HubSetPortFeature
<LI><a href="#[e5]">&gt;&gt;</a>&nbsp;&nbsp;&nbsp;USBHS_CurrentAddr
<LI><a href="#[e4]">&gt;&gt;</a>&nbsp;&nbsp;&nbsp;USBHS_CtrlUSBHS_SetAddress
<LI><a href="#[e3]">&gt;&gt;</a>&nbsp;&nbsp;&nbsp;USBHS_CtrlSetUsbConfig
<LI><a href="#[e2]">&gt;&gt;</a>&nbsp;&nbsp;&nbsp;USBHS_CtrlSetIdle
<LI><a href="#[e1]">&gt;&gt;</a>&nbsp;&nbsp;&nbsp;USBHS_CtrlGet_HUBDevDescr
<LI><a href="#[e0]">&gt;&gt;</a>&nbsp;&nbsp;&nbsp;USBHS_CtrlGetReportDescr
<LI><a href="#[df]">&gt;&gt;</a>&nbsp;&nbsp;&nbsp;USBHS_CtrlGetDevDescr
<LI><a href="#[dc]">&gt;&gt;</a>&nbsp;&nbsp;&nbsp;USBHS_CtrlGetConfigDescr
<LI><a href="#[8d]">&gt;&gt;</a>&nbsp;&nbsp;&nbsp;__2printf
</UL>
<BR>[Called By]<UL><LI><a href="#[82]">&gt;&gt;</a>&nbsp;&nbsp;&nbsp;main
</UL>

<P><STRONG><a name="[f7]"></a>USBHS_HostInit</STRONG> (Thumb, 82 bytes, Stack size 8 bytes, ch32f20x_usbhs_host.o(i.USBHS_HostInit))
<BR><BR>[Stack]<UL><LI>Max Depth = 16<LI>Call Chain = USBHS_HostInit &rArr; USB20_RCC_Init
</UL>
<BR>[Calls]<UL><LI><a href="#[d2]">&gt;&gt;</a>&nbsp;&nbsp;&nbsp;USB20_RCC_Init
</UL>
<BR>[Called By]<UL><LI><a href="#[82]">&gt;&gt;</a>&nbsp;&nbsp;&nbsp;main
</UL>

<P><STRONG><a name="[eb]"></a>USBHS_HubClearPortFeature</STRONG> (Thumb, 242 bytes, Stack size 16 bytes, ch32f20x_usbhs_host.o(i.USBHS_HubClearPortFeature))
<BR><BR>[Stack]<UL><LI>Max Depth = 104<LI>Call Chain = USBHS_HubClearPortFeature &rArr; USBHS_HOST_ClearPortFeature_Process &rArr; USBHS_HostCtrlTransfer &rArr; USBHS_USBHostTransact
</UL>
<BR>[Calls]<UL><LI><a href="#[e6]">&gt;&gt;</a>&nbsp;&nbsp;&nbsp;USBHS_HOST_ClearPortFeature_Process
</UL>
<BR>[Called By]<UL><LI><a href="#[f2]">&gt;&gt;</a>&nbsp;&nbsp;&nbsp;USBHS_HUB_Process
<LI><a href="#[e9]">&gt;&gt;</a>&nbsp;&nbsp;&nbsp;USBHS_HUBHostEnum
</UL>

<P><STRONG><a name="[f1]"></a>USBHS_HubCtrlGetHidDescr</STRONG> (Thumb, 74 bytes, Stack size 24 bytes, ch32f20x_usbhs_host.o(i.USBHS_HubCtrlGetHidDescr))
<BR><BR>[Stack]<UL><LI>Max Depth = 128<LI>Call Chain = USBHS_HubCtrlGetHidDescr &rArr; USBHS_HubCtrlTransfer &rArr; USBHS_SSPLITPacket
</UL>
<BR>[Calls]<UL><LI><a href="#[ac]">&gt;&gt;</a>&nbsp;&nbsp;&nbsp;USBHS_HubCtrlTransfer
</UL>
<BR>[Called By]<UL><LI><a href="#[e9]">&gt;&gt;</a>&nbsp;&nbsp;&nbsp;USBHS_HUBHostEnum
</UL>

<P><STRONG><a name="[ac]"></a>USBHS_HubCtrlTransfer</STRONG> (Thumb, 490 bytes, Stack size 64 bytes, ch32f20x_usbhs_host.o(i.USBHS_HubCtrlTransfer))
<BR><BR>[Stack]<UL><LI>Max Depth = 104<LI>Call Chain = USBHS_HubCtrlTransfer &rArr; USBHS_SSPLITPacket
</UL>
<BR>[Calls]<UL><LI><a href="#[d3]">&gt;&gt;</a>&nbsp;&nbsp;&nbsp;Delay_Us
<LI><a href="#[f8]">&gt;&gt;</a>&nbsp;&nbsp;&nbsp;USBHS_SSPLITPacket
<LI><a href="#[db]">&gt;&gt;</a>&nbsp;&nbsp;&nbsp;USBHS_CSPLITPacket
</UL>
<BR>[Called By]<UL><LI><a href="#[ef]">&gt;&gt;</a>&nbsp;&nbsp;&nbsp;USBHS_HubUSBUSBHS_SetConfig
<LI><a href="#[f0]">&gt;&gt;</a>&nbsp;&nbsp;&nbsp;USBHS_HubUSBSetIdle
<LI><a href="#[ee]">&gt;&gt;</a>&nbsp;&nbsp;&nbsp;USBHS_HubUSBSetAddr
<LI><a href="#[ed]">&gt;&gt;</a>&nbsp;&nbsp;&nbsp;USBHS_HubUSBGetDevDescr
<LI><a href="#[f1]">&gt;&gt;</a>&nbsp;&nbsp;&nbsp;USBHS_HubCtrlGetHidDescr
<LI><a href="#[ab]">&gt;&gt;</a>&nbsp;&nbsp;&nbsp;HubUSBHS_CtrlGetConfigDescr
</UL>

<P><STRONG><a name="[e8]"></a>USBHS_HubGetPortStatus</STRONG> (Thumb, 92 bytes, Stack size 24 bytes, ch32f20x_usbhs_host.o(i.USBHS_HubGetPortStatus))
<BR><BR>[Stack]<UL><LI>Max Depth = 96<LI>Call Chain = USBHS_HubGetPortStatus &rArr; USBHS_HostCtrlTransfer &rArr; USBHS_USBHostTransact
</UL>
<BR>[Calls]<UL><LI><a href="#[de]">&gt;&gt;</a>&nbsp;&nbsp;&nbsp;USBHS_HostCtrlTransfer
</UL>
<BR>[Called By]<UL><LI><a href="#[f2]">&gt;&gt;</a>&nbsp;&nbsp;&nbsp;USBHS_HUB_Process
<LI><a href="#[e9]">&gt;&gt;</a>&nbsp;&nbsp;&nbsp;USBHS_HUBHostEnum
<LI><a href="#[e7]">&gt;&gt;</a>&nbsp;&nbsp;&nbsp;USBHS_HUBCheckPortConnect
</UL>

<P><STRONG><a name="[ea]"></a>USBHS_HubSetPortFeature</STRONG> (Thumb, 36 bytes, Stack size 16 bytes, ch32f20x_usbhs_host.o(i.USBHS_HubSetPortFeature))
<BR><BR>[Stack]<UL><LI>Max Depth = 88<LI>Call Chain = USBHS_HubSetPortFeature &rArr; USBHS_HostCtrlTransfer &rArr; USBHS_USBHostTransact
</UL>
<BR>[Calls]<UL><LI><a href="#[de]">&gt;&gt;</a>&nbsp;&nbsp;&nbsp;USBHS_HostCtrlTransfer
</UL>
<BR>[Called By]<UL><LI><a href="#[f5]">&gt;&gt;</a>&nbsp;&nbsp;&nbsp;USBHS_HostEnum
<LI><a href="#[e9]">&gt;&gt;</a>&nbsp;&nbsp;&nbsp;USBHS_HUBHostEnum
</UL>

<P><STRONG><a name="[ed]"></a>USBHS_HubUSBGetDevDescr</STRONG> (Thumb, 66 bytes, Stack size 24 bytes, ch32f20x_usbhs_host.o(i.USBHS_HubUSBGetDevDescr))
<BR><BR>[Stack]<UL><LI>Max Depth = 168 + Unknown Stack Size
<LI>Call Chain = USBHS_HubUSBGetDevDescr &rArr; __2printf &rArr; _printf_char_file &rArr; _printf_char_common &rArr; __printf
</UL>
<BR>[Calls]<UL><LI><a href="#[ac]">&gt;&gt;</a>&nbsp;&nbsp;&nbsp;USBHS_HubCtrlTransfer
<LI><a href="#[8d]">&gt;&gt;</a>&nbsp;&nbsp;&nbsp;__2printf
</UL>
<BR>[Called By]<UL><LI><a href="#[e9]">&gt;&gt;</a>&nbsp;&nbsp;&nbsp;USBHS_HUBHostEnum
</UL>

<P><STRONG><a name="[ad]"></a>USBHS_HubUSBHS_Analysis_Descr</STRONG> (Thumb, 506 bytes, Stack size 24 bytes, ch32f20x_usbhs_host.o(i.USBHS_HubUSBHS_Analysis_Descr))
<BR><BR>[Stack]<UL><LI>Max Depth = 168 + Unknown Stack Size
<LI>Call Chain = USBHS_HubUSBHS_Analysis_Descr &rArr; __2printf &rArr; _printf_char_file &rArr; _printf_char_common &rArr; __printf
</UL>
<BR>[Calls]<UL><LI><a href="#[8d]">&gt;&gt;</a>&nbsp;&nbsp;&nbsp;__2printf
</UL>
<BR>[Called By]<UL><LI><a href="#[dc]">&gt;&gt;</a>&nbsp;&nbsp;&nbsp;USBHS_CtrlGetConfigDescr
<LI><a href="#[ab]">&gt;&gt;</a>&nbsp;&nbsp;&nbsp;HubUSBHS_CtrlGetConfigDescr
</UL>

<P><STRONG><a name="[ee]"></a>USBHS_HubUSBSetAddr</STRONG> (Thumb, 62 bytes, Stack size 24 bytes, ch32f20x_usbhs_host.o(i.USBHS_HubUSBSetAddr))
<BR><BR>[Stack]<UL><LI>Max Depth = 128<LI>Call Chain = USBHS_HubUSBSetAddr &rArr; USBHS_HubCtrlTransfer &rArr; USBHS_SSPLITPacket
</UL>
<BR>[Calls]<UL><LI><a href="#[ac]">&gt;&gt;</a>&nbsp;&nbsp;&nbsp;USBHS_HubCtrlTransfer
<LI><a href="#[e5]">&gt;&gt;</a>&nbsp;&nbsp;&nbsp;USBHS_CurrentAddr
</UL>
<BR>[Called By]<UL><LI><a href="#[e9]">&gt;&gt;</a>&nbsp;&nbsp;&nbsp;USBHS_HUBHostEnum
</UL>

<P><STRONG><a name="[f0]"></a>USBHS_HubUSBSetIdle</STRONG> (Thumb, 54 bytes, Stack size 24 bytes, ch32f20x_usbhs_host.o(i.USBHS_HubUSBSetIdle))
<BR><BR>[Stack]<UL><LI>Max Depth = 128<LI>Call Chain = USBHS_HubUSBSetIdle &rArr; USBHS_HubCtrlTransfer &rArr; USBHS_SSPLITPacket
</UL>
<BR>[Calls]<UL><LI><a href="#[ac]">&gt;&gt;</a>&nbsp;&nbsp;&nbsp;USBHS_HubCtrlTransfer
</UL>
<BR>[Called By]<UL><LI><a href="#[e9]">&gt;&gt;</a>&nbsp;&nbsp;&nbsp;USBHS_HUBHostEnum
</UL>

<P><STRONG><a name="[ef]"></a>USBHS_HubUSBUSBHS_SetConfig</STRONG> (Thumb, 62 bytes, Stack size 24 bytes, ch32f20x_usbhs_host.o(i.USBHS_HubUSBUSBHS_SetConfig))
<BR><BR>[Stack]<UL><LI>Max Depth = 128<LI>Call Chain = USBHS_HubUSBUSBHS_SetConfig &rArr; USBHS_HubCtrlTransfer &rArr; USBHS_SSPLITPacket
</UL>
<BR>[Calls]<UL><LI><a href="#[ac]">&gt;&gt;</a>&nbsp;&nbsp;&nbsp;USBHS_HubCtrlTransfer
</UL>
<BR>[Called By]<UL><LI><a href="#[e9]">&gt;&gt;</a>&nbsp;&nbsp;&nbsp;USBHS_HUBHostEnum
</UL>

<P><STRONG><a name="[f3]"></a>USBHS_INT_In_Data</STRONG> (Thumb, 164 bytes, Stack size 48 bytes, ch32f20x_usbhs_host.o(i.USBHS_INT_In_Data))
<BR><BR>[Stack]<UL><LI>Max Depth = 88<LI>Call Chain = USBHS_INT_In_Data &rArr; USBHS_SSPLITPacket
</UL>
<BR>[Calls]<UL><LI><a href="#[f4]">&gt;&gt;</a>&nbsp;&nbsp;&nbsp;USBHS_USBHostTransact
<LI><a href="#[f8]">&gt;&gt;</a>&nbsp;&nbsp;&nbsp;USBHS_SSPLITPacket
<LI><a href="#[e5]">&gt;&gt;</a>&nbsp;&nbsp;&nbsp;USBHS_CurrentAddr
<LI><a href="#[db]">&gt;&gt;</a>&nbsp;&nbsp;&nbsp;USBHS_CSPLITPacket
</UL>
<BR>[Called By]<UL><LI><a href="#[f2]">&gt;&gt;</a>&nbsp;&nbsp;&nbsp;USBHS_HUB_Process
</UL>

<P><STRONG><a name="[f8]"></a>USBHS_SSPLITPacket</STRONG> (Thumb, 366 bytes, Stack size 40 bytes, ch32f20x_usbhs_host.o(i.USBHS_SSPLITPacket))
<BR><BR>[Stack]<UL><LI>Max Depth = 40<LI>Call Chain = USBHS_SSPLITPacket
</UL>
<BR>[Calls]<UL><LI><a href="#[d3]">&gt;&gt;</a>&nbsp;&nbsp;&nbsp;Delay_Us
</UL>
<BR>[Called By]<UL><LI><a href="#[f3]">&gt;&gt;</a>&nbsp;&nbsp;&nbsp;USBHS_INT_In_Data
<LI><a href="#[ac]">&gt;&gt;</a>&nbsp;&nbsp;&nbsp;USBHS_HubCtrlTransfer
</UL>

<P><STRONG><a name="[f6]"></a>USBHS_SetBusReset</STRONG> (Thumb, 76 bytes, Stack size 8 bytes, ch32f20x_usbhs_host.o(i.USBHS_SetBusReset))
<BR><BR>[Stack]<UL><LI>Max Depth = 8<LI>Call Chain = USBHS_SetBusReset
</UL>
<BR>[Calls]<UL><LI><a href="#[d9]">&gt;&gt;</a>&nbsp;&nbsp;&nbsp;Delay_Ms
</UL>
<BR>[Called By]<UL><LI><a href="#[f5]">&gt;&gt;</a>&nbsp;&nbsp;&nbsp;USBHS_HostEnum
</UL>

<P><STRONG><a name="[f4]"></a>USBHS_USBHostTransact</STRONG> (Thumb, 342 bytes, Stack size 32 bytes, ch32f20x_usbhs_host.o(i.USBHS_USBHostTransact))
<BR><BR>[Stack]<UL><LI>Max Depth = 32<LI>Call Chain = USBHS_USBHostTransact
</UL>
<BR>[Calls]<UL><LI><a href="#[d3]">&gt;&gt;</a>&nbsp;&nbsp;&nbsp;Delay_Us
</UL>
<BR>[Called By]<UL><LI><a href="#[f3]">&gt;&gt;</a>&nbsp;&nbsp;&nbsp;USBHS_INT_In_Data
<LI><a href="#[de]">&gt;&gt;</a>&nbsp;&nbsp;&nbsp;USBHS_HostCtrlTransfer
</UL>

<P><STRONG><a name="[b7]"></a>USB_DelUSBHS_AddressNumber</STRONG> (Thumb, 22 bytes, Stack size 0 bytes, ch32f20x_usbhs_host.o(i.USB_DelUSBHS_AddressNumber))
<BR><BR>[Called By]<UL><LI><a href="#[f2]">&gt;&gt;</a>&nbsp;&nbsp;&nbsp;USBHS_HUB_Process
<LI><a href="#[82]">&gt;&gt;</a>&nbsp;&nbsp;&nbsp;main
<LI><a href="#[b6]">&gt;&gt;</a>&nbsp;&nbsp;&nbsp;Hublink_judgingstructures
</UL>

<P><STRONG><a name="[ec]"></a>USB_SetUSBHS_AddressNumber</STRONG> (Thumb, 34 bytes, Stack size 0 bytes, ch32f20x_usbhs_host.o(i.USB_SetUSBHS_AddressNumber))
<BR><BR>[Called By]<UL><LI><a href="#[e9]">&gt;&gt;</a>&nbsp;&nbsp;&nbsp;USBHS_HUBHostEnum
</UL>

<P><STRONG><a name="[f9]"></a>USB_Sleep_Wakeup_CFG</STRONG> (Thumb, 40 bytes, Stack size 16 bytes, usbd_compostie_km.o(i.USB_Sleep_Wakeup_CFG))
<BR><BR>[Stack]<UL><LI>Max Depth = 16<LI>Call Chain = USB_Sleep_Wakeup_CFG
</UL>
<BR>[Calls]<UL><LI><a href="#[fa]">&gt;&gt;</a>&nbsp;&nbsp;&nbsp;EXTI_Init
</UL>
<BR>[Called By]<UL><LI><a href="#[82]">&gt;&gt;</a>&nbsp;&nbsp;&nbsp;main
</UL>

<P><STRONG><a name="[d]"></a>UsageFault_Handler</STRONG> (Thumb, 4 bytes, Stack size 0 bytes, ch32f20x_it.o(i.UsageFault_Handler))
<BR>[Address Reference Count : 1]<UL><LI> startup_ch32f20x_d8c.o(RESET)
</UL>
<P><STRONG><a name="[94]"></a>_is_digit</STRONG> (Thumb, 14 bytes, Stack size 0 bytes, __printf_wp.o(i._is_digit))
<BR><BR>[Called By]<UL><LI><a href="#[93]">&gt;&gt;</a>&nbsp;&nbsp;&nbsp;__printf
</UL>

<P><STRONG><a name="[6b]"></a>fputc</STRONG> (Thumb, 32 bytes, Stack size 16 bytes, debug.o(i.fputc))
<BR><BR>[Stack]<UL><LI>Max Depth = 16<LI>Call Chain = fputc
</UL>
<BR>[Calls]<UL><LI><a href="#[fc]">&gt;&gt;</a>&nbsp;&nbsp;&nbsp;USART_SendData
<LI><a href="#[fb]">&gt;&gt;</a>&nbsp;&nbsp;&nbsp;USART_GetFlagStatus
</UL>
<BR>[Address Reference Count : 1]<UL><LI> _printf_char_file.o(.text)
</UL>
<P><STRONG><a name="[fe]"></a>hex_to_byte</STRONG> (Thumb, 48 bytes, Stack size 8 bytes, main.o(i.hex_to_byte))
<BR><BR>[Stack]<UL><LI>Max Depth = 8<LI>Call Chain = hex_to_byte
</UL>
<BR>[Called By]<UL><LI><a href="#[fd]">&gt;&gt;</a>&nbsp;&nbsp;&nbsp;parse_hex_report
</UL>

<P><STRONG><a name="[82]"></a>main</STRONG> (Thumb, 662 bytes, Stack size 80 bytes, main.o(i.main))
<BR><BR>[Stack]<UL><LI>Max Depth = 1848 + Unknown Stack Size
<LI>Call Chain = main &rArr; USBHS_HUB_Process &rArr;  USBHS_HUB_Process (Cycle)
</UL>
<BR>[Calls]<UL><LI><a href="#[f9]">&gt;&gt;</a>&nbsp;&nbsp;&nbsp;USB_Sleep_Wakeup_CFG
<LI><a href="#[b7]">&gt;&gt;</a>&nbsp;&nbsp;&nbsp;USB_DelUSBHS_AddressNumber
<LI><a href="#[f7]">&gt;&gt;</a>&nbsp;&nbsp;&nbsp;USBHS_HostInit
<LI><a href="#[f5]">&gt;&gt;</a>&nbsp;&nbsp;&nbsp;USBHS_HostEnum
<LI><a href="#[f2]">&gt;&gt;</a>&nbsp;&nbsp;&nbsp;USBHS_HUB_Process
<LI><a href="#[be]">&gt;&gt;</a>&nbsp;&nbsp;&nbsp;USBFS_RCC_Init
<LI><a href="#[d6]">&gt;&gt;</a>&nbsp;&nbsp;&nbsp;USBFS_Endp_DataUp
<LI><a href="#[d4]">&gt;&gt;</a>&nbsp;&nbsp;&nbsp;USBFS_Device_Init
<LI><a href="#[ca]">&gt;&gt;</a>&nbsp;&nbsp;&nbsp;USART_Printf_Init
<LI><a href="#[d0]">&gt;&gt;</a>&nbsp;&nbsp;&nbsp;USART_ITConfig
<LI><a href="#[cb]">&gt;&gt;</a>&nbsp;&nbsp;&nbsp;RCC_APB2PeriphClockCmd
<LI><a href="#[af]">&gt;&gt;</a>&nbsp;&nbsp;&nbsp;Hublink_InitHubLink
<LI><a href="#[cd]">&gt;&gt;</a>&nbsp;&nbsp;&nbsp;GPIO_Init
<LI><a href="#[d9]">&gt;&gt;</a>&nbsp;&nbsp;&nbsp;Delay_Ms
<LI><a href="#[a9]">&gt;&gt;</a>&nbsp;&nbsp;&nbsp;Delay_Init
<LI><a href="#[fd]">&gt;&gt;</a>&nbsp;&nbsp;&nbsp;parse_hex_report
<LI><a href="#[b0]">&gt;&gt;</a>&nbsp;&nbsp;&nbsp;__aeabi_memclr
<LI><a href="#[b3]">&gt;&gt;</a>&nbsp;&nbsp;&nbsp;__aeabi_memcpy
<LI><a href="#[8d]">&gt;&gt;</a>&nbsp;&nbsp;&nbsp;__2printf
<LI><a href="#[8c]">&gt;&gt;</a>&nbsp;&nbsp;&nbsp;free
</UL>
<BR>[Called By]<UL><LI><a href="#[81]">&gt;&gt;</a>&nbsp;&nbsp;&nbsp;__rt_entry_main
</UL>

<P><STRONG><a name="[fd]"></a>parse_hex_report</STRONG> (Thumb, 110 bytes, Stack size 32 bytes, main.o(i.parse_hex_report))
<BR><BR>[Stack]<UL><LI>Max Depth = 40<LI>Call Chain = parse_hex_report &rArr; hex_to_byte
</UL>
<BR>[Calls]<UL><LI><a href="#[fe]">&gt;&gt;</a>&nbsp;&nbsp;&nbsp;hex_to_byte
<LI><a href="#[88]">&gt;&gt;</a>&nbsp;&nbsp;&nbsp;__rt_ctype_table
</UL>
<BR>[Called By]<UL><LI><a href="#[82]">&gt;&gt;</a>&nbsp;&nbsp;&nbsp;main
</UL>

<P><STRONG><a name="[6a]"></a>_get_lc_ctype</STRONG> (Thumb, 44 bytes, Stack size 8 bytes, lc_ctype_c.o(locale$$code))
<BR><BR>[Stack]<UL><LI>Max Depth = 8<LI>Call Chain = _get_lc_ctype
</UL>
<BR>[Calls]<UL><LI><a href="#[ff]">&gt;&gt;</a>&nbsp;&nbsp;&nbsp;strcmp
</UL>
<BR>[Called By]<UL><LI><a href="#[7c]">&gt;&gt;</a>&nbsp;&nbsp;&nbsp;__rt_lib_init_lc_ctype_2
</UL>
<BR>[Address Reference Count : 1]<UL><LI> rt_ctype_table.o(.text)
</UL><P>
<H3>
Local Symbols
</H3>
<P><STRONG><a name="[c2]"></a>SetSysClock</STRONG> (Thumb, 8 bytes, Stack size 8 bytes, system_ch32f20x.o(i.SetSysClock))
<BR><BR>[Stack]<UL><LI>Max Depth = 20<LI>Call Chain = SetSysClock &rArr; SetSysClockTo48_HSE
</UL>
<BR>[Calls]<UL><LI><a href="#[c3]">&gt;&gt;</a>&nbsp;&nbsp;&nbsp;SetSysClockTo48_HSE
</UL>
<BR>[Called By]<UL><LI><a href="#[68]">&gt;&gt;</a>&nbsp;&nbsp;&nbsp;SystemInit
</UL>

<P><STRONG><a name="[c3]"></a>SetSysClockTo48_HSE</STRONG> (Thumb, 182 bytes, Stack size 12 bytes, system_ch32f20x.o(i.SetSysClockTo48_HSE))
<BR><BR>[Stack]<UL><LI>Max Depth = 12<LI>Call Chain = SetSysClockTo48_HSE
</UL>
<BR>[Called By]<UL><LI><a href="#[c2]">&gt;&gt;</a>&nbsp;&nbsp;&nbsp;SetSysClock
</UL>

<P><STRONG><a name="[6c]"></a>_printf_input_char</STRONG> (Thumb, 10 bytes, Stack size 0 bytes, _printf_char_common.o(.text))
<BR>[Address Reference Count : 1]<UL><LI> _printf_char_common.o(.text)
</UL><P>
<H3>
Undefined Global Symbols
</H3><HR></body></html>
