<html>
<body>
<pre>
<h1>µVision Build Log</h1>
<h2>Tool Versions:</h2>
IDE-Version: µVision V5.41.0.0
Copyright (C) 2024 ARM Ltd and ARM Germany GmbH. All rights reserved.
License Information: iwt iwt, iwt, LIC=CZLZX-H5PDN-TG77T-RVDQB-B4KUV-92S1N
 
Tool Versions:
Toolchain:       MDK-ARM Plus  Version: 5.41.0.0
Toolchain Path:  C:\Users\DennisWong\AppData\Local\Keil_v5\ARM\ARMCC\Bin
C Compiler:      Armcc.exe V5.06 update 7 (build 960)
Assembler:       Armasm.exe V5.06 update 7 (build 960)
Linker/Locator:  ArmLink.exe V5.06 update 7 (build 960)
Library Manager: ArmAr.exe V5.06 update 7 (build 960)
Hex Converter:   FromElf.exe V5.06 update 7 (build 960)
CPU DLL:         SARMCM3.DLL V5.41.0.0
Dialog DLL:      DCM.DLL V1.17.5.0
Target DLL:      CMSIS_AGDI.dll V1.33.21.0
Dialog DLL:      TCM.DLL V1.56.4.0
 
<h2>Project:</h2>
C:\Users\DennisWong\Documents\USB_Remote_Controller_Project\usb_emulator\Microcontroller\USB-Module\USB\USBHS\HOST_KM\CH32F20x.uvprojx
Project File Date:  02/02/2026

<h2>Output:</h2>
*** Using Compiler 'V5.06 update 7 (build 960)', folder: 'C:\Users\DennisWong\AppData\Local\Keil_v5\ARM\ARMCC\Bin'
Rebuild target 'CH32F20x'
assembling startup_ch32f20x_D8C.s...
compiling ch32f20x_it.c...
compiling system_ch32f20x.c...
compiling debug.c...
compiling core_cm3.c...
compiling main.c...
User\main.c(122): warning:  #177-D: variable "s"  was declared but never referenced
  	  UINT8 ret,s,temp,fstog = 0,hstog = 0;
User\main.c(122): warning:  #177-D: variable "temp"  was declared but never referenced
  	  UINT8 ret,s,temp,fstog = 0,hstog = 0;
User\main.c(122): warning:  #177-D: variable "fstog"  was declared but never referenced
  	  UINT8 ret,s,temp,fstog = 0,hstog = 0;
User\main.c(122): warning:  #177-D: variable "hstog"  was declared but never referenced
  	  UINT8 ret,s,temp,fstog = 0,hstog = 0;
User\main.c(124): warning:  #177-D: variable "len"  was declared but never referenced
      UINT16 len;
User\main.c(142): warning:  #177-D: variable "usb_root_status"  was declared but never referenced
  		uint8_t usb_root_status 		= 0;
User\main.c(143): warning:  #177-D: variable "device_init_status"  was declared but never referenced
  		uint8_t device_init_status 	= 0;
User\main.c: 7 warnings, 0 errors
compiling ch32f20x_adc.c...
compiling ch32f20x_bkp.c...
compiling ch32f20x_can.c...
compiling ch32f20x_crc.c...
compiling ch32f20x_dac.c...
compiling ch32f20x_dbgmcu.c...
compiling ch32f20x_dma.c...
compiling ch32f20x_dvp.c...
compiling ch32f20x_exti.c...
compiling ch32f20x_fsmc.c...
compiling ch32f20x_flash.c...
compiling ch32f20x_gpio.c...
compiling ch32f20x_iwdg.c...
compiling ch32f20x_i2c.c...
compiling ch32f20x_opa.c...
compiling ch32f20x_misc.c...
compiling ch32f20x_pwr.c...
compiling ch32f20x_rng.c...
compiling ch32f20x_rcc.c...
compiling ch32f20x_rtc.c...
compiling ch32f20x_sdio.c...
compiling ch32f20x_spi.c...
compiling ch32f20x_tim.c...
compiling ch32f20x_usart.c...
compiling ch32f20x_wwdg.c...
compiling usb_hub.c...
compiling usbd_desc.c...
compiling usbdevice.c...
compiling ch32f20x_usbfs_device.c...
compiling ch32f20x_usbhs_host.c...
User\USB_Host\ch32f20x_usbhs_host.c(74): warning:  #61-D: integer operation result is out of range
      RCC->CFGR2 |= USBHS_CLK_SRC_PHY|USBHS_PLLALIVE;
User\USB_Host\ch32f20x_usbhs_host.c(730): warning:  #940-D: missing return statement at end of non-void function "USBHS_HubCtrlTransfer" 
  }
User\USB_Host\ch32f20x_usbhs_host.c(1643): warning:  #940-D: missing return statement at end of non-void function "USBHS_ISO_Rec_Data" 
  }
User\USB_Host\ch32f20x_usbhs_host.c: 3 warnings, 0 errors
compiling ch32f20x_usbfs_host.c...
compiling usbd_compostie_km.c...
linking...
Program Size: Code=21164 RO-data=1320 RW-data=168 ZI-data=17992  
FromELF: creating hex file...
".\obj\CH32F20x.axf" - 0 Error(s), 10 Warning(s).

<h2>Software Packages used:</h2>

Package Vendor: Keil
                http://www.wch.cn/Keil.WCH32F2xx_DFP.1.0.3.pack
                Keil::WCH32F2xx_DFP@1.0.3
                WCH CH32F2 Series Device Support, Drivers and Examples

<h2>Collection of Component include folders:</h2>
  C:/Users/DennisWong/AppData/Local/Arm/Packs/Keil/WCH32F2xx_DFP/1.0.3/Device/Include

<h2>Collection of Component Files used:</h2>
Build Time Elapsed:  00:00:02
</pre>
</body>
</html>
