<html>
<body>
<pre>
<h1>µVision Build Log</h1>
<h2>Tool Versions:</h2>
IDE-Version: µVision V5.41.0.0
Copyright (C) 2024 ARM Ltd and ARM Germany GmbH. All rights reserved.
License Information: iwt iwt, iwt, LIC=CZLZX-H5PDN-TG77T-RVDQB-B4KUV-92S1N
 
Tool Versions:
Toolchain:       MDK-ARM Plus  Version: 5.41.0.0
Toolchain Path:  C:\Users\DennisWong\AppData\Local\Keil_v5\ARM\ARMCC\Bin
C Compiler:      Armcc.exe V5.06 update 7 (build 960)
Assembler:       Armasm.exe V5.06 update 7 (build 960)
Linker/Locator:  ArmLink.exe V5.06 update 7 (build 960)
Library Manager: ArmAr.exe V5.06 update 7 (build 960)
Hex Converter:   FromElf.exe V5.06 update 7 (build 960)
CPU DLL:         SARMCM3.DLL V5.41.0.0
Dialog DLL:      DCM.DLL V1.17.5.0
Target DLL:      CMSIS_AGDI.dll V1.33.21.0
Dialog DLL:      TCM.DLL V1.56.4.0
 
<h2>Project:</h2>
C:\Users\DennisWong\Documents\USB_Remote_Controller_Project\Microcontroller\USB-Module\USB\USBHS\HOST_KM\CH32F20x.uvprojx
Project File Date:  02/02/2026

<h2>Output:</h2>
*** Using Compiler 'V5.06 update 7 (build 960)', folder: 'C:\Users\DennisWong\AppData\Local\Keil_v5\ARM\ARMCC\Bin'
Build target 'CH32F20x'
compiling main.c...
User\main.c(114): warning:  #177-D: variable "cmd"  was declared but never referenced
      uint8_t cmd   = frame[1];
User\main.c(148): warning:  #177-D: variable "s"  was declared but never referenced
  	  UINT8 ret,s,temp,fstog = 0,hstog = 0;
User\main.c(148): warning:  #177-D: variable "temp"  was declared but never referenced
  	  UINT8 ret,s,temp,fstog = 0,hstog = 0;
User\main.c(148): warning:  #177-D: variable "fstog"  was declared but never referenced
  	  UINT8 ret,s,temp,fstog = 0,hstog = 0;
User\main.c(148): warning:  #177-D: variable "hstog"  was declared but never referenced
  	  UINT8 ret,s,temp,fstog = 0,hstog = 0;
User\main.c(150): warning:  #177-D: variable "len"  was declared but never referenced
      UINT16 len;
User\main.c(168): warning:  #177-D: variable "usb_root_status"  was declared but never referenced
  		uint8_t usb_root_status 		= 0;
User\main.c(169): warning:  #177-D: variable "device_init_status"  was declared but never referenced
  		uint8_t device_init_status 	= 0;
User\main.c: 8 warnings, 0 errors
linking...
Program Size: Code=20848 RO-data=1240 RW-data=160 ZI-data=17928  
FromELF: creating hex file...
".\obj\CH32F20x.axf" - 0 Error(s), 8 Warning(s).

<h2>Software Packages used:</h2>

Package Vendor: Keil
                http://www.wch.cn/Keil.WCH32F2xx_DFP.1.0.3.pack
                Keil::WCH32F2xx_DFP@1.0.3
                WCH CH32F2 Series Device Support, Drivers and Examples

<h2>Collection of Component include folders:</h2>
  C:/Users/DennisWong/AppData/Local/Arm/Packs/Keil/WCH32F2xx_DFP/1.0.3/Device/Include

<h2>Collection of Component Files used:</h2>
Build Time Elapsed:  00:00:01
</pre>
</body>
</html>
